Component: ARM Compiler 5.06 update 7 (build 960) Tool: armlink [4d3601]

==============================================================================

Section Cross References

    main.o(i.HAL_TIM_PeriodElapsedCallback) refers to tim_control.o(i.MY_PeriodElapsedCallback) for MY_PeriodElapsedCallback
    main.o(i.HAL_TIM_PeriodElapsedCallback) refers to stm32f7xx_hal.o(i.HAL_IncTick) for HAL_IncTick
    main.o(i.SystemClock_Config) refers to rt_memclr_w.o(.text) for __aeabi_memclr4
    main.o(i.SystemClock_Config) refers to stm32f7xx_hal_rcc.o(i.HAL_RCC_OscConfig) for HAL_RCC_OscConfig
    main.o(i.SystemClock_Config) refers to stm32f7xx_hal_pwr_ex.o(i.HAL_PWREx_EnableOverDrive) for HAL_PWREx_EnableOverDrive
    main.o(i.SystemClock_Config) refers to stm32f7xx_hal_rcc.o(i.HAL_RCC_ClockConfig) for HAL_RCC_ClockConfig
    main.o(i.SystemClock_Config) refers to stm32f7xx_hal_rcc_ex.o(i.HAL_RCCEx_PeriphCLKConfig) for HAL_RCCEx_PeriphCLKConfig
    main.o(i.USER_Init) refers to track_bar_receive.o(i.track_bar_init) for track_bar_init
    main.o(i.USER_Init) refers to time_cnt.o(i.Get_Time_Init) for Get_Time_Init
    main.o(i.USER_Init) refers to atk_imu.o(i.ATK_IMU_Init) for ATK_IMU_Init
    main.o(i.USER_Init) refers to delay.o(i.delay_init) for delay_init
    main.o(i.USER_Init) refers to motor.o(i.Motor_PID_Init) for Motor_PID_Init
    main.o(i.USER_Init) refers to chassis.o(i.set_chassis_status) for set_chassis_status
    main.o(i.USER_Init) refers to motor.o(i.motor_init) for motor_init
    main.o(i.USER_Init) refers to uart_handle.o(i.printf_init) for printf_init
    main.o(i.USER_Init) refers to track_bar_receive.o(i.track_status) for track_status
    main.o(i.USER_Init) refers to usart.o(.bss) for huart1
    main.o(i.USER_Init) refers to tim.o(.bss) for htim6
    main.o(i.USER_Init) refers to usmart_config.o(.data) for usmart_dev
    main.o(i.main) refers to stm32f7xx_hal.o(i.HAL_Init) for HAL_Init
    main.o(i.main) refers to main.o(i.SystemClock_Config) for SystemClock_Config
    main.o(i.main) refers to gpio.o(i.MX_GPIO_Init) for MX_GPIO_Init
    main.o(i.main) refers to tim.o(i.MX_TIM1_Init) for MX_TIM1_Init
    main.o(i.main) refers to tim.o(i.MX_TIM2_Init) for MX_TIM2_Init
    main.o(i.main) refers to tim.o(i.MX_TIM3_Init) for MX_TIM3_Init
    main.o(i.main) refers to tim.o(i.MX_TIM5_Init) for MX_TIM5_Init
    main.o(i.main) refers to usart.o(i.MX_USART1_UART_Init) for MX_USART1_UART_Init
    main.o(i.main) refers to usart.o(i.MX_USART2_UART_Init) for MX_USART2_UART_Init
    main.o(i.main) refers to tim.o(i.MX_TIM6_Init) for MX_TIM6_Init
    main.o(i.main) refers to usart.o(i.MX_UART4_Init) for MX_UART4_Init
    main.o(i.main) refers to usart.o(i.MX_UART5_Init) for MX_UART5_Init
    main.o(i.main) refers to usart.o(i.MX_UART7_Init) for MX_UART7_Init
    main.o(i.main) refers to usart.o(i.MX_UART8_Init) for MX_UART8_Init
    main.o(i.main) refers to usart.o(i.MX_USART3_UART_Init) for MX_USART3_UART_Init
    main.o(i.main) refers to usart.o(i.MX_USART6_UART_Init) for MX_USART6_UART_Init
    main.o(i.main) refers to main.o(i.USER_Init) for USER_Init
    main.o(i.main) refers to freertos.o(i.MX_FREERTOS_Init) for MX_FREERTOS_Init
    main.o(i.main) refers to cmsis_os.o(i.osKernelStart) for osKernelStart
    gpio.o(i.MX_GPIO_Init) refers to rt_memclr_w.o(.text) for __aeabi_memclr4
    gpio.o(i.MX_GPIO_Init) refers to stm32f7xx_hal_gpio.o(i.HAL_GPIO_WritePin) for HAL_GPIO_WritePin
    gpio.o(i.MX_GPIO_Init) refers to stm32f7xx_hal_gpio.o(i.HAL_GPIO_Init) for HAL_GPIO_Init
    gpio.o(i.MX_GPIO_Init) refers to stm32f7xx_hal_cortex.o(i.HAL_NVIC_SetPriority) for HAL_NVIC_SetPriority
    gpio.o(i.MX_GPIO_Init) refers to stm32f7xx_hal_cortex.o(i.HAL_NVIC_EnableIRQ) for HAL_NVIC_EnableIRQ
    freertos.o(i.MX_FREERTOS_Init) refers to rt_memcpy_w.o(.text) for __aeabi_memcpy4
    freertos.o(i.MX_FREERTOS_Init) refers to cmsis_os.o(i.osThreadCreate) for osThreadCreate
    freertos.o(i.MX_FREERTOS_Init) refers to freertos.o(.constdata) for .constdata
    freertos.o(i.MX_FREERTOS_Init) refers to freertos.o(.data) for .data
    freertos.o(i.StartDefaultTask) refers to cmsis_os.o(i.osDelay) for osDelay
    freertos.o(i.Startdebug) refers to cmsis_os.o(i.osDelay) for osDelay
    freertos.o(i.chassis_task) refers to cmsis_os.o(i.osDelay) for osDelay
    freertos.o(i.track_scan) refers to cmsis_os.o(i.osDelay) for osDelay
    freertos.o(i.usmartscan) refers to cmsis_os.o(i.osDelay) for osDelay
    freertos.o(i.vApplicationGetIdleTaskMemory) refers to freertos.o(.bss) for .bss
    freertos.o(.constdata) refers to freertos.o(.conststring) for .conststring
    freertos.o(.constdata) refers to freertos.o(i.StartDefaultTask) for StartDefaultTask
    freertos.o(.constdata) refers to debug_task.o(i.Startdebug) for Startdebug
    freertos.o(.constdata) refers to chassis_task.o(i.chassis_task) for chassis_task
    freertos.o(.constdata) refers to track_task.o(i.track_scan) for track_scan
[...]
    UART5_IRQHandler                         0x08006c19   Thumb Code    16  stm32f7xx_it.o(i.UART5_IRQHandler)
    UART_AdvFeatureConfig                    0x08006c2d   Thumb Code   200  stm32f7xx_hal_uart.o(i.UART_AdvFeatureConfig)
    UART_CheckIdleState                      0x08006cf5   Thumb Code    64  stm32f7xx_hal_uart.o(i.UART_CheckIdleState)
    UART_SetConfig                           0x08006d79   Thumb Code   518  stm32f7xx_hal_uart.o(i.UART_SetConfig)
    UART_WaitOnFlagUntilTimeout              0x08006fad   Thumb Code   164  stm32f7xx_hal_uart.o(i.UART_WaitOnFlagUntilTimeout)
    USART1_IRQHandler                        0x08007051   Thumb Code    16  stm32f7xx_it.o(i.USART1_IRQHandler)
    USART2_IRQHandler                        0x08007065   Thumb Code    16  stm32f7xx_it.o(i.USART2_IRQHandler)
    USART3_IRQHandler                        0x08007079   Thumb Code    16  stm32f7xx_it.o(i.USART3_IRQHandler)
    USART6_IRQHandler                        0x0800708d   Thumb Code    16  stm32f7xx_it.o(i.USART6_IRQHandler)
    USER_Init                                0x080070a1   Thumb Code   116  main.o(i.USER_Init)
    UsageFault_Handler                       0x0800712d   Thumb Code     2  stm32f7xx_it.o(i.UsageFault_Handler)
    Wait_Switches                            0x08007131   Thumb Code   204  read_status_task.o(i.Wait_Switches)
    __ARM_fpclassify                         0x08007201   Thumb Code    48  fpclassify.o(i.__ARM_fpclassify)
    __hardfp_fabs                            0x08007253   Thumb Code    20  fabs.o(i.__hardfp_fabs)
    _is_digit                                0x08007267   Thumb Code    14  __printf_wp.o(i._is_digit)
    _sys_exit                                0x08007275   Thumb Code     2  uart_handle.o(i._sys_exit)
    angle_limit                              0x08007279   Thumb Code    66  atk_imu.o(i.angle_limit)
    atkpParsing                              0x080072c9   Thumb Code   502  atk_imu.o(i.atkpParsing)
    avoid_callback                           0x080074d5   Thumb Code   118  avoid_obs.o(i.avoid_callback)
    avoid_keep                               0x08007561   Thumb Code    40  avoid_obs_func.o(i.avoid_keep)
    avoid_task                               0x08007591   Thumb Code    62  avoid_obs_func.o(i.avoid_task)
    chassis_synthetic_control                0x080075d9   Thumb Code  1332  chassis.o(i.chassis_synthetic_control)
    chassis_task                             0x08007b41   Thumb Code    12  chassis_task.o(i.chassis_task)
    clear_motor_data                         0x08007b4d   Thumb Code   346  motor.o(i.clear_motor_data)
    cmd_encode                               0x08007cc5   Thumb Code    52  openmv.o(i.cmd_encode)
    delay_init                               0x08007cfd   Thumb Code    14  delay.o(i.delay_init)
    delay_us                                 0x08007d11   Thumb Code    80  delay.o(i.delay_us)
    direct_move                              0x08007d65   Thumb Code   126  chassis_control.o(i.direct_move)
    distance_convert                         0x08007df1   Thumb Code    38  avoid_obs.o(i.distance_convert)
    fputc                                    0x08007e29   Thumb Code    88  uart_handle.o(i.fputc)
    get_count_line_status                    0x08007e8d   Thumb Code     6  chassis_control.o(i.get_count_line_status)
    get_enocdermove_status                   0x08007e99   Thumb Code     6  chassis_control.o(i.get_enocdermove_status)
    get_motor_channelA_ptr                   0x08007ea5   Thumb Code    96  motor.o(i.get_motor_channelA_ptr)
    get_motor_channelB_ptr                   0x08007f09   Thumb Code    96  motor.o(i.get_motor_channelB_ptr)
    get_turn_status                          0x08007f6d   Thumb Code     6  imu_pid.o(i.get_turn_status)
    if_OsRunning                             0x08007f79   Thumb Code     6  debug_task.o(i.if_OsRunning)
    imu901_unpack                            0x08007f85   Thumb Code   138  atk_imu.o(i.imu901_unpack)
    imu_correct_val                          0x08008019   Thumb Code   136  imu_pid.o(i.imu_correct_val)
    main                                     0x080080bd   Thumb Code    78  main.o(i.main)
    motor_init                               0x08008119   Thumb Code   320  motor.o(i.motor_init)
    move_by_encoder                          0x08008275   Thumb Code    90  chassis_control.o(i.move_by_encoder)
    move_slantly                             0x080082e5   Thumb Code    94  chassis_control.o(i.move_slantly)
    osDelay                                  0x08008343   Thumb Code    14  cmsis_os.o(i.osDelay)
    osKernelStart                            0x08008351   Thumb Code    10  cmsis_os.o(i.osKernelStart)
    osThreadCreate                           0x0800835b   Thumb Code    84  cmsis_os.o(i.osThreadCreate)
    pid_clear                                0x080083b1   Thumb Code    26  pid.o(i.pid_clear)
    pid_control                              0x080083d1   Thumb Code   288  pid.o(i.pid_control)
    pos_pid_cal                              0x08008501   Thumb Code   170  pid.o(i.pos_pid_cal)
    printf_init                              0x080085ad   Thumb Code    18  uart_handle.o(i.printf_init)
    pvPortMalloc                             0x08008a3d   Thumb Code   222  heap_4.o(i.pvPortMalloc)
    pxPortInitialiseStack                    0x08008b21   Thumb Code    42  port.o(i.pxPortInitialiseStack)
    read_encoder                             0x08008b51   Thumb Code    30  motor.o(i.read_encoder)
    set_chassis_status                       0x08008b75   Thumb Code     6  chassis.o(i.set_chassis_status)
    set_imu_param                            0x08008b81   Thumb Code    84  imu_pid.o(i.set_imu_param)
    set_imu_status                           0x08008be9   Thumb Code    10  imu_pid.o(i.set_imu_status)
    set_motor                                0x08008bf9   Thumb Code    86  motor.o(i.set_motor)
    set_speed                                0x08008c55   Thumb Code    44  chassis.o(i.set_speed)
    track_bar_init                           0x08008c85   Thumb Code    82  track_bar_receive.o(i.track_bar_init)
    track_decode                             0x08008ce9   Thumb Code   536  track_bar_receive.o(i.track_decode)
    track_pid_cal                            0x08008f19   Thumb Code    22  track_bar_receive.o(i.track_pid_cal)
    track_scan                               0x08008f39   Thumb Code    20  track_task.o(i.track_scan)
    track_status                             0x08008f51   Thumb Code    56  track_bar_receive.o(i.track_status)
    turn_angle                               0x08008f8d   Thumb Code   138  imu_pid.o(i.turn_angle)
    usmart_cmd_rec                           0x08009045   Thumb Code   142  usmart.o(i.usmart_cmd_rec)
    usmart_exe                               0x080090d9   Thumb Code   506  usmart.o(i.usmart_exe)
    usmart_get_aparm                         0x08009335   Thumb Code   166  usmart_str.o(i.usmart_get_aparm)
    usmart_get_cmdname                       0x080093db   Thumb Code    46  usmart_str.o(i.usmart_get_cmdname)
    usmart_get_fname                         0x08009409   Thumb Code   362  usmart_str.o(i.usmart_get_fname)
    usmart_get_fparam                        0x0800957d   Thumb Code   222  usmart_str.o(i.usmart_get_fparam)
    usmart_get_parmpos                       0x08009661   Thumb Code    30  usmart_str.o(i.usmart_get_parmpos)
    usmart_init                              0x08009685   Thumb Code     8  usmart.o(i.usmart_init)
    usmart_pow                               0x08009691   Thumb Code    16  usmart_str.o(i.usmart_pow)
    usmart_scan                              0x080096a1   Thumb Code    94  usmart.o(i.usmart_scan)
    usmart_search_nextc                      0x08009745   Thumb Code    16  usmart_str.o(i.usmart_search_nextc)
    usmart_str2num                           0x08009755   Thumb Code   216  usmart_str.o(i.usmart_str2num)
    usmart_strcmp                            0x0800982d   Thumb Code    24  usmart_str.o(i.usmart_strcmp)
    usmart_strcopy                           0x08009845   Thumb Code    18  usmart_str.o(i.usmart_strcopy)
    usmart_strlen                            0x08009857   Thumb Code    18  usmart_str.o(i.usmart_strlen)
    usmart_sys_cmd_exe                       0x08009869   Thumb Code   424  usmart.o(i.usmart_sys_cmd_exe)
    usmartscan                               0x08009b09   Thumb Code    14  usmart_task.o(i.usmartscan)
    uxListRemove                             0x08009b1d   Thumb Code    38  list.o(i.uxListRemove)
    vApplicationGetIdleTaskMemory            0x08009b45   Thumb Code    18  freertos.o(i.vApplicationGetIdleTaskMemory)
    vListInitialise                          0x08009b5d   Thumb Code    22  list.o(i.vListInitialise)
    vListInitialiseItem                      0x08009b73   Thumb Code     6  list.o(i.vListInitialiseItem)
    vListInsert                              0x08009b79   Thumb Code    48  list.o(i.vListInsert)
    vListInsertEnd                           0x08009ba9   Thumb Code    24  list.o(i.vListInsertEnd)
    vPortEnterCritical                       0x08009bc1   Thumb Code    62  port.o(i.vPortEnterCritical)
    vPortExitCritical                        0x08009c09   Thumb Code    38  port.o(i.vPortExitCritical)
    vPortFree                                0x08009c35   Thumb Code    96  heap_4.o(i.vPortFree)
    vPortSetupTimerInterrupt                 0x08009c99   Thumb Code    32  port.o(i.vPortSetupTimerInterrupt)
    vPortValidateInterruptPriority           0x08009cbd   Thumb Code    82  port.o(i.vPortValidateInterruptPriority)
    vTaskDelay                               0x08009d19   Thumb Code    70  tasks.o(i.vTaskDelay)
    vTaskDelete                              0x08009d69   Thumb Code   162  tasks.o(i.vTaskDelete)
    vTaskInternalSetTimeOutState             0x08009e19   Thumb Code    12  tasks.o(i.vTaskInternalSetTimeOutState)
    vTaskMissedYield                         0x08009e29   Thumb Code     8  tasks.o(i.vTaskMissedYield)
    vTaskPlaceOnEventList                    0x08009e35   Thumb Code    48  tasks.o(i.vTaskPlaceOnEventList)
    vTaskStartScheduler                      0x08009e69   Thumb Code    94  tasks.o(i.vTaskStartScheduler)
    vTaskSuspendAll                          0x08009ed9   Thumb Code    10  tasks.o(i.vTaskSuspendAll)
    vTaskSwitchContext                       0x08009ee9   Thumb Code    86  tasks.o(i.vTaskSwitchContext)
    w_speed_set                              0x08009f49   Thumb Code    18  chassis.o(i.w_speed_set)
    xPortStartScheduler                      0x08009f61   Thumb Code   176  port.o(i.xPortStartScheduler)
    xQueueGenericCreate                      0x0800a021   Thumb Code    76  queue.o(i.xQueueGenericCreate)
    xQueueGenericReset                       0x0800a06d   Thumb Code   148  queue.o(i.xQueueGenericReset)
    xQueueGenericSend                        0x0800a105   Thumb Code   362  queue.o(i.xQueueGenericSend)
    xQueueGenericSendFromISR                 0x0800a275   Thumb Code   204  queue.o(i.xQueueGenericSendFromISR)
    xQueueReceiveFromISR                     0x0800a341   Thumb Code   168  queue.o(i.xQueueReceiveFromISR)
    xTaskCheckForTimeOut                     0x0800a3e9   Thumb Code   124  tasks.o(i.xTaskCheckForTimeOut)
    xTaskCreate                              0x0800a469   Thumb Code    90  tasks.o(i.xTaskCreate)
    xTaskCreateStatic                        0x0800a4c3   Thumb Code    94  tasks.o(i.xTaskCreateStatic)
    xTaskGetSchedulerState                   0x0800a521   Thumb Code    22  tasks.o(i.xTaskGetSchedulerState)
    xTaskIncrementTick                       0x0800a53d   Thumb Code   196  tasks.o(i.xTaskIncrementTick)
    xTaskPriorityDisinherit                  0x0800a609   Thumb Code   158  tasks.o(i.xTaskPriorityDisinherit)
    xTaskRemoveFromEventList                 0x0800a6b1   Thumb Code   112  tasks.o(i.xTaskRemoveFromEventList)
    xTaskResumeAll                           0x0800a729   Thumb Code   188  tasks.o(i.xTaskResumeAll)
    _get_lc_numeric                          0x0800a7f1   Thumb Code    44  lc_numeric_c.o(locale$$code)
    __aeabi_dneg                             0x0800a81d   Thumb Code     0  basic.o(x$fpl$basic)
    _dneg                                    0x0800a81d   Thumb Code     6  basic.o(x$fpl$basic)
    __aeabi_fneg                             0x0800a823   Thumb Code     0  basic.o(x$fpl$basic)
    _fneg                                    0x0800a823   Thumb Code     6  basic.o(x$fpl$basic)
    _dabs                                    0x0800a829   Thumb Code     6  basic.o(x$fpl$basic)
    _fabs                                    0x0800a82f   Thumb Code     6  basic.o(x$fpl$basic)
    __aeabi_d2f                              0x0800a835   Thumb Code     0  d2f.o(x$fpl$d2f)
    _d2f                                     0x0800a835   Thumb Code    98  d2f.o(x$fpl$d2f)
    __aeabi_dadd                             0x0800a899   Thumb Code     0  daddsub_clz.o(x$fpl$dadd)
    _dadd                                    0x0800a899   Thumb Code   332  daddsub_clz.o(x$fpl$dadd)
    __fpl_dcmp_Inf                           0x0800a9e9   Thumb Code    24  dcmpi.o(x$fpl$dcmpinf)
    __aeabi_ddiv                             0x0800aa01   Thumb Code     0  ddiv.o(x$fpl$ddiv)
    _ddiv                                    0x0800aa01   Thumb Code   552  ddiv.o(x$fpl$ddiv)
    __aeabi_d2iz                             0x0800acb1   Thumb Code     0  dfix.o(x$fpl$dfix)
    _dfix                                    0x0800acb1   Thumb Code    94  dfix.o(x$fpl$dfix)
    __aeabi_d2uiz                            0x0800ad11   Thumb Code     0  dfixu.o(x$fpl$dfixu)
    _dfixu                                   0x0800ad11   Thumb Code    90  dfixu.o(x$fpl$dfixu)
    __aeabi_i2d                              0x0800ad6b   Thumb Code     0  dflt_clz.o(x$fpl$dflt)
    _dflt                                    0x0800ad6b   Thumb Code    46  dflt_clz.o(x$fpl$dflt)
    __aeabi_ui2d                             0x0800ad99   Thumb Code     0  dflt_clz.o(x$fpl$dfltu)
    _dfltu                                   0x0800ad99   Thumb Code    38  dflt_clz.o(x$fpl$dfltu)
    __aeabi_cdcmple                          0x0800adc1   Thumb Code     0  dleqf.o(x$fpl$dleqf)
    _dcmple                                  0x0800adc1   Thumb Code   120  dleqf.o(x$fpl$dleqf)
    __fpl_dcmple_InfNaN                      0x0800ae23   Thumb Code     0  dleqf.o(x$fpl$dleqf)
    __aeabi_dmul                             0x0800ae39   Thumb Code     0  dmul.o(x$fpl$dmul)
    _dmul                                    0x0800ae39   Thumb Code   332  dmul.o(x$fpl$dmul)
    __fpl_dnaninf                            0x0800af8d   Thumb Code   156  dnaninf.o(x$fpl$dnaninf)
    __fpl_dretinf                            0x0800b029   Thumb Code    12  dretinf.o(x$fpl$dretinf)
    __aeabi_cdrcmple                         0x0800b035   Thumb Code     0  drleqf.o(x$fpl$drleqf)
    _drcmple                                 0x0800b035   Thumb Code   108  drleqf.o(x$fpl$drleqf)
    __aeabi_drsub                            0x0800b0a1   Thumb Code     0  daddsub_clz.o(x$fpl$drsb)
    _drsb                                    0x0800b0a1   Thumb Code    22  daddsub_clz.o(x$fpl$drsb)
    __aeabi_dsub                             0x0800b0b9   Thumb Code     0  daddsub_clz.o(x$fpl$dsub)
    _dsub                                    0x0800b0b9   Thumb Code   464  daddsub_clz.o(x$fpl$dsub)
    __aeabi_f2d                              0x0800b28d   Thumb Code     0  f2d.o(x$fpl$f2d)
    _f2d                                     0x0800b28d   Thumb Code    86  f2d.o(x$fpl$f2d)
    __fpl_fnaninf                            0x0800b2e3   Thumb Code   140  fnaninf.o(x$fpl$fnaninf)
    _fp_init                                 0x0800b36f   Thumb Code    10  fpinit.o(x$fpl$fpinit)
    __fplib_config_fpu_vfp                   0x0800b377   Thumb Code     0  fpinit.o(x$fpl$fpinit)
    __fplib_config_pureend_doubles           0x0800b377   Thumb Code     0  fpinit.o(x$fpl$fpinit)
    __fpl_fretinf                            0x0800b379   Thumb Code    10  fretinf.o(x$fpl$fretinf)
    _printf_fp_dec                           0x0800b383   Thumb Code     4  printf1.o(x$fpl$printf1)
    __I$use$fp                               0x0800b386   Number         0  usenofp.o(x$fpl$usenofp)
    accFsrTable                              0x0800b414   Data           4  atk_imu.o(.constdata)
    gyroFsrTable                             0x0800b418   Data           8  atk_imu.o(.constdata)
    AHBPrescTable                            0x0800b4ac   Data          16  system_stm32f7xx.o(.constdata)
    APBPrescTable                            0x0800b4bc   Data           8  system_stm32f7xx.o(.constdata)
    Region$$Table$$Base                      0x0800ba14   Number         0  anon$$obj.o(Region$$Table)
    Region$$Table$$Limit                     0x0800ba34   Number         0  anon$$obj.o(Region$$Table)
    defaultTaskHandle                        0x20000000   Data           4  freertos.o(.data)
    debugtaskHandle                          0x20000004   Data           4  freertos.o(.data)
    chassisHandle                            0x20000008   Data           4  freertos.o(.data)
    track_taskHandle                         0x2000000c   Data           4  freertos.o(.data)
    usmart_taskHandle                        0x20000010   Data           4  freertos.o(.data)
    imu901Param                              0x20000018   Data           4  atk_imu.o(.data)
    iostatus                                 0x2000001c   Data           8  atk_imu.o(.data)
    imu                                      0x20000024   Data          24  atk_imu.o(.data)
    mv_rec                                   0x20000044   Data           8  openmv.o(.data)
    MV                                       0x2000004c   Data          36  openmv.o(.data)
    Target_Color                             0x20000070   Data           1  qr_code.o(.data)
    head_cmd                                 0x20000072   Data           4  qr_code.o(.data)
    tail_cmd                                 0x20000076   Data           4  qr_code.o(.data)
    Ennable_QR                               0x2000007c   Data           4  qr_code.o(.data)
    QR                                       0x20000080   Data          28  qr_code.o(.data)
    mv_rec_flag                              0x2000009c   Data           1  servo.o(.data)
    servo_controler                          0x200000a0   Data         128  servo.o(.data)
    time_count                               0x20000120   Data           2  chassis.o(.data)
    i                                        0x20000134   Data           4  chassis.o(.data)
    x_error                                  0x20000138   Data           8  chassis.o(.data)
    y_error                                  0x20000140   Data           8  chassis.o(.data)
    w_error                                  0x20000148   Data           8  chassis.o(.data)
    speed_factor                             0x20000150   Data           8  chassis.o(.data)
    min_val                                  0x20000160   Data           8  chassis.o(.data)
    Radius_                                  0x20000168   Data          20  chassis.o(.data)
    debug_motor_id                           0x2000017c   Data           4  motor.o(.data)
    switch_status                            0x20000180   Data           4  motor.o(.data)
    debug_speed                              0x20000184   Data           4  motor.o(.data)
    param_                                   0x20000188   Data          20  motor.o(.data)
    TIME_ISR_CNT                             0x200001a0   Data           4  time_cnt.o(.data)
    Time_Sys                                 0x200001a4   Data           8  time_cnt.o(.data)
    USART_RX_STA                             0x200001ac   Data           2  uart_handle.o(.data)
    tx_queue                                 0x200001b0   Data           4  uart_handle.o(.data)
    __stdout                                 0x200001b4   Data           4  uart_handle.o(.data)
    dma_trans_pos                            0x200001b8   Data           1  track_bar_receive.o(.data)
    times_counts                             0x200001bc   Data           4  track_bar_receive.o(.data)
    dma_count                                0x200001c0   Data           4  track_bar_receive.o(.data)
    track_weight                             0x200001c4   Data          32  track_bar_receive.o(.data)
    track_pid_param                          0x200001e4   Data          20  track_bar_receive.o(.data)
    imu_para                                 0x20000204   Data          20  imu_pid.o(.data)
    raw_data                                 0x2000021a   Data           2  avoid_obs.o(.data)
    distance                                 0x2000021c   Data           2  avoid_obs.o(.data)
    count_                                   0x20000220   Data           4  tim_control.o(.data)
    encoder_sum                              0x20000228   Data           8  tim_control.o(.data)
    temp_sum                                 0x20000230   Data           8  tim_control.o(.data)
    Line_Handle                              0x20000244   Data           4  chassis_control.o(.data)
    Encoder_Handle                           0x20000248   Data           4  chassis_control.o(.data)
    time                                     0x2000025c   Data           4  chassis_control.o(.data)
    bias                                     0x20000270   Data           8  chassis_control.o(.data)
    variation                                0x20000278   Data           8  chassis_control.o(.data)
    Os_RunningFlag                           0x20000280   Data           4  debug_task.o(.data)
    avoid_task_exit                          0x20000284   Data           4  avoid_obs_func.o(.data)
    avoid_taskHandle                         0x20000288   Data           4  avoid_obs_func.o(.data)
    Current_Height                           0x2000028c   Data           1  read_status_task.o(.data)
    QR_Brick                                 0x2000028d   Data           1  read_status_task.o(.data)
    read_task_exit                           0x20000290   Data           4  read_status_task.o(.data)
    Height_task_exit                         0x20000294   Data           4  read_status_task.o(.data)
    MIN_                                     0x20000298   Data           4  read_status_task.o(.data)
    VERTICAL                                 0x2000029c   Data           4  read_status_task.o(.data)
    Read_Swicth_tasHandle                    0x200002a4   Data           4  read_status_task.o(.data)
    Height_UpadteTask                        0x200002a8   Data           4  read_status_task.o(.data)
    usmart_nametab                           0x200002ac   Data         168  usmart_config.o(.data)
    usmart_dev                               0x20000354   Data         244  usmart_config.o(.data)
    sys_cmd_tab                              0x20000448   Data          28  usmart.o(.data)
    SystemCoreClock                          0x20000464   Data           4  system_stm32f7xx.o(.data)
    pxCurrentTCB                             0x20000468   Data           4  tasks.o(.data)
    uwTickFreq                               0x200004c8   Data           1  stm32f7xx_hal.o(.data)
    uwTickPrio                               0x200004cc   Data           4  stm32f7xx_hal.o(.data)
    uwTick                                   0x200004d0   Data           4  stm32f7xx_hal.o(.data)
    htim1                                    0x20000728   Data          76  tim.o(.bss)
    htim2                                    0x20000774   Data          76  tim.o(.bss)
    htim3                                    0x200007c0   Data          76  tim.o(.bss)
    htim5                                    0x2000080c   Data          76  tim.o(.bss)
    htim6                                    0x20000858   Data          76  tim.o(.bss)
    huart4                                   0x200008a4   Data         132  usart.o(.bss)
    huart5                                   0x20000928   Data         132  usart.o(.bss)
    huart7                                   0x200009ac   Data         132  usart.o(.bss)
    huart8                                   0x20000a30   Data         132  usart.o(.bss)
    huart1                                   0x20000ab4   Data         132  usart.o(.bss)
    huart2                                   0x20000b38   Data         132  usart.o(.bss)
    huart3                                   0x20000bbc   Data         132  usart.o(.bss)
    huart6                                   0x20000c40   Data         132  usart.o(.bss)
    htim7                                    0x20000cc4   Data          76  stm32f7xx_hal_timebase_tim.o(.bss)
    attitude                                 0x20000d10   Data          12  atk_imu.o(.bss)
    quaternion                               0x20000d1c   Data          16  atk_imu.o(.bss)
    gyroAccData                              0x20000d2c   Data          36  atk_imu.o(.bss)
    rxPacket                                 0x20000d50   Data          33  atk_imu.o(.bss)
    chassis                                  0x20000d78   Data          32  chassis.o(.bss)
    motor_target                             0x20000d98   Data          20  chassis.o(.bss)
    control_val                              0x20000dac   Data          20  chassis.o(.bss)
    motor_data                               0x20000dc0   Data         300  motor.o(.bss)
    motor_param                              0x20000eec   Data          20  motor.o(.bss)
    motor1                                   0x20000f00   Data          32  motor.o(.bss)
    motor2                                   0x20000f20   Data          32  motor.o(.bss)
    motor3                                   0x20000f40   Data          32  motor.o(.bss)
    motor4                                   0x20000f60   Data          32  motor.o(.bss)
    USART_RX_BUF                             0x20000fcc   Data         200  uart_handle.o(.bss)
    sys_time                                 0x20001094   Data          12  delay.o(.bss)
    track_dma                                0x200010a0   Data          21  track_bar_receive.o(.bss)
    Track_Row                                0x200010b5   Data         182  track_bar_receive.o(.bss)
    y_bar                                    0x2000116c   Data          68  track_bar_receive.o(.bss)
    x_leftbar                                0x200011b0   Data          68  track_bar_receive.o(.bss)
    x_rightbar                               0x200011f4   Data          68  track_bar_receive.o(.bss)
    imu_data                                 0x20001238   Data          60  imu_pid.o(.bss)
    encoder_val                              0x20001298   Data          40  tim_control.o(.bss)
    status_flag                              0x200012c0   Data          10  tim_control.o(.bss)
    rising_val                               0x200012cc   Data          20  tim_control.o(.bss)
    falling_val                              0x200012e0   Data          20  tim_control.o(.bss)
    direct_                                  0x200012f4   Data          20  tim_control.o(.bss)
    update_count                             0x20001308   Data          20  tim_control.o(.bss)
    cap_temp_val                             0x20001320   Data          40  tim_control.o(.bss)
    cap_cnt                                  0x20001348   Data          10  tim_control.o(.bss)
    first_flag                               0x20001354   Data          20  tim_control.o(.bss)
    edge_status                              0x20001368   Data          12  chassis_control.o(.bss)
    swicth_status                            0x20001374   Data          16  read_status_task.o(.bss)
    HW_Switch                                0x20001384   Data          20  read_status_task.o(.bss)
    __libspace_start                         0x20005088   Data          96  libspace.o(.bss)
    __temporary_stack_top$libspace           0x200050e8   Data           0  libspace.o(.bss)



==============================================================================

Memory Map of the image

  Image Entry point : 0x080001c9

  Load Region LR_IROM1 (Base: 0x08000000, Size: 0x0000bf24, Max: 0x00010000, ABSOLUTE, COMPRESSED[0x0000bb98])

    Execution Region ER_IROM1 (Exec base: 0x08000000, Load base: 0x08000000, Size: 0x0000ba50, Max: 0x00010000, ABSOLUTE)

    Exec Addr    Load Addr    Size         Type   Attr      Idx    E Section Name        Object

    0x08000000   0x08000000   0x000001c8   Data   RO         6966    RESET               startup_stm32f750xx.o
    0x080001c8   0x080001c8   0x00000008   Code   RO         7051  * !!!main             c_w.l(__main.o)
    0x080001d0   0x080001d0   0x00000034   Code   RO         7385    !!!scatter          c_w.l(__scatter.o)
    0x08000204   0x08000204   0x0000005a   Code   RO         7383    !!dczerorl2         c_w.l(__dczerorl2.o)
    0x0800025e   0x0800025e   0x00000002   PAD
    0x08000260   0x08000260   0x0000001c   Code   RO         7387    !!handler_zi        c_w.l(__scatter_zi.o)
    0x0800027c   0x0800027c   0x00000000   Code   RO         7036    .ARM.Collect$$_printf_percent$$00000000  c_w.l(_printf_percent.o)
    0x0800027c   0x0800027c   0x00000006   Code   RO         7035    .ARM.Collect$$_printf_percent$$00000003  c_w.l(_printf_f.o)
    0x08000282   0x08000282   0x00000006   Code   RO         7033    .ARM.Collect$$_printf_percent$$00000009  c_w.l(_printf_d.o)
    0x08000288   0x08000288   0x00000006   Code   RO         7034    .ARM.Collect$$_printf_percent$$0000000A  c_w.l(_printf_u.o)
    0x0800028e   0x0800028e   0x00000006   Code   RO         7032    .ARM.Collect$$_printf_percent$$0000000C  c_w.l(_printf_x.o)
    0x08000294   0x08000294   0x00000006   Code   RO         7030    .ARM.Collect$$_printf_percent$$00000013  c_w.l(_printf_c.o)
    0x0800029a   0x0800029a   0x00000006   Code   RO         7031    .ARM.Collect$$_printf_percent$$00000014  c_w.l(_printf_s.o)
    0x080002a0   0x080002a0   0x00000004   Code   RO         7138    .ARM.Collect$$_printf_percent$$00000017  c_w.l(_printf_percent_end.o)
    0x080002a4   0x080002a4   0x00000002   Code   RO         7258    .ARM.Collect$$libinit$$00000000  c_w.l(libinit.o)
    0x080002a6   0x080002a6   0x00000004   Code   RO         7259    .ARM.Collect$$libinit$$00000001  c_w.l(libinit2.o)
    0x080002aa   0x080002aa   0x00000000   Code   RO         7262    .ARM.Collect$$libinit$$00000004  c_w.l(libinit2.o)
    0x080002aa   0x080002aa   0x00000000   Code   RO         7265    .ARM.Collect$$libinit$$0000000A  c_w.l(libinit2.o)
    0x080002aa   0x080002aa   0x00000000   Code   RO         7267    .ARM.Collect$$libinit$$0000000C  c_w.l(libinit2.o)
    0x080002aa   0x080002aa   0x00000000   Code   RO         7269    .ARM.Collect$$libinit$$0000000E  c_w.l(libinit2.o)
    0x080002aa   0x080002aa   0x00000006   Code   RO         7270    .ARM.Collect$$libinit$$0000000F  c_w.l(libinit2.o)
    0x080002b0   0x080002b0   0x00000000   Code   RO         7272    .ARM.Collect$$libinit$$00000011  c_w.l(libinit2.o)
    0x080002b0   0x080002b0   0x00000000   Code   RO         7274    .ARM.Collect$$libinit$$00000013  c_w.l(libinit2.o)
    0x080002b0   0x080002b0   0x00000000   Code   RO         7276    .ARM.Collect$$libinit$$00000015  c_w.l(libinit2.o)
    0x080002b0   0x080002b0   0x0000000a   Code   RO         7277    .ARM.Collect$$libinit$$00000016  c_w.l(libinit2.o)
    0x080002ba   0x080002ba   0x00000000   Code   RO         7278    .ARM.Collect$$libinit$$00000017  c_w.l(libinit2.o)
    0x080002ba   0x080002ba   0x00000000   Code   RO         7280    .ARM.Collect$$libinit$$00000019  c_w.l(libinit2.o)
    0x080002ba   0x080002ba   0x00000000   Code   RO         7282    .ARM.Collect$$libinit$$0000001B  c_w.l(libinit2.o)
    0x080002ba   0x080002ba   0x00000000   Code   RO         7284    .ARM.Collect$$libinit$$0000001D  c_w.l(libinit2.o)
    0x080002ba   0x080002ba   0x00000000   Code   RO         7286    .ARM.Collect$$libinit$$0000001F  c_w.l(libinit2.o)
    0x080002ba   0x080002ba   0x00000000   Code   RO         7288    .ARM.Collect$$libinit$$00000021  c_w.l(libinit2.o)
    0x080002ba   0x080002ba   0x00000000   Code   RO         7290    .ARM.Collect$$libinit$$00000023  c_w.l(libinit2.o)
    0x080002ba   0x080002ba   0x00000000   Code   RO         7292    .ARM.Collect$$libinit$$00000025  c_w.l(libinit2.o)
    0x080002ba   0x080002ba   0x00000000   Code   RO         7296    .ARM.Collect$$libinit$$0000002C  c_w.l(libinit2.o)
    0x080002ba   0x080002ba   0x00000000   Code   RO         7298    .ARM.Collect$$libinit$$0000002E  c_w.l(libinit2.o)
    0x080002ba   0x080002ba   0x00000000   Code   RO         7300    .ARM.Collect$$libinit$$00000030  c_w.l(libinit2.o)
    0x080002ba   0x080002ba   0x00000000   Code   RO         7302    .ARM.Collect$$libinit$$00000032  c_w.l(libinit2.o)
    0x080002ba   0x080002ba   0x00000002   Code   RO         7303    .ARM.Collect$$libinit$$00000033  c_w.l(libinit2.o)
    0x080002bc   0x080002bc   0x00000002   Code   RO         7345    .ARM.Collect$$libshutdown$$00000000  c_w.l(libshutdown.o)
    0x080002be   0x080002be   0x00000000   Code   RO         7364    .ARM.Collect$$libshutdown$$00000002  c_w.l(libshutdown2.o)
    0x080002be   0x080002be   0x00000000   Code   RO         7366    .ARM.Collect$$libshutdown$$00000004  c_w.l(libshutdown2.o)
    0x080002be   0x080002be   0x00000000   Code   RO         7368    .ARM.Collect$$libshutdown$$00000006  c_w.l(libshutdown2.o)
    0x080002be   0x080002be   0x00000000   Code   RO         7371    .ARM.Collect$$libshutdown$$00000009  c_w.l(libshutdown2.o)
    0x080002be   0x080002be   0x00000000   Code   RO         7374    .ARM.Collect$$libshutdown$$0000000C  c_w.l(libshutdown2.o)
    0x080002be   0x080002be   0x00000000   Code   RO         7376    .ARM.Collect$$libshutdown$$0000000E  c_w.l(libshutdown2.o)
    0x080002be   0x080002be   0x00000000   Code   RO         7379    .ARM.Collect$$libshutdown$$00000011  c_w.l(libshutdown2.o)
    0x080002be   0x080002be   0x00000002   Code   RO         7380    .ARM.Collect$$libshutdown$$00000012  c_w.l(libshutdown2.o)
    0x080002c0   0x080002c0   0x00000000   Code   RO         7123    .ARM.Collect$$rtentry$$00000000  c_w.l(__rtentry.o)
    0x080002c0   0x080002c0   0x00000000   Code   RO         7170    .ARM.Collect$$rtentry$$00000002  c_w.l(__rtentry2.o)
    0x080002c0   0x080002c0   0x00000006   Code   RO         7182    .ARM.Collect$$rtentry$$00000004  c_w.l(__rtentry4.o)
    0x080002c6   0x080002c6   0x00000000   Code   RO         7172    .ARM.Collect$$rtentry$$00000009  c_w.l(__rtentry2.o)
    0x080002c6   0x080002c6   0x00000004   Code   RO         7173    .ARM.Collect$$rtentry$$0000000A  c_w.l(__rtentry2.o)
    0x080002ca   0x080002ca   0x00000000   Code   RO         7175    .ARM.Collect$$rtentry$$0000000C  c_w.l(__rtentry2.o)
    0x080002ca   0x080002ca   0x00000008   Code   RO         7176    .ARM.Collect$$rtentry$$0000000D  c_w.l(__rtentry2.o)
    0x080002d2   0x080002d2   0x00000002   Code   RO         7304    .ARM.Collect$$rtexit$$00000000  c_w.l(rtexit.o)
    0x080002d4   0x080002d4   0x00000000   Code   RO         7317    .ARM.Collect$$rtexit$$00000002  c_w.l(rtexit2.o)
    0x080002d4   0x080002d4   0x00000004   Code   RO         7318    .ARM.Collect$$rtexit$$00000003  c_w.l(rtexit2.o)
    0x080002d8   0x080002d8   0x00000006   Code   RO         7319    .ARM.Collect$$rtexit$$00000004  c_w.l(rtexit2.o)
    0x080002de   0x080002de   0x00000002   PAD
    0x080002e0   0x080002e0   0x000000c2   Code   RO         3770    .emb_text           port.o
    0x080003a2   0x080003a2   0x00000002   PAD
    0x080003a4   0x080003a4   0x00000040   Code   RO         6967    .text               startup_stm32f750xx.o
    0x080003e4   0x080003e4   0x00000002   Code   RO         6973    .text               c_w.l(use_no_semi_2.o)
    0x080003e6   0x080003e6   0x000000ee   Code   RO         6975    .text               c_w.l(lludivv7m.o)
    0x080004d4   0x080004d4   0x00000018   Code   RO         6979    .text               c_w.l(noretval__2printf.o)
    0x080004ec   0x080004ec   0x0000004e   Code   RO         6983    .text               c_w.l(_printf_pad.o)
    0x0800053a   0x0800053a   0x00000052   Code   RO         6985    .text               c_w.l(_printf_str.o)
    0x0800058c   0x0800058c   0x00000078   Code   RO         6987    .text               c_w.l(_printf_dec.o)
    0x08000604   0x08000604   0x00000058   Code   RO         6992    .text               c_w.l(_printf_hex_int.o)
    0x0800065c   0x0800065c   0x00000188   Code   RO         7027    .text               c_w.l(__printf_flags_ss_wp.o)
    0x080007e4   0x080007e4   0x0000008a   Code   RO         7037    .text               c_w.l(rt_memcpy_v6.o)
    0x0800086e   0x0800086e   0x00000064   Code   RO         7039    .text               c_w.l(rt_memcpy_w.o)
    0x080008d2   0x080008d2   0x00000010   Code   RO         7043    .text               c_w.l(aeabi_memset.o)
    0x080008e2   0x080008e2   0x00000044   Code   RO         7045    .text               c_w.l(rt_memclr.o)
    0x08000926   0x08000926   0x0000004e   Code   RO         7047    .text               c_w.l(rt_memclr_w.o)
    0x08000974   0x08000974   0x00000006   Code   RO         7049    .text               c_w.l(heapauxi.o)
    0x0800097a   0x0800097a   0x00000002   Code   RO         7121    .text               c_w.l(use_no_semi.o)
    0x0800097c   0x0800097c   0x000000b2   Code   RO         7130    .text               c_w.l(_printf_intcommon.o)
    0x08000a2e   0x08000a2e   0x0000041e   Code   RO         7132    .text               c_w.l(_printf_fp_dec.o)
    0x08000e4c   0x08000e4c   0x0000002c   Code   RO         7134    .text               c_w.l(_printf_char.o)
    0x08000e78   0x08000e78   0x00000024   Code   RO         7136    .text               c_w.l(_printf_char_file.o)
    0x08000e9c   0x08000e9c   0x00000008   Code   RO         7189    .text               c_w.l(rt_locale_intlibspace.o)
    0x08000ea4   0x08000ea4   0x0000008a   Code   RO         7196    .text               c_w.l(lludiv10.o)
    0x08000f2e   0x08000f2e   0x00000002   PAD
    0x08000f30   0x08000f30   0x00000030   Code   RO         7198    .text               c_w.l(_printf_char_common.o)
    0x08000f60   0x08000f60   0x00000080   Code   RO         7200    .text               c_w.l(_printf_fp_infnan.o)
    0x08000fe0   0x08000fe0   0x000000e4   Code   RO         7202    .text               c_w.l(bigflt0.o)
    0x080010c4   0x080010c4   0x00000008   Code   RO         7227    .text               c_w.l(ferror.o)
    0x080010cc   0x080010cc   0x00000008   Code   RO         7238    .text               c_w.l(libspace.o)
    0x080010d4   0x080010d4   0x0000004a   Code   RO         7241    .text               c_w.l(sys_stackheap_outer.o)
    0x0800111e   0x0800111e   0x00000012   Code   RO         7245    .text               c_w.l(exit.o)
    0x08001130   0x08001130   0x00000068   Code   RO         7251    .text               c_w.l(strcmpv7m_pel.o)
    0x08001198   0x08001198   0x0000003e   Code   RO         7205    CL$$btod_d2e        c_w.l(btod.o)
    0x080011d6   0x080011d6   0x00000046   Code   RO         7207    CL$$btod_d2e_denorm_low  c_w.l(btod.o)
    0x0800121c   0x0800121c   0x00000060   Code   RO         7206    CL$$btod_d2e_norm_op1  c_w.l(btod.o)
    0x0800127c   0x0800127c   0x00000338   Code   RO         7215    CL$$btod_div_common  c_w.l(btod.o)
    0x080015b4   0x080015b4   0x000000dc   Code   RO         7212    CL$$btod_e2e        c_w.l(btod.o)
    0x08001690   0x08001690   0x0000002a   Code   RO         7209    CL$$btod_ediv       c_w.l(btod.o)
    0x080016ba   0x080016ba   0x0000002a   Code   RO         7208    CL$$btod_emul       c_w.l(btod.o)
    0x080016e4   0x080016e4   0x00000244   Code   RO         7214    CL$$btod_mult_common  c_w.l(btod.o)
    0x08001928   0x08001928   0x00000018   Code   RO          844    i.ATK_IMU_Init      atk_imu.o
    0x08001940   0x08001940   0x0000004c   Code   RO         1128    i.Action_Gruop      servo.o
    0x0800198c   0x0800198c   0x00000184   Code   RO         2150    i.Brick_Mode        read_status_task.o
    0x08001b10   0x08001b10   0x00000002   Code   RO          637    i.BusFault_Handler  stm32f7xx_it.o
    0x08001b12   0x08001b12   0x00000008   Code   RO         1592    i.Clear_Line        track_bar_receive.o
    0x08001b1a   0x08001b1a   0x00000002   PAD
    0x08001b1c   0x08001b1c   0x00000064   Code   RO         1129    i.Cmd_Convert       servo.o
    0x08001b80   0x08001b80   0x0000006c   Code   RO         1876    i.Comfirm_Online    chassis_control.o
    0x08001bec   0x08001bec   0x00000002   Code   RO          638    i.DebugMon_Handler  stm32f7xx_it.o
    0x08001bee   0x08001bee   0x00000002   PAD
    0x08001bf0   0x08001bf0   0x0000000c   Code   RO         1130    i.Disable_ServoFlag  servo.o
    0x08001bfc   0x08001bfc   0x0000000c   Code   RO          934    i.Disable_StopSignal  openmv.o
    0x08001c08   0x08001c08   0x00000012   Code   RO          639    i.EXTI15_10_IRQHandler  stm32f7xx_it.o
    0x08001c1a   0x08001c1a   0x00000002   PAD
    0x08001c1c   0x08001c1c   0x0000000c   Code   RO          935    i.Enable_StopSignal  openmv.o
    0x08001c28   0x08001c28   0x00000378   Code   RO         1877    i.EncoderTask       chassis_control.o
    0x08001fa0   0x08001fa0   0x00000004   Code   RO            4    i.Error_Handler     main.o
    0x08001fa4   0x08001fa4   0x00000050   Code   RO         1132    i.Error_Report      servo.o
    0x08001ff4   0x08001ff4   0x00000020   Code   RO         1593    i.Get_AvaibleRow_ID  track_bar_receive.o
    0x08002014   0x08002014   0x00000020   Code   RO         1594    i.Get_EmptyRow_ID   track_bar_receive.o
    0x08002034   0x08002034   0x00000028   Code   RO         2153    i.Get_HW_Status     read_status_task.o
    0x0800205c   0x0800205c   0x0000000c   Code   RO         2154    i.Get_Height        read_status_task.o
    0x08002068   0x08002068   0x0000001c   Code   RO         2155    i.Get_Height_Switch  read_status_task.o
    0x08002084   0x08002084   0x0000000c   Code   RO          845    i.Get_IMUStatus     atk_imu.o
    0x08002090   0x08002090   0x0000000c   Code   RO         1133    i.Get_Servo_Flag    servo.o
    0x0800209c   0x0800209c   0x0000001c   Code   RO         2156    i.Get_Side_Switch   read_status_task.o
    0x080020b8   0x080020b8   0x0000000c   Code   RO          936    i.Get_Stop_Signal   openmv.o
    0x080020c4   0x080020c4   0x0000002c   Code   RO         2157    i.Get_Switch_Status  read_status_task.o
    0x080020f0   0x080020f0   0x00000054   Code   RO         1442    i.Get_Time_Init     time_cnt.o
    0x08002144   0x08002144   0x00000048   Code   RO         1443    i.Get_Time_Period   time_cnt.o
    0x0800218c   0x0800218c   0x00000004   Code   RO         1595    i.Get_Trcker_Num    track_bar_receive.o
    0x08002190   0x08002190   0x00000018   Code   RO          846    i.Get_Yaw           atk_imu.o
    0x080021a8   0x080021a8   0x000000f4   Code   RO         1963    i.Global_Debug      debug_task.o
    0x0800229c   0x0800229c   0x00000092   Code   RO         4398    i.HAL_DMA_Abort     stm32f7xx_hal_dma.o
    0x0800232e   0x0800232e   0x00000024   Code   RO         4399    i.HAL_DMA_Abort_IT  stm32f7xx_hal_dma.o
    0x08002352   0x08002352   0x00000002   PAD
    0x08002354   0x08002354   0x00000024   Code   RO         4765    i.HAL_Delay         stm32f7xx_hal.o
    0x08002378   0x08002378   0x00000002   Code   RO         4330    i.HAL_GPIO_EXTI_Callback  stm32f7xx_hal_gpio.o
    0x0800237a   0x0800237a   0x00000002   PAD
    0x0800237c   0x0800237c   0x00000018   Code   RO         4331    i.HAL_GPIO_EXTI_IRQHandler  stm32f7xx_hal_gpio.o
    0x08002394   0x08002394   0x000001d8   Code   RO         4332    i.HAL_GPIO_Init     stm32f7xx_hal_gpio.o
    0x0800256c   0x0800256c   0x0000000a   Code   RO         4334    i.HAL_GPIO_ReadPin  stm32f7xx_hal_gpio.o
    0x08002576   0x08002576   0x0000000a   Code   RO         4336    i.HAL_GPIO_WritePin  stm32f7xx_hal_gpio.o
    0x08002580   0x08002580   0x0000000c   Code   RO         4773    i.HAL_GetTick       stm32f7xx_hal.o
    0x0800258c   0x0800258c   0x00000010   Code   RO         4779    i.HAL_IncTick       stm32f7xx_hal.o
    0x0800259c   0x0800259c   0x00000016   Code   RO         4780    i.HAL_Init          stm32f7xx_hal.o
    0x080025b2   0x080025b2   0x00000002   PAD
    0x080025b4   0x080025b4   0x00000074   Code   RO          805    i.HAL_InitTick      stm32f7xx_hal_timebase_tim.o
    0x08002628   0x08002628   0x00000038   Code   RO          781    i.HAL_MspInit       stm32f7xx_hal_msp.o
    0x08002660   0x08002660   0x0000001a   Code   RO         3855    i.HAL_NVIC_EnableIRQ  stm32f7xx_hal_cortex.o
    0x0800267a   0x0800267a   0x00000002   PAD
    0x0800267c   0x0800267c   0x00000040   Code   RO         3861    i.HAL_NVIC_SetPriority  stm32f7xx_hal_cortex.o
    0x080026bc   0x080026bc   0x00000024   Code   RO         3862    i.HAL_NVIC_SetPriorityGrouping  stm32f7xx_hal_cortex.o
    0x080026e0   0x080026e0   0x0000006c   Code   RO         4672    i.HAL_PWREx_EnableOverDrive  stm32f7xx_hal_pwr_ex.o
    0x0800274c   0x0800274c   0x000004fc   Code   RO         4093    i.HAL_RCCEx_PeriphCLKConfig  stm32f7xx_hal_rcc_ex.o
    0x08002c48   0x08002c48   0x00000130   Code   RO         3986    i.HAL_RCC_ClockConfig  stm32f7xx_hal_rcc.o
    0x08002d78   0x08002d78   0x00000040   Code   RO         3990    i.HAL_RCC_GetClockConfig  stm32f7xx_hal_rcc.o
    0x08002db8   0x08002db8   0x00000020   Code   RO         3993    i.HAL_RCC_GetPCLK1Freq  stm32f7xx_hal_rcc.o
    0x08002dd8   0x08002dd8   0x00000020   Code   RO         3994    i.HAL_RCC_GetPCLK2Freq  stm32f7xx_hal_rcc.o
    0x08002df8   0x08002df8   0x00000064   Code   RO         3995    i.HAL_RCC_GetSysClockFreq  stm32f7xx_hal_rcc.o
    0x08002e5c   0x08002e5c   0x00000384   Code   RO         3998    i.HAL_RCC_OscConfig  stm32f7xx_hal_rcc.o
    0x080031e0   0x080031e0   0x00000002   Code   RO         6248    i.HAL_TIMEx_Break2Callback  stm32f7xx_hal_tim_ex.o
    0x080031e2   0x080031e2   0x00000002   Code   RO         6249    i.HAL_TIMEx_BreakCallback  stm32f7xx_hal_tim_ex.o
    0x080031e4   0x080031e4   0x00000002   Code   RO         6250    i.HAL_TIMEx_CommutCallback  stm32f7xx_hal_tim_ex.o
    0x080031e6   0x080031e6   0x00000002   PAD
    0x080031e8   0x080031e8   0x000000a0   Code   RO         6252    i.HAL_TIMEx_ConfigBreakDeadTime  stm32f7xx_hal_tim_ex.o
    0x08003288   0x08003288   0x000000a4   Code   RO         6269    i.HAL_TIMEx_MasterConfigSynchronization  stm32f7xx_hal_tim_ex.o
    0x0800332c   0x0800332c   0x00000062   Code   RO         5534    i.HAL_TIM_Base_Init  stm32f7xx_hal_tim.o
    0x0800338e   0x0800338e   0x00000002   PAD
    0x08003390   0x08003390   0x00000080   Code   RO          470    i.HAL_TIM_Base_MspInit  tim.o
    0x08003410   0x08003410   0x00000080   Code   RO         5537    i.HAL_TIM_Base_Start  stm32f7xx_hal_tim.o
    0x08003490   0x08003490   0x0000008c   Code   RO         5539    i.HAL_TIM_Base_Start_IT  stm32f7xx_hal_tim.o
    0x0800351c   0x0800351c   0x000000dc   Code   RO         5543    i.HAL_TIM_ConfigClockSource  stm32f7xx_hal_tim.o
    0x080035f8   0x080035f8   0x000007bc   Code   RO         1839    i.HAL_TIM_IC_CaptureCallback  tim_control.o
    0x08003db4   0x08003db4   0x0000010e   Code   RO         5570    i.HAL_TIM_IC_ConfigChannel  stm32f7xx_hal_tim.o
    0x08003ec2   0x08003ec2   0x00000062   Code   RO         5573    i.HAL_TIM_IC_Init   stm32f7xx_hal_tim.o
    0x08003f24   0x08003f24   0x000000e0   Code   RO          472    i.HAL_TIM_IC_MspInit  tim.o
    0x08004004   0x08004004   0x00000140   Code   RO         5578    i.HAL_TIM_IC_Start_IT  stm32f7xx_hal_tim.o
    0x08004144   0x08004144   0x00000182   Code   RO         5582    i.HAL_TIM_IRQHandler  stm32f7xx_hal_tim.o
    0x080042c6   0x080042c6   0x00000002   PAD
    0x080042c8   0x080042c8   0x000000a8   Code   RO          473    i.HAL_TIM_MspPostInit  tim.o
    0x08004370   0x08004370   0x00000002   Code   RO         5585    i.HAL_TIM_OC_DelayElapsedCallback  stm32f7xx_hal_tim.o
    0x08004372   0x08004372   0x0000011e   Code   RO         5606    i.HAL_TIM_PWM_ConfigChannel  stm32f7xx_hal_tim.o
    0x08004490   0x08004490   0x00000062   Code   RO         5609    i.HAL_TIM_PWM_Init  stm32f7xx_hal_tim.o
    0x080044f2   0x080044f2   0x00000002   Code   RO         5611    i.HAL_TIM_PWM_MspInit  stm32f7xx_hal_tim.o
    0x080044f4   0x080044f4   0x00000002   Code   RO         5612    i.HAL_TIM_PWM_PulseFinishedCallback  stm32f7xx_hal_tim.o
    0x080044f6   0x080044f6   0x00000002   PAD
    0x080044f8   0x080044f8   0x000000f8   Code   RO         5614    i.HAL_TIM_PWM_Start  stm32f7xx_hal_tim.o
    0x080045f0   0x080045f0   0x00000020   Code   RO            5    i.HAL_TIM_PeriodElapsedCallback  main.o
    0x08004610   0x08004610   0x0000002c   Code   RO         5622    i.HAL_TIM_ReadCapturedValue  stm32f7xx_hal_tim.o
    0x0800463c   0x0800463c   0x00000002   Code   RO         5625    i.HAL_TIM_TriggerCallback  stm32f7xx_hal_tim.o
    0x0800463e   0x0800463e   0x00000002   Code   RO         6536    i.HAL_UARTEx_RxEventCallback  stm32f7xx_hal_uart.o
    0x08004640   0x08004640   0x00000002   Code   RO         6552    i.HAL_UART_ErrorCallback  stm32f7xx_hal_uart.o
    0x08004642   0x08004642   0x00000002   PAD
    0x08004644   0x08004644   0x00000220   Code   RO         6555    i.HAL_UART_IRQHandler  stm32f7xx_hal_uart.o
    0x08004864   0x08004864   0x00000066   Code   RO         6556    i.HAL_UART_Init     stm32f7xx_hal_uart.o
    0x080048ca   0x080048ca   0x00000002   PAD
    0x080048cc   0x080048cc   0x000002c4   Code   RO          554    i.HAL_UART_MspInit  usart.o
    0x08004b90   0x08004b90   0x000000b8   Code   RO         6565    i.HAL_UART_Transmit  stm32f7xx_hal_uart.o
    0x08004c48   0x08004c48   0x00000002   Code   RO         6568    i.HAL_UART_TxCpltCallback  stm32f7xx_hal_uart.o
    0x08004c4a   0x08004c4a   0x00000002   PAD
    0x08004c4c   0x08004c4c   0x000000b0   Code   RO         2158    i.HWSwitch_Move     read_status_task.o
    0x08004cfc   0x08004cfc   0x00000002   Code   RO          640    i.HardFault_Handler  stm32f7xx_it.o
    0x08004cfe   0x08004cfe   0x00000002   PAD
    0x08004d00   0x08004d00   0x000000dc   Code   RO         2159    i.HeightUpdate_Task  read_status_task.o
    0x08004ddc   0x08004ddc   0x00000030   Code   RO          847    i.IMU_IRQ           atk_imu.o
    0x08004e0c   0x08004e0c   0x00000002   Code   RO         2160    i.Inf_Servo_Height  read_status_task.o
    0x08004e0e   0x08004e0e   0x00000002   PAD
    0x08004e10   0x08004e10   0x00000018   Code   RO         2161    i.Judge_Side        read_status_task.o
    0x08004e28   0x08004e28   0x000000a0   Code   RO         2162    i.Kiss_Ass          read_status_task.o
    0x08004ec8   0x08004ec8   0x00000028   Code   RO         1878    i.Limit_Speed       chassis_control.o
    0x08004ef0   0x08004ef0   0x000001f0   Code   RO         1879    i.LineTask          chassis_control.o
    0x080050e0   0x080050e0   0x00000088   Code   RO          937    i.MV_Decode         openmv.o
    0x08005168   0x08005168   0x000002e0   Code   RO         2164    i.MV_HW_Scan        read_status_task.o
    0x08005448   0x08005448   0x0000006c   Code   RO          938    i.MV_IRQ            openmv.o
    0x080054b4   0x080054b4   0x00000024   Code   RO          943    i.MV_SendCmd        openmv.o
    0x080054d8   0x080054d8   0x00000008   Code   RO          945    i.MV_Start          openmv.o
    0x080054e0   0x080054e0   0x00000008   Code   RO          946    i.MV_Stop           openmv.o
    0x080054e8   0x080054e8   0x00000050   Code   RO          947    i.MV_rec_decode     openmv.o
    0x08005538   0x08005538   0x00000080   Code   RO          392    i.MX_FREERTOS_Init  freertos.o
    0x080055b8   0x080055b8   0x00000138   Code   RO          269    i.MX_GPIO_Init      gpio.o
    0x080056f0   0x080056f0   0x00000104   Code   RO          474    i.MX_TIM1_Init      tim.o
    0x080057f4   0x080057f4   0x000000c8   Code   RO          475    i.MX_TIM2_Init      tim.o
    0x080058bc   0x080058bc   0x0000007c   Code   RO          476    i.MX_TIM3_Init      tim.o
    0x08005938   0x08005938   0x0000007c   Code   RO          477    i.MX_TIM5_Init      tim.o
    0x080059b4   0x080059b4   0x00000048   Code   RO          478    i.MX_TIM6_Init      tim.o
    0x080059fc   0x080059fc   0x00000044   Code   RO          555    i.MX_UART4_Init     usart.o
    0x08005a40   0x08005a40   0x00000044   Code   RO          556    i.MX_UART5_Init     usart.o
    0x08005a84   0x08005a84   0x00000044   Code   RO          557    i.MX_UART7_Init     usart.o
    0x08005ac8   0x08005ac8   0x0000003c   Code   RO          558    i.MX_UART8_Init     usart.o
    0x08005b04   0x08005b04   0x00000044   Code   RO          559    i.MX_USART1_UART_Init  usart.o
    0x08005b48   0x08005b48   0x00000044   Code   RO          560    i.MX_USART2_UART_Init  usart.o
    0x08005b8c   0x08005b8c   0x00000044   Code   RO          561    i.MX_USART3_UART_Init  usart.o
    0x08005bd0   0x08005bd0   0x00000044   Code   RO          562    i.MX_USART6_UART_Init  usart.o
    0x08005c14   0x08005c14   0x000000a0   Code   RO         1840    i.MY_PeriodElapsedCallback  tim_control.o
    0x08005cb4   0x08005cb4   0x00000002   Code   RO          641    i.MemManage_Handler  stm32f7xx_it.o
    0x08005cb6   0x08005cb6   0x00000002   PAD
    0x08005cb8   0x08005cb8   0x00000038   Code   RO         1339    i.Motor_PID_Init    motor.o
    0x08005cf0   0x08005cf0   0x00000002   Code   RO          642    i.NMI_Handler       stm32f7xx_it.o
    0x08005cf2   0x08005cf2   0x00000036   Code   RO         1209    i.Openmv_Scan_Bar   general.o
    0x08005d28   0x08005d28   0x0000017c   Code   RO         2165    i.QR_Scan           read_status_task.o
    0x08005ea4   0x08005ea4   0x000000d0   Code   RO         1070    i.QR_decode         qr_code.o
    0x08005f74   0x08005f74   0x00000038   Code   RO         1071    i.QR_receive        qr_code.o
    0x08005fac   0x08005fac   0x000001bc   Code   RO         2166    i.Read_Swicth       read_status_task.o
    0x08006168   0x08006168   0x00000020   Code   RO         2167    i.Return_AdverseID  read_status_task.o
    0x08006188   0x08006188   0x00000050   Code   RO         1134    i.Servo_RX_IRQ      servo.o
    0x080061d8   0x080061d8   0x00000040   Code   RO         1136    i.Servo_Uart_Send   servo.o
    0x08006218   0x08006218   0x00000004   Code   RO          848    i.Set_IMUStatus     atk_imu.o
    0x0800621c   0x0800621c   0x000000ac   Code   RO          849    i.Set_InitYaw       atk_imu.o
    0x080062c8   0x080062c8   0x00000014   Code   RO         1072    i.Set_QR_Status     qr_code.o
    0x080062dc   0x080062dc   0x00000020   Code   RO         1073    i.Set_QR_Target     qr_code.o
    0x080062fc   0x080062fc   0x00000114   Code   RO         1137    i.Single_Control    servo.o
    0x08006410   0x08006410   0x00000008   Code   RO          393    i.StartDefaultTask  freertos.o
    0x08006418   0x08006418   0x00000034   Code   RO         2171    i.Start_HeightUpdate  read_status_task.o
    0x0800644c   0x0800644c   0x00000048   Code   RO         2172    i.Start_Read_Switch  read_status_task.o
    0x08006494   0x08006494   0x00000020   Code   RO         1966    i.Startdebug        debug_task.o
    0x080064b4   0x080064b4   0x00000030   Code   RO         3771    i.SysTick_Handler   port.o
    0x080064e4   0x080064e4   0x000000c8   Code   RO            6    i.SystemClock_Config  main.o
    0x080065ac   0x080065ac   0x00000010   Code   RO         2534    i.SystemInit        system_stm32f7xx.o
    0x080065bc   0x080065bc   0x00000064   Code   RO         1444    i.T6_IRQHandler     time_cnt.o
    0x08006620   0x08006620   0x0000000c   Code   RO          643    i.TIM1_UP_TIM10_IRQHandler  stm32f7xx_it.o
    0x0800662c   0x0800662c   0x0000000c   Code   RO          644    i.TIM3_IRQHandler   stm32f7xx_it.o
    0x08006638   0x08006638   0x0000000c   Code   RO          645    i.TIM5_IRQHandler   stm32f7xx_it.o
    0x08006644   0x08006644   0x00000014   Code   RO          646    i.TIM6_DAC_IRQHandler  stm32f7xx_it.o
    0x08006658   0x08006658   0x0000000c   Code   RO          647    i.TIM7_IRQHandler   stm32f7xx_it.o
    0x08006664   0x08006664   0x000000cc   Code   RO         5627    i.TIM_Base_SetConfig  stm32f7xx_hal_tim.o
    0x08006730   0x08006730   0x0000001a   Code   RO         5628    i.TIM_CCxChannelCmd  stm32f7xx_hal_tim.o
    0x0800674a   0x0800674a   0x00000012   Code   RO         5638    i.TIM_ETR_SetConfig  stm32f7xx_hal_tim.o
    0x0800675c   0x0800675c   0x00000010   Code   RO         5639    i.TIM_ITRx_SetConfig  stm32f7xx_hal_tim.o
    0x0800676c   0x0800676c   0x00000074   Code   RO         5640    i.TIM_OC1_SetConfig  stm32f7xx_hal_tim.o
    0x080067e0   0x080067e0   0x00000078   Code   RO         5641    i.TIM_OC2_SetConfig  stm32f7xx_hal_tim.o
    0x08006858   0x08006858   0x00000078   Code   RO         5642    i.TIM_OC3_SetConfig  stm32f7xx_hal_tim.o
    0x080068d0   0x080068d0   0x00000058   Code   RO         5643    i.TIM_OC4_SetConfig  stm32f7xx_hal_tim.o
    0x08006928   0x08006928   0x00000058   Code   RO         5644    i.TIM_OC5_SetConfig  stm32f7xx_hal_tim.o
    0x08006980   0x08006980   0x00000058   Code   RO         5645    i.TIM_OC6_SetConfig  stm32f7xx_hal_tim.o
    0x080069d8   0x080069d8   0x00000022   Code   RO         5647    i.TIM_TI1_ConfigInputStage  stm32f7xx_hal_tim.o
    0x080069fa   0x080069fa   0x00000002   PAD
    0x080069fc   0x080069fc   0x00000080   Code   RO         5648    i.TIM_TI1_SetConfig  stm32f7xx_hal_tim.o
    0x08006a7c   0x08006a7c   0x00000024   Code   RO         5649    i.TIM_TI2_ConfigInputStage  stm32f7xx_hal_tim.o
    0x08006aa0   0x08006aa0   0x00000036   Code   RO         5650    i.TIM_TI2_SetConfig  stm32f7xx_hal_tim.o
    0x08006ad6   0x08006ad6   0x00000002   PAD
    0x08006ad8   0x08006ad8   0x00000090   Code   RO         1596    i.Track_RX_IRQ      track_bar_receive.o
    0x08006b68   0x08006b68   0x0000009c   Code   RO         1498    i.U1_IRQHandler     uart_handle.o
    0x08006c04   0x08006c04   0x00000014   Code   RO          648    i.UART4_IRQHandler  stm32f7xx_it.o
    0x08006c18   0x08006c18   0x00000014   Code   RO          649    i.UART5_IRQHandler  stm32f7xx_it.o
    0x08006c2c   0x08006c2c   0x000000c8   Code   RO         6570    i.UART_AdvFeatureConfig  stm32f7xx_hal_uart.o
    0x08006cf4   0x08006cf4   0x00000040   Code   RO         6571    i.UART_CheckIdleState  stm32f7xx_hal_uart.o
    0x08006d34   0x08006d34   0x00000014   Code   RO         6572    i.UART_DMAAbortOnError  stm32f7xx_hal_uart.o
    0x08006d48   0x08006d48   0x00000030   Code   RO         6582    i.UART_EndRxTransfer  stm32f7xx_hal_uart.o
    0x08006d78   0x08006d78   0x00000234   Code   RO         6586    i.UART_SetConfig    stm32f7xx_hal_uart.o
    0x08006fac   0x08006fac   0x000000a4   Code   RO         6591    i.UART_WaitOnFlagUntilTimeout  stm32f7xx_hal_uart.o
    0x08007050   0x08007050   0x00000014   Code   RO          650    i.USART1_IRQHandler  stm32f7xx_it.o
    0x08007064   0x08007064   0x00000014   Code   RO          651    i.USART2_IRQHandler  stm32f7xx_it.o
    0x08007078   0x08007078   0x00000014   Code   RO          652    i.USART3_IRQHandler  stm32f7xx_it.o
    0x0800708c   0x0800708c   0x00000014   Code   RO          653    i.USART6_IRQHandler  stm32f7xx_it.o
    0x080070a0   0x080070a0   0x0000008c   Code   RO            7    i.USER_Init         main.o
    0x0800712c   0x0800712c   0x00000002   Code   RO          654    i.UsageFault_Handler  stm32f7xx_it.o
    0x0800712e   0x0800712e   0x00000002   PAD
    0x08007130   0x08007130   0x000000d0   Code   RO         2173    i.Wait_Switches     read_status_task.o
    0x08007200   0x08007200   0x00000030   Code   RO         7236    i.__ARM_fpclassify  m_wm.l(fpclassify.o)
    0x08007230   0x08007230   0x00000022   Code   RO         3868    i.__NVIC_SetPriority  stm32f7xx_hal_cortex.o
    0x08007252   0x08007252   0x00000014   Code   RO         7103    i.__hardfp_fabs     m_wm.l(fabs.o)
    0x08007266   0x08007266   0x0000000e   Code   RO         7020    i._is_digit         c_w.l(__printf_wp.o)
    0x08007274   0x08007274   0x00000002   Code   RO         1499    i._sys_exit         uart_handle.o
    0x08007276   0x08007276   0x00000002   PAD
    0x08007278   0x08007278   0x00000050   Code   RO          850    i.angle_limit       atk_imu.o
    0x080072c8   0x080072c8   0x0000020c   Code   RO          851    i.atkpParsing       atk_imu.o
    0x080074d4   0x080074d4   0x0000008c   Code   RO         1748    i.avoid_callback    avoid_obs.o
    0x08007560   0x08007560   0x00000030   Code   RO         2105    i.avoid_keep        avoid_obs_func.o
    0x08007590   0x08007590   0x00000048   Code   RO         2106    i.avoid_task        avoid_obs_func.o
    0x080075d8   0x080075d8   0x00000568   Code   RO         1277    i.chassis_synthetic_control  chassis.o
    0x08007b40   0x08007b40   0x0000000c   Code   RO         2045    i.chassis_task      chassis_task.o
    0x08007b4c   0x08007b4c   0x00000178   Code   RO         1340    i.clear_motor_data  motor.o
    0x08007cc4   0x08007cc4   0x00000038   Code   RO          948    i.cmd_encode        openmv.o
    0x08007cfc   0x08007cfc   0x00000014   Code   RO         1550    i.delay_init        delay.o
    0x08007d10   0x08007d10   0x00000054   Code   RO         1552    i.delay_us          delay.o
    0x08007d64   0x08007d64   0x0000008c   Code   RO         1881    i.direct_move       chassis_control.o
    0x08007df0   0x08007df0   0x00000038   Code   RO         1750    i.distance_convert  avoid_obs.o
    0x08007e28   0x08007e28   0x00000064   Code   RO         1500    i.fputc             uart_handle.o
    0x08007e8c   0x08007e8c   0x0000000c   Code   RO         1882    i.get_count_line_status  chassis_control.o
    0x08007e98   0x08007e98   0x0000000c   Code   RO         1883    i.get_enocdermove_status  chassis_control.o
    0x08007ea4   0x08007ea4   0x00000064   Code   RO         1341    i.get_motor_channelA_ptr  motor.o
    0x08007f08   0x08007f08   0x00000064   Code   RO         1342    i.get_motor_channelB_ptr  motor.o
    0x08007f6c   0x08007f6c   0x0000000c   Code   RO         1685    i.get_turn_status   imu_pid.o
    0x08007f78   0x08007f78   0x0000000c   Code   RO         1967    i.if_OsRunning      debug_task.o
    0x08007f84   0x08007f84   0x00000094   Code   RO          853    i.imu901_unpack     atk_imu.o
    0x08008018   0x08008018   0x000000a4   Code   RO         1686    i.imu_correct_val   imu_pid.o
    0x080080bc   0x080080bc   0x0000004e   Code   RO            8    i.main              main.o
    0x0800810a   0x0800810a   0x0000000e   Code   RO         3342    i.makeFreeRtosPriority  cmsis_os.o
    0x08008118   0x08008118   0x0000015c   Code   RO         1344    i.motor_init        motor.o
    0x08008274   0x08008274   0x00000070   Code   RO         1884    i.move_by_encoder   chassis_control.o
    0x080082e4   0x080082e4   0x0000005e   Code   RO         1885    i.move_slantly      chassis_control.o
    0x08008342   0x08008342   0x0000000e   Code   RO         3344    i.osDelay           cmsis_os.o
    0x08008350   0x08008350   0x0000000a   Code   RO         3347    i.osKernelStart     cmsis_os.o
    0x0800835a   0x0800835a   0x00000054   Code   RO         3381    i.osThreadCreate    cmsis_os.o
    0x080083ae   0x080083ae   0x00000002   PAD
    0x080083b0   0x080083b0   0x00000020   Code   RO         2339    i.pid_clear         pid.o
    0x080083d0   0x080083d0   0x00000130   Code   RO         2340    i.pid_control       pid.o
    0x08008500   0x08008500   0x000000aa   Code   RO         2341    i.pos_pid_cal       pid.o
    0x080085aa   0x080085aa   0x00000002   PAD
    0x080085ac   0x080085ac   0x00000018   Code   RO         1501    i.printf_init       uart_handle.o
    0x080085c4   0x080085c4   0x00000070   Code   RO         3030    i.prvAddCurrentTaskToDelayedList  tasks.o
    0x08008634   0x08008634   0x000000d0   Code   RO         3031    i.prvAddNewTaskToReadyList  tasks.o
    0x08008704   0x08008704   0x00000026   Code   RO         2712    i.prvCopyDataFromQueue  queue.o
    0x0800872a   0x0800872a   0x0000006c   Code   RO         2713    i.prvCopyDataToQueue  queue.o
    0x08008796   0x08008796   0x00000038   Code   RO         3032    i.prvDeleteTCB      tasks.o
    0x080087ce   0x080087ce   0x00000002   PAD
    0x080087d0   0x080087d0   0x00000050   Code   RO         3709    i.prvHeapInit       heap_4.o
    0x08008820   0x08008820   0x00000060   Code   RO         3033    i.prvIdleTask       tasks.o
    0x08008880   0x08008880   0x00000016   Code   RO         2715    i.prvInitialiseNewQueue  queue.o
    0x08008896   0x08008896   0x0000009e   Code   RO         3034    i.prvInitialiseNewTask  tasks.o
    0x08008934   0x08008934   0x0000004c   Code   RO         3710    i.prvInsertBlockIntoFreeList  heap_4.o
    0x08008980   0x08008980   0x00000020   Code   RO         3035    i.prvResetNextTaskUnblockTime  tasks.o
    0x080089a0   0x080089a0   0x00000030   Code   RO         3772    i.prvTaskExitError  port.o
    0x080089d0   0x080089d0   0x0000006a   Code   RO         2717    i.prvUnlockQueue    queue.o
    0x08008a3a   0x08008a3a   0x00000002   PAD
    0x08008a3c   0x08008a3c   0x000000e4   Code   RO         3711    i.pvPortMalloc      heap_4.o
    0x08008b20   0x08008b20   0x00000030   Code   RO         3773    i.pxPortInitialiseStack  port.o
    0x08008b50   0x08008b50   0x00000024   Code   RO         1345    i.read_encoder      motor.o
    0x08008b74   0x08008b74   0x0000000c   Code   RO         1279    i.set_chassis_status  chassis.o
    0x08008b80   0x08008b80   0x00000068   Code   RO         1688    i.set_imu_param     imu_pid.o
    0x08008be8   0x08008be8   0x00000010   Code   RO         1689    i.set_imu_status    imu_pid.o
    0x08008bf8   0x08008bf8   0x0000005c   Code   RO         1348    i.set_motor         motor.o
    0x08008c54   0x08008c54   0x00000030   Code   RO         1280    i.set_speed         chassis.o
    0x08008c84   0x08008c84   0x00000064   Code   RO         1599    i.track_bar_init    track_bar_receive.o
    0x08008ce8   0x08008ce8   0x00000230   Code   RO         1600    i.track_decode      track_bar_receive.o
    0x08008f18   0x08008f18   0x00000020   Code   RO         1601    i.track_pid_cal     track_bar_receive.o
    0x08008f38   0x08008f38   0x00000018   Code   RO         2069    i.track_scan        track_task.o
    0x08008f50   0x08008f50   0x0000003c   Code   RO         1602    i.track_status      track_bar_receive.o
    0x08008f8c   0x08008f8c   0x000000b8   Code   RO         1690    i.turn_angle        imu_pid.o
    0x08009044   0x08009044   0x00000094   Code   RO         2479    i.usmart_cmd_rec    usmart.o
    0x080090d8   0x080090d8   0x0000025c   Code   RO         2480    i.usmart_exe        usmart.o
    0x08009334   0x08009334   0x000000a6   Code   RO         2400    i.usmart_get_aparm  usmart_str.o
    0x080093da   0x080093da   0x0000002e   Code   RO         2401    i.usmart_get_cmdname  usmart_str.o
    0x08009408   0x08009408   0x00000174   Code   RO         2402    i.usmart_get_fname  usmart_str.o
    0x0800957c   0x0800957c   0x000000e4   Code   RO         2403    i.usmart_get_fparam  usmart_str.o
    0x08009660   0x08009660   0x00000024   Code   RO         2404    i.usmart_get_parmpos  usmart_str.o
    0x08009684   0x08009684   0x0000000c   Code   RO         2481    i.usmart_init       usmart.o
    0x08009690   0x08009690   0x00000010   Code   RO         2405    i.usmart_pow        usmart_str.o
    0x080096a0   0x080096a0   0x000000a4   Code   RO         2482    i.usmart_scan       usmart.o
    0x08009744   0x08009744   0x00000010   Code   RO         2406    i.usmart_search_nextc  usmart_str.o
    0x08009754   0x08009754   0x000000d8   Code   RO         2407    i.usmart_str2num    usmart_str.o
    0x0800982c   0x0800982c   0x00000018   Code   RO         2408    i.usmart_strcmp     usmart_str.o
    0x08009844   0x08009844   0x00000012   Code   RO         2409    i.usmart_strcopy    usmart_str.o
    0x08009856   0x08009856   0x00000012   Code   RO         2410    i.usmart_strlen     usmart_str.o
    0x08009868   0x08009868   0x000002a0   Code   RO         2483    i.usmart_sys_cmd_exe  usmart.o
    0x08009b08   0x08009b08   0x00000014   Code   RO         2021    i.usmartscan        usmart_task.o
    0x08009b1c   0x08009b1c   0x00000026   Code   RO         2672    i.uxListRemove      list.o
    0x08009b42   0x08009b42   0x00000002   PAD
    0x08009b44   0x08009b44   0x00000018   Code   RO          398    i.vApplicationGetIdleTaskMemory  freertos.o
    0x08009b5c   0x08009b5c   0x00000016   Code   RO         2673    i.vListInitialise   list.o
    0x08009b72   0x08009b72   0x00000006   Code   RO         2674    i.vListInitialiseItem  list.o
    0x08009b78   0x08009b78   0x00000030   Code   RO         2675    i.vListInsert       list.o
    0x08009ba8   0x08009ba8   0x00000018   Code   RO         2676    i.vListInsertEnd    list.o
    0x08009bc0   0x08009bc0   0x00000048   Code   RO         3775    i.vPortEnterCritical  port.o
    0x08009c08   0x08009c08   0x0000002c   Code   RO         3776    i.vPortExitCritical  port.o
    0x08009c34   0x08009c34   0x00000064   Code   RO         3712    i.vPortFree         heap_4.o
    0x08009c98   0x08009c98   0x00000024   Code   RO         3777    i.vPortSetupTimerInterrupt  port.o
    0x08009cbc   0x08009cbc   0x0000005c   Code   RO         3778    i.vPortValidateInterruptPriority  port.o
    0x08009d18   0x08009d18   0x00000050   Code   RO         3043    i.vTaskDelay        tasks.o
    0x08009d68   0x08009d68   0x000000b0   Code   RO         3045    i.vTaskDelete       tasks.o
    0x08009e18   0x08009e18   0x00000010   Code   RO         3047    i.vTaskInternalSetTimeOutState  tasks.o
    0x08009e28   0x08009e28   0x0000000c   Code   RO         3048    i.vTaskMissedYield  tasks.o
    0x08009e34   0x08009e34   0x00000034   Code   RO         3050    i.vTaskPlaceOnEventList  tasks.o
    0x08009e68   0x08009e68   0x00000070   Code   RO         3057    i.vTaskStartScheduler  tasks.o
    0x08009ed8   0x08009ed8   0x00000010   Code   RO         3059    i.vTaskSuspendAll   tasks.o
    0x08009ee8   0x08009ee8   0x00000060   Code   RO         3060    i.vTaskSwitchContext  tasks.o
    0x08009f48   0x08009f48   0x00000018   Code   RO         1282    i.w_speed_set       chassis.o
    0x08009f60   0x08009f60   0x000000c0   Code   RO         3779    i.xPortStartScheduler  port.o
    0x0800a020   0x0800a020   0x0000004c   Code   RO         2726    i.xQueueGenericCreate  queue.o
    0x0800a06c   0x0800a06c   0x00000098   Code   RO         2728    i.xQueueGenericReset  queue.o
    0x0800a104   0x0800a104   0x00000170   Code   RO         2729    i.xQueueGenericSend  queue.o
    0x0800a274   0x0800a274   0x000000cc   Code   RO         2730    i.xQueueGenericSendFromISR  queue.o
    0x0800a340   0x0800a340   0x000000a8   Code   RO         2737    i.xQueueReceiveFromISR  queue.o
    0x0800a3e8   0x0800a3e8   0x00000080   Code   RO         3061    i.xTaskCheckForTimeOut  tasks.o
    0x0800a468   0x0800a468   0x0000005a   Code   RO         3062    i.xTaskCreate       tasks.o
    0x0800a4c2   0x0800a4c2   0x0000005e   Code   RO         3063    i.xTaskCreateStatic  tasks.o
    0x0800a520   0x0800a520   0x0000001c   Code   RO         3067    i.xTaskGetSchedulerState  tasks.o
    0x0800a53c   0x0800a53c   0x000000cc   Code   RO         3070    i.xTaskIncrementTick  tasks.o
    0x0800a608   0x0800a608   0x000000a8   Code   RO         3073    i.xTaskPriorityDisinherit  tasks.o
    0x0800a6b0   0x0800a6b0   0x00000078   Code   RO         3075    i.xTaskRemoveFromEventList  tasks.o
    0x0800a728   0x0800a728   0x000000c8   Code   RO         3076    i.xTaskResumeAll    tasks.o
    0x0800a7f0   0x0800a7f0   0x0000002c   Code   RO         7232    locale$$code        c_w.l(lc_numeric_c.o)
    0x0800a81c   0x0800a81c   0x00000018   Code   RO         7053    x$fpl$basic         fz_wm.l(basic.o)
    0x0800a834   0x0800a834   0x00000062   Code   RO         7055    x$fpl$d2f           fz_wm.l(d2f.o)
    0x0800a896   0x0800a896   0x00000002   PAD
    0x0800a898   0x0800a898   0x00000150   Code   RO         7057    x$fpl$dadd          fz_wm.l(daddsub_clz.o)
    0x0800a9e8   0x0800a9e8   0x00000018   Code   RO         7139    x$fpl$dcmpinf       fz_wm.l(dcmpi.o)
    0x0800aa00   0x0800aa00   0x000002b0   Code   RO         7064    x$fpl$ddiv          fz_wm.l(ddiv.o)
    0x0800acb0   0x0800acb0   0x0000005e   Code   RO         7067    x$fpl$dfix          fz_wm.l(dfix.o)
    0x0800ad0e   0x0800ad0e   0x00000002   PAD
    0x0800ad10   0x0800ad10   0x0000005a   Code   RO         7071    x$fpl$dfixu         fz_wm.l(dfixu.o)
    0x0800ad6a   0x0800ad6a   0x0000002e   Code   RO         7076    x$fpl$dflt          fz_wm.l(dflt_clz.o)
    0x0800ad98   0x0800ad98   0x00000026   Code   RO         7075    x$fpl$dfltu         fz_wm.l(dflt_clz.o)
    0x0800adbe   0x0800adbe   0x00000002   PAD
    0x0800adc0   0x0800adc0   0x00000078   Code   RO         7081    x$fpl$dleqf         fz_wm.l(dleqf.o)
    0x0800ae38   0x0800ae38   0x00000154   Code   RO         7083    x$fpl$dmul          fz_wm.l(dmul.o)
    0x0800af8c   0x0800af8c   0x0000009c   Code   RO         7141    x$fpl$dnaninf       fz_wm.l(dnaninf.o)
    0x0800b028   0x0800b028   0x0000000c   Code   RO         7143    x$fpl$dretinf       fz_wm.l(dretinf.o)
    0x0800b034   0x0800b034   0x0000006c   Code   RO         7085    x$fpl$drleqf        fz_wm.l(drleqf.o)
    0x0800b0a0   0x0800b0a0   0x00000016   Code   RO         7058    x$fpl$drsb          fz_wm.l(daddsub_clz.o)
    0x0800b0b6   0x0800b0b6   0x00000002   PAD
    0x0800b0b8   0x0800b0b8   0x000001d4   Code   RO         7059    x$fpl$dsub          fz_wm.l(daddsub_clz.o)
    0x0800b28c   0x0800b28c   0x00000056   Code   RO         7087    x$fpl$f2d           fz_wm.l(f2d.o)
    0x0800b2e2   0x0800b2e2   0x0000008c   Code   RO         7145    x$fpl$fnaninf       fz_wm.l(fnaninf.o)
    0x0800b36e   0x0800b36e   0x0000000a   Code   RO         7314    x$fpl$fpinit        fz_wm.l(fpinit.o)
    0x0800b378   0x0800b378   0x0000000a   Code   RO         7147    x$fpl$fretinf       fz_wm.l(fretinf.o)
    0x0800b382   0x0800b382   0x00000004   Code   RO         7089    x$fpl$printf1       fz_wm.l(printf1.o)
    0x0800b386   0x0800b386   0x00000000   Code   RO         7149    x$fpl$usenofp       fz_wm.l(usenofp.o)
    0x0800b386   0x0800b386   0x00000002   PAD
    0x0800b388   0x0800b388   0x0000008c   Data   RO          400    .constdata          freertos.o
    0x0800b414   0x0800b414   0x0000000c   Data   RO          856    .constdata          atk_imu.o
    0x0800b420   0x0800b420   0x00000038   Data   RO         1887    .constdata          chassis_control.o
    0x0800b458   0x0800b458   0x0000001c   Data   RO         2108    .constdata          avoid_obs_func.o
    0x0800b474   0x0800b474   0x00000038   Data   RO         2175    .constdata          read_status_task.o
    0x0800b4ac   0x0800b4ac   0x00000010   Data   RO         2535    .constdata          system_stm32f7xx.o
    0x0800b4bc   0x0800b4bc   0x00000008   Data   RO         2536    .constdata          system_stm32f7xx.o
    0x0800b4c4   0x0800b4c4   0x00000028   Data   RO         6993    .constdata          c_w.l(_printf_hex_int.o)
    0x0800b4ec   0x0800b4ec   0x00000011   Data   RO         7028    .constdata          c_w.l(__printf_flags_ss_wp.o)
    0x0800b4fd   0x0800b4fd   0x00000003   PAD
    0x0800b500   0x0800b500   0x00000094   Data   RO         7203    .constdata          c_w.l(bigflt0.o)
    0x0800b594   0x0800b594   0x00000038   Data   RO          401    .conststring        freertos.o
    0x0800b5cc   0x0800b5cc   0x00000016   Data   RO         1888    .conststring        chassis_control.o
    0x0800b5e2   0x0800b5e2   0x00000002   PAD
    0x0800b5e4   0x0800b5e4   0x0000000a   Data   RO         2109    .conststring        avoid_obs_func.o
    0x0800b5ee   0x0800b5ee   0x00000002   PAD
    0x0800b5f0   0x0800b5f0   0x00000024   Data   RO         2176    .conststring        read_status_task.o
    0x0800b614   0x0800b614   0x00000387   Data   RO         2374    .conststring        usmart_config.o
    0x0800b99b   0x0800b99b   0x00000001   PAD
    0x0800b99c   0x0800b99c   0x00000078   Data   RO         2485    .conststring        usmart.o
    0x0800ba14   0x0800ba14   0x00000020   Data   RO         7381    Region$$Table       anon$$obj.o
    0x0800ba34   0x0800ba34   0x0000001c   Data   RO         7231    locale$$data        c_w.l(lc_numeric_c.o)


    Execution Region RW_IRAM1 (Exec base: 0x20000000, Load base: 0x0800ba50, Size: 0x000056e8, Max: 0x00050000, ABSOLUTE, COMPRESSED[0x00000148])

    Exec Addr    Load Addr    Size         Type   Attr      Idx    E Section Name        Object

    0x20000000   COMPRESSED   0x00000014   Data   RW          402    .data               freertos.o
    0x20000014   COMPRESSED   0x00000028   Data   RW          857    .data               atk_imu.o
    0x2000003c   COMPRESSED   0x00000034   Data   RW          950    .data               openmv.o
    0x20000070   COMPRESSED   0x0000002c   Data   RW         1074    .data               qr_code.o
    0x2000009c   COMPRESSED   0x00000084   Data   RW         1138    .data               servo.o
    0x20000120   COMPRESSED   0x0000005c   Data   RW         1284    .data               chassis.o
    0x2000017c   COMPRESSED   0x00000020   Data   RW         1353    .data               motor.o
    0x2000019c   COMPRESSED   0x00000010   Data   RW         1446    .data               time_cnt.o
    0x200001ac   COMPRESSED   0x00000008   Data   RW         1503    .data               uart_handle.o
    0x200001b4   COMPRESSED   0x00000004   Data   RW         1505    .data               uart_handle.o
    0x200001b8   COMPRESSED   0x00000040   Data   RW         1604    .data               track_bar_receive.o
    0x200001f8   COMPRESSED   0x00000020   Data   RW         1693    .data               imu_pid.o
    0x20000218   COMPRESSED   0x00000006   Data   RW         1753    .data               avoid_obs.o
    0x2000021e   COMPRESSED   0x00000002   PAD
    0x20000220   COMPRESSED   0x00000018   Data   RW         1842    .data               tim_control.o
    0x20000238   COMPRESSED   0x00000048   Data   RW         1889    .data               chassis_control.o
    0x20000280   COMPRESSED   0x00000004   Data   RW         1968    .data               debug_task.o
    0x20000284   COMPRESSED   0x00000008   Data   RW         2110    .data               avoid_obs_func.o
    0x2000028c   COMPRESSED   0x00000020   Data   RW         2178    .data               read_status_task.o
    0x200002ac   COMPRESSED   0x000000a8   Data   RW         2375    .data               usmart_config.o
    0x20000354   COMPRESSED   0x000000f4   Data   RW         2376    .data               usmart_config.o
    0x20000448   COMPRESSED   0x0000001c   Data   RW         2486    .data               usmart.o
    0x20000464   COMPRESSED   0x00000004   Data   RW         2537    .data               system_stm32f7xx.o
    0x20000468   COMPRESSED   0x0000003c   Data   RW         3079    .data               tasks.o
    0x200004a4   COMPRESSED   0x00000018   Data   RW         3717    .data               heap_4.o
    0x200004bc   COMPRESSED   0x0000000c   Data   RW         3780    .data               port.o
    0x200004c8   COMPRESSED   0x0000000c   Data   RW         4787    .data               stm32f7xx_hal.o
    0x200004d4        -       0x00000254   Zero   RW          399    .bss                freertos.o
    0x20000728        -       0x0000017c   Zero   RW          479    .bss                tim.o
    0x200008a4        -       0x00000420   Zero   RW          563    .bss                usart.o
    0x20000cc4        -       0x0000004c   Zero   RW          808    .bss                stm32f7xx_hal_timebase_tim.o
    0x20000d10        -       0x00000061   Zero   RW          854    .bss                atk_imu.o
    0x20000d71   COMPRESSED   0x00000007   PAD
    0x20000d78        -       0x00000048   Zero   RW         1283    .bss                chassis.o
    0x20000dc0        -       0x000001c0   Zero   RW         1352    .bss                motor.o
    0x20000f80        -       0x0000004c   Zero   RW         1445    .bss                time_cnt.o
    0x20000fcc        -       0x000000c8   Zero   RW         1502    .bss                uart_handle.o
    0x20001094        -       0x0000000c   Zero   RW         1553    .bss                delay.o
    0x200010a0        -       0x00000198   Zero   RW         1603    .bss                track_bar_receive.o
    0x20001238        -       0x0000003c   Zero   RW         1691    .bss                imu_pid.o
    0x20001274        -       0x00000024   Zero   RW         1752    .bss                avoid_obs.o
    0x20001298        -       0x000000d0   Zero   RW         1841    .bss                tim_control.o
    0x20001368        -       0x0000000c   Zero   RW         1886    .bss                chassis_control.o
    0x20001374        -       0x00000024   Zero   RW         2174    .bss                read_status_task.o
    0x20001398        -       0x000000f0   Zero   RW         3078    .bss                tasks.o
    0x20001488        -       0x00003c00   Zero   RW         3716    .bss                heap_4.o
    0x20005088        -       0x00000060   Zero   RW         7239    .bss                c_w.l(libspace.o)
    0x200050e8        -       0x00000200   Zero   RW         6965    HEAP                startup_stm32f750xx.o
    0x200052e8        -       0x00000400   Zero   RW         6964    STACK               startup_stm32f750xx.o


==============================================================================

Image component sizes


      Code (inc. data)   RO Data    RW Data    ZI Data      Debug   Object Name

      1036         86         12         40         97      12422   atk_imu.o
       196         40          0          6         36      32792   avoid_obs.o
       120         18         38          8          0       1837   avoid_obs_func.o
      1468        152          0         92         72       4466   chassis.o
      1902        122         78         72         12       7933   chassis_control.o
        12          0          0          0          0        471   chassis_task.o
       122          0          0          0          0      22997   cmsis_os.o
       288         12          0          4          0       2568   debug_task.o
       104         10          0          0         12       2071   delay.o
         0          0          0          0          0      18796   event_groups.o
       160         16        196         20        596       7239   freertos.o
        54          0          0          0          0       1186   general.o
       312         26          0          0          0     833099   gpio.o
       484         24          0         24      15360       7291   heap_4.o
       480        106          0         32         60       3281   imu_pid.o
       138          0          0          0          0       3470   list.o
       454         38          0          0          0     863905   main.o
      1108         88          0         32        448       6363   motor.o
       468         36          0         52          0       6474   openmv.o
       506         22          0          0          0       3144   pid.o
       774         80          0         12          0      11769   port.o
       316         22          0         44          0       3576   qr_code.o
      1242         10          0          0          0      14721   queue.o
      3046        136         92         32         36      14645   read_status_task.o
       700        116          0        132          0       5992   servo.o
        64         26        456          0       1536        796   startup_stm32f750xx.o
        86         14          0         12          0       8242   stm32f7xx_hal.o
       160         12          0          0          0      38126   stm32f7xx_hal_cortex.o
       182          0          0          0          0       2083   stm32f7xx_hal_dma.o
       518         58          0          0          0       4315   stm32f7xx_hal_gpio.o
        56          4          0          0          0        806   stm32f7xx_hal_msp.o
       108          8          0          0          0       1240   stm32f7xx_hal_pwr_ex.o
      1432         76          0          0          0       5781   stm32f7xx_hal_rcc.o
      1276         16          0          0          0       2260   stm32f7xx_hal_rcc_ex.o
      3480        290          0          0          0      23389   stm32f7xx_hal_tim.o
       330         40          0          0          0       3920   stm32f7xx_hal_tim_ex.o
       116         16          0          0         76       1359   stm32f7xx_hal_timebase_tim.o
      1896         76          0          0          0      10459   stm32f7xx_hal_uart.o
       218         52          0          0          0       9505   stm32f7xx_it.o
        16          4         24          4          0       1059   system_stm32f7xx.o
      2254        162          0         60        240      25868   tasks.o
      1300         98          0          0        380       6121   tim.o
      2140         96          0         24        208       3390   tim_control.o
       256         34          0         16         76       2812   time_cnt.o
       972         76          0         64        408       7981   track_bar_receive.o
        24          4          0          0          0        473   track_task.o
       282         34          0         12        200       4217   uart_handle.o
      1244        132          0          0       1056       6397   usart.o
      1600        446        120         28          0       4522   usmart.o
         0          0        903        412          0       1780   usmart_config.o
      1156         22          0          0          0       9179   usmart_str.o
        20          6          0          0          0        465   usmart_task.o

    ----------------------------------------------------------------------
     36730       2962       1956       1236      20916    2079053   Object Totals
         0          0         32          0          0          0   (incl. Generated)
        54          0          5          2          7          0   (incl. Padding)

    ----------------------------------------------------------------------

      Code (inc. data)   RO Data    RW Data    ZI Data      Debug   Library Member Name

        90          0          0          0          0          0   __dczerorl2.o
         8          0          0          0          0         68   __main.o
       392          4         17          0          0         92   __printf_flags_ss_wp.o
        14          0          0          0          0         68   __printf_wp.o
         0          0          0          0          0          0   __rtentry.o
        12          0          0          0          0          0   __rtentry2.o
         6          0          0          0          0          0   __rtentry4.o
        52          8          0          0          0          0   __scatter.o
        28          0          0          0          0          0   __scatter_zi.o
         6          0          0          0          0          0   _printf_c.o
        44          0          0          0          0        108   _printf_char.o
        48          6          0          0          0         96   _printf_char_common.o
        36          4          0          0          0         80   _printf_char_file.o
         6          0          0          0          0          0   _printf_d.o
       120         16          0          0          0         92   _printf_dec.o
         6          0          0          0          0          0   _printf_f.o
      1054          0          0          0          0        216   _printf_fp_dec.o
       128         16          0          0          0         84   _printf_fp_infnan.o
        88          4         40          0          0         88   _printf_hex_int.o
       178          0          0          0          0         88   _printf_intcommon.o
        78          0          0          0          0        108   _printf_pad.o
         0          0          0          0          0          0   _printf_percent.o
         4          0          0          0          0          0   _printf_percent_end.o
         6          0          0          0          0          0   _printf_s.o
        82          0          0          0          0         80   _printf_str.o
         6          0          0          0          0          0   _printf_u.o
         6          0          0          0          0          0   _printf_x.o
        16          0          0          0          0         68   aeabi_memset.o
       228          4        148          0          0         96   bigflt0.o
      1936        128          0          0          0        672   btod.o
        18          0          0          0          0         80   exit.o
         8          0          0          0          0         68   ferror.o
         6          0          0          0          0        152   heapauxi.o
        44         10         28          0          0         76   lc_numeric_c.o
         2          0          0          0          0          0   libinit.o
        22          0          0          0          0          0   libinit2.o
         2          0          0          0          0          0   libshutdown.o
         2          0          0          0          0          0   libshutdown2.o
         8          4          0          0         96         68   libspace.o
       138          0          0          0          0         80   lludiv10.o
       238          0          0          0          0        100   lludivv7m.o
        24          4          0          0          0         84   noretval__2printf.o
         8          4          0          0          0         68   rt_locale_intlibspace.o
        68          0          0          0          0         68   rt_memclr.o
        78          0          0          0          0         80   rt_memclr_w.o
       138          0          0          0          0         68   rt_memcpy_v6.o
       100          0          0          0          0         80   rt_memcpy_w.o
         2          0          0          0          0          0   rtexit.o
        10          0          0          0          0          0   rtexit2.o
       104          0          0          0          0         68   strcmpv7m_pel.o
        74          0          0          0          0         80   sys_stackheap_outer.o
         2          0          0          0          0         68   use_no_semi.o
         2          0          0          0          0         68   use_no_semi_2.o
        24          0          0          0          0        164   basic.o
        98          4          0          0          0        140   d2f.o
       826         16          0          0          0        492   daddsub_clz.o
        24          0          0          0          0        116   dcmpi.o
       688        140          0          0          0        256   ddiv.o
        94          4          0          0          0        140   dfix.o
        90          4          0          0          0        140   dfixu.o
        84          0          0          0          0        232   dflt_clz.o
       120          4          0          0          0        140   dleqf.o
       340         12          0          0          0        152   dmul.o
       156          4          0          0          0        140   dnaninf.o
        12          0          0          0          0        116   dretinf.o
       108          0          0          0          0        128   drleqf.o
        86          4          0          0          0        132   f2d.o
       140          4          0          0          0        132   fnaninf.o
        10          0          0          0          0        116   fpinit.o
        10          0          0          0          0        116   fretinf.o
         4          0          0          0          0        116   printf1.o
         0          0          0          0          0          0   usenofp.o
        20          0          0          0          0        124   fabs.o
        48          0          0          0          0        124   fpclassify.o

    ----------------------------------------------------------------------
      8774        408        236          0         96       6676   Library Totals
        16          0          3          0          0          0   (incl. Padding)

    ----------------------------------------------------------------------

      Code (inc. data)   RO Data    RW Data    ZI Data      Debug   Library Name

      5776        212        233          0         96       3460   c_w.l
      2914        196          0          0          0       2968   fz_wm.l
        68          0          0          0          0        248   m_wm.l

    ----------------------------------------------------------------------
      8774        408        236          0         96       6676   Library Totals

    ----------------------------------------------------------------------

==============================================================================


      Code (inc. data)   RO Data    RW Data    ZI Data      Debug   

     45504       3370       2192       1236      21012    2053705   Grand Totals
     45504       3370       2192        328      21012    2053705   ELF Image Totals (compressed)
     45504       3370       2192        328          0          0   ROM Totals

==============================================================================

    Total RO  Size (Code + RO Data)                47696 (  46.58kB)
    Total RW  Size (RW Data + ZI Data)             22248 (  21.73kB)
    Total ROM Size (Code + RO Data + RW Data)      48024 (  46.90kB)

==============================================================================

