<html>
<body>
<pre>
<h1>µVision Build Log</h1>
<h2>Tool Versions:</h2>
IDE-Version: ¦ÌVision V5.35.0.0
Copyright (C) 2021 ARM Ltd and ARM Germany GmbH. All rights reserved.
License Information: éF¾Ã ³Â, GDUT, LIC=585FJ-URW57-X7BRZ-JUGT7-1XVRV-FBU1F
 
Tool Versions:
Toolchain:       MDK-ARM Plus  Version: 5.35.0.2
Toolchain Path:  D:\Keil_v5\ARM\ARMCC\Bin
C Compiler:      Armcc.exe V5.06 update 7 (build 960)
Assembler:       Armasm.exe V5.06 update 7 (build 960)
Linker/Locator:  ArmLink.exe V5.06 update 7 (build 960)
Library Manager: ArmAr.exe V5.06 update 7 (build 960)
Hex Converter:   FromElf.exe V5.06 update 7 (build 960)
CPU DLL:         SARMCM3.DLL V5.35.0.2
Dialog DLL:      DCM.DLL V1.17.3.0
Target DLL:      CMSIS_AGDI.dll V1.33.0.0
Dialog DLL:      TCM.DLL V1.53.0.0
 
<h2>Project:</h2>
E:\program\motor\motor\MDK-ARM\motor.uvprojx
Project File Date:  09/15/2021

<h2>Output:</h2>
*** Using Compiler 'V5.06 update 7 (build 960)', folder: 'D:\Keil_v5\ARM\ARMCC\Bin'
Build target 'motor'
compiling imu_pid.c...
compiling atk_imu.c...
compiling track_bar_receive.c...
compiling usmart_config.c...
compiling stm32f7xx_it.c...
compiling main.c...
compiling read_status_task.c...
compiling chassis.c...
..\Driver\chassis.c(124): warning:  #1035-D: single-precision operand implicitly converted to double-precision
          x_error = (track_pid_cal(&x_rightbar) - track_pid_cal(&x_leftbar)) / 2.0;
..\Driver\chassis.c(134): warning:  #1035-D: single-precision operand implicitly converted to double-precision
          speed_factor = min_val / 100.0;
..\Driver\chassis.c(154): warning:  #1035-D: single-precision operand implicitly converted to double-precision
          motor_target[1] = 0.707 * y + 0.707 * x - Radius_[1] * w;
..\Driver\chassis.c(154): warning:  #1035-D: single-precision operand implicitly converted to double-precision
          motor_target[1] = 0.707 * y + 0.707 * x - Radius_[1] * w;
..\Driver\chassis.c(155): warning:  #1035-D: single-precision operand implicitly converted to double-precision
          motor_target[2] = -0.707 * y + 0.707 * x - Radius_[2] * w;
..\Driver\chassis.c(156): warning:  #1035-D: single-precision operand implicitly converted to double-precision
          motor_target[3] = 0.707 * y - 0.707 * x - Radius_[3] * w;
..\Driver\chassis.c(156): warning:  #1035-D: single-precision operand implicitly converted to double-precision
          motor_target[3] = 0.707 * y - 0.707 * x - Radius_[3] * w;
..\Driver\chassis.c(157): warning:  #1035-D: single-precision operand implicitly converted to double-precision
          motor_target[4] = -0.707 * y - 0.707 * x - Radius_[4] * w ;
..\Driver\chassis.c(174): warning:  #1035-D: single-precision operand implicitly converted to double-precision
          motor_target[1] = 0.707 * y + 0.707 * x - Radius_[1] * w + speed_factor * (y_error + x_error);
..\Driver\chassis.c(174): warning:  #1035-D: single-precision operand implicitly converted to double-precision
          motor_target[1] = 0.707 * y + 0.707 * x - Radius_[1] * w + speed_factor * (y_error + x_error);
..\Driver\chassis.c(175): warning:  #1035-D: single-precision operand implicitly converted to double-precision
          motor_target[2] = -0.707 * y + 0.707 * x - Radius_[2] * w + speed_factor * (y_error + x_error);
..\Driver\chassis.c(176): warning:  #1035-D: single-precision operand implicitly converted to double-precision
          motor_target[3] = 0.707 * y - 0.707 * x - Radius_[3] * w + speed_factor * (y_error + x_error);
..\Driver\chassis.c(176): warning:  #1035-D: single-precision operand implicitly converted to double-precision
          motor_target[3] = 0.707 * y - 0.707 * x - Radius_[3] * w + speed_factor * (y_error + x_error);
..\Driver\chassis.c(177): warning:  #1035-D: single-precision operand implicitly converted to double-precision
          motor_target[4] = -0.707 * y - 0.707 * x - Radius_[4] * w + speed_factor * (y_error + x_error);
..\Driver\chassis.c: 14 warnings, 0 errors
linking...
Program Size: Code=38800 RO-data=1472 RW-data=968 ZI-data=21016  
FromELF: creating hex file...
"motor\motor.axf" - 0 Error(s), 14 Warning(s).

<h2>Software Packages used:</h2>

Package Vendor: ARM
                http://www.keil.com/pack/ARM.CMSIS.5.8.0.pack
                ARM.CMSIS.5.8.0
                CMSIS (Common Microcontroller Software Interface Standard)
   * Component: CORE Version: 5.5.0

Package Vendor: Keil
                http://www.keil.com/pack/Keil.STM32F7xx_DFP.2.14.0.pack
                Keil.STM32F7xx_DFP.2.14.0
                STMicroelectronics STM32F7 Series Device Support, Drivers and Examples

<h2>Collection of Component include folders:</h2>
  .\RTE\_motor
  D:\Keil_v5\Arm\Packs\ARM\CMSIS\5.8.0\CMSIS\Core\Include
  D:\Keil_v5\Arm\Packs\Keil\STM32F7xx_DFP\2.14.0\Drivers\CMSIS\Device\ST\STM32F7xx\Include

<h2>Collection of Component Files used:</h2>

   * Component: ARM::CMSIS:CORE:5.5.0
      Include file:  CMSIS\Core\Include\tz_context.h
Build Time Elapsed:  00:00:32
</pre>
</body>
</html>
