<html>
<body>
<pre>
<h1>µVision Build Log</h1>
<h2>Tool Versions:</h2>
IDE-Version: ¦ÌVision V5.35.0.0
Copyright (C) 2021 ARM Ltd and ARM Germany GmbH. All rights reserved.
License Information: éF¾Ã ³Â, GDUT, LIC=585FJ-URW57-X7BRZ-JUGT7-1XVRV-FBU1F
 
Tool Versions:
Toolchain:       MDK-ARM Plus  Version: 5.35.0.2
Toolchain Path:  D:\Keil_v5\ARM\ARMCC\Bin
C Compiler:      Armcc.exe V5.06 update 7 (build 960)
Assembler:       Armasm.exe V5.06 update 7 (build 960)
Linker/Locator:  ArmLink.exe V5.06 update 7 (build 960)
Library Manager: ArmAr.exe V5.06 update 7 (build 960)
Hex Converter:   FromElf.exe V5.06 update 7 (build 960)
CPU DLL:         SARMCM3.DLL V5.35.0.2
Dialog DLL:      DCM.DLL V1.17.3.0
Target DLL:      CMSIS_AGDI.dll V1.33.0.0
Dialog DLL:      TCM.DLL V1.53.0.0
 
<h2>Project:</h2>
E:\program\backup\motor\MDK-ARM\motor.uvprojx
Project File Date:  09/01/2021

<h2>Output:</h2>
*** Using Compiler 'V5.06 update 7 (build 960)', folder: 'D:\Keil_v5\ARM\ARMCC\Bin'
Build target 'motor'
compiling quadspi.c...
compiling gpio.c...
compiling i2c.c...
compiling main.c...
compiling dma.c...
compiling ahrs.c...
compiling tim.c...
compiling imu.c...
..\module\param_save.h(26): warning:  #1-D: last line of file ends without a newline
  #endif
..\module\imu.c: 1 warning, 0 errors
compiling usart.c...
compiling freertos.c...
compiling stm32f7xx_hal_msp.c...
compiling stm32f7xx_it.c...
compiling stm32f7xx_hal_timebase_tim.c...
compiling mpu6050.c...
compiling param_save.c...
..\module\param_save.h(26): warning:  #1-D: last line of file ends without a newline
  #endif
..\module\param_save.c: 1 warning, 0 errors
compiling w25q.c...
compiling chassis.c...
..\Driver\chassis.c(134): warning:  #1035-D: single-precision operand implicitly converted to double-precision
      motor_target[1] = 0.707 * y + 0.707 * x - Radius_[1] * w - y_error -x_error;
..\Driver\chassis.c(134): warning:  #1035-D: single-precision operand implicitly converted to double-precision
      motor_target[1] = 0.707 * y + 0.707 * x - Radius_[1] * w - y_error -x_error;
..\Driver\chassis.c(135): warning:  #1035-D: single-precision operand implicitly converted to double-precision
      motor_target[2] = -0.707 * y + 0.707 * x - Radius_[2] * w -y_error -x_error;
..\Driver\chassis.c(136): warning:  #1035-D: single-precision operand implicitly converted to double-precision
      motor_target[3] = 0.707 * y - 0.707 * x - Radius_[3] * w - y_error - x_error;
..\Driver\chassis.c(136): warning:  #1035-D: single-precision operand implicitly converted to double-precision
      motor_target[3] = 0.707 * y - 0.707 * x - Radius_[3] * w - y_error - x_error;
..\Driver\chassis.c(137): warning:  #1035-D: single-precision operand implicitly converted to double-precision
      motor_target[4] = -0.707 * y - 0.707 * x - Radius_[4] * w - y_error - x_error;
..\Driver\chassis.c: 6 warnings, 0 errors
compiling motor.c...
compiling time_cnt.c...
compiling delay.c...
compiling uart_handle.c...
compiling track_bar_receive.c...
..\Driver\track_bar_receive.c(51): warning:  #177-D: variable "i"  was declared but never referenced
      uint8_t i = 0;
..\Driver\track_bar_receive.c: 1 warning, 0 errors
compiling iic.c...
compiling qspi.c...
compiling imu_pid.c...
compiling ahrs_task.c...
..\TASK\ahrs_task.c(25): warning:  #111-D: statement is unreachable
      vTaskDelete(NULL);//·ÀÖ¹·¢·è
..\TASK\ahrs_task.c(26): warning:  #1-D: last line of file ends without a newline
  }
..\TASK\ahrs_task.c: 2 warnings, 0 errors
compiling avoid_obs.c...
..\Driver\avoid_obs.c(22): warning:  #111-D: statement is unreachable
      return 0;
..\Driver\avoid_obs.c(68): warning:  #1-D: last line of file ends without a newline
  }
..\Driver\avoid_obs.c: 2 warnings, 0 errors
compiling filter.c...
compiling pid.c...
compiling tim_control.c...
compiling chassis_control.c...
compiling debug_task.c...
compiling chassis_task.c...
compiling croutine.c...
compiling event_groups.c...
compiling list.c...
compiling track_task.c...
..\TASK\track_task.c(15): warning:  #1-D: last line of file ends without a newline
  }
..\TASK\track_task.c: 1 warning, 0 errors
compiling queue.c...
compiling stream_buffer.c...
compiling avoid_obs_func.c...
..\TASK\avoid_obs_func.c(15): warning:  #1-D: last line of file ends without a newline
  //}
..\TASK\avoid_obs_func.c: 1 warning, 0 errors
compiling timers.c...
compiling imu_temp.c...
..\TASK\imu_temp.c(45): warning:  #177-D: function "imu_temp_gpio_init"  was declared but never referenced
  static void imu_temp_gpio_init(void)
..\TASK\imu_temp.c: 1 warning, 0 errors
compiling heap_4.c...
compiling tasks.c...
compiling port.c...
compiling cmsis_os.c...
compiling usmart_config.c...
compiling usmart.c...
compiling system_stm32f7xx.c...
compiling usmart_str.c...
compiling stm32f7xx_hal_flash.c...
compiling stm32f7xx_hal_flash_ex.c...
compiling stm32f7xx_hal_rcc_ex.c...
compiling stm32f7xx_hal_cortex.c...
compiling stm32f7xx_hal_rcc.c...
compiling stm32f7xx_hal_dma.c...
compiling stm32f7xx_hal_dma_ex.c...
compiling stm32f7xx_hal_gpio.c...
compiling stm32f7xx_hal_pwr.c...
compiling stm32f7xx_hal_pwr_ex.c...
compiling stm32f7xx_hal.c...
compiling stm32f7xx_hal_i2c_ex.c...
compiling stm32f7xx_hal_i2c.c...
compiling stm32f7xx_hal_exti.c...
compiling stm32f7xx_hal_qspi.c...
compiling stm32f7xx_hal_tim.c...
compiling stm32f7xx_hal_uart_ex.c...
compiling stm32f7xx_hal_tim_ex.c...
compiling stm32f7xx_hal_uart.c...
linking...
Program Size: Code=60484 RO-data=2308 RW-data=892 ZI-data=22900  
FromELF: creating hex file...
"motor\motor.axf" - 0 Error(s), 16 Warning(s).

<h2>Software Packages used:</h2>

Package Vendor: ARM
                http://www.keil.com/pack/ARM.CMSIS.5.8.0.pack
                ARM.CMSIS.5.8.0
                CMSIS (Common Microcontroller Software Interface Standard)
   * Component: CORE Version: 5.5.0

Package Vendor: Keil
                http://www.keil.com/pack/Keil.STM32F7xx_DFP.2.14.0.pack
                Keil.STM32F7xx_DFP.2.14.0
                STMicroelectronics STM32F7 Series Device Support, Drivers and Examples

<h2>Collection of Component include folders:</h2>
  .\RTE\_motor
  D:\Keil_v5\Arm\Packs\ARM\CMSIS\5.8.0\CMSIS\Core\Include
  D:\Keil_v5\Arm\Packs\Keil\STM32F7xx_DFP\2.14.0\Drivers\CMSIS\Device\ST\STM32F7xx\Include

<h2>Collection of Component Files used:</h2>

   * Component: ARM::CMSIS:CORE:5.5.0
      Include file:  CMSIS\Core\Include\tz_context.h
Build Time Elapsed:  00:02:55
</pre>
</body>
</html>
