Component: ARM Compiler 5.06 update 7 (build 960) Tool: armlink [4d3601]

==============================================================================

Section Cross References

    main.o(i.HAL_TIM_PeriodElapsedCallback) refers to tim_control.o(i.MY_PeriodElapsedCallback) for MY_PeriodElapsedCallback
    main.o(i.HAL_TIM_PeriodElapsedCallback) refers to stm32f7xx_hal.o(i.HAL_IncTick) for HAL_IncTick
    main.o(i.SystemClock_Config) refers to rt_memclr_w.o(.text) for __aeabi_memclr4
    main.o(i.SystemClock_Config) refers to stm32f7xx_hal_rcc.o(i.HAL_RCC_OscConfig) for HAL_RCC_OscConfig
    main.o(i.SystemClock_Config) refers to stm32f7xx_hal_pwr_ex.o(i.HAL_PWREx_EnableOverDrive) for HAL_PWREx_EnableOverDrive
    main.o(i.SystemClock_Config) refers to stm32f7xx_hal_rcc.o(i.HAL_RCC_ClockConfig) for HAL_RCC_ClockConfig
    main.o(i.SystemClock_Config) refers to stm32f7xx_hal_rcc_ex.o(i.HAL_RCCEx_PeriphCLKConfig) for HAL_RCCEx_PeriphCLKConfig
    main.o(i.USER_Init) refers to track_bar_receive.o(i.track_bar_init) for track_bar_init
    main.o(i.USER_Init) refers to time_cnt.o(i.Get_Time_Init) for Get_Time_Init
    main.o(i.USER_Init) refers to atk_imu.o(i.ATK_IMU_Init) for ATK_IMU_Init
    main.o(i.USER_Init) refers to delay.o(i.delay_init) for delay_init
    main.o(i.USER_Init) refers to motor.o(i.Motor_PID_Init) for Motor_PID_Init
    main.o(i.USER_Init) refers to chassis.o(i.set_chassis_status) for set_chassis_status
    main.o(i.USER_Init) refers to motor.o(i.motor_init) for motor_init
    main.o(i.USER_Init) refers to uart_handle.o(i.printf_init) for printf_init
    main.o(i.USER_Init) refers to track_bar_receive.o(i.track_status) for track_status
    main.o(i.USER_Init) refers to usart.o(.bss) for huart1
    main.o(i.USER_Init) refers to tim.o(.bss) for htim6
    main.o(i.USER_Init) refers to usmart_config.o(.data) for usmart_dev
    main.o(i.main) refers to stm32f7xx_hal.o(i.HAL_Init) for HAL_Init
    main.o(i.main) refers to main.o(i.SystemClock_Config) for SystemClock_Config
    main.o(i.main) refers to gpio.o(i.MX_GPIO_Init) for MX_GPIO_Init
    main.o(i.main) refers to tim.o(i.MX_TIM1_Init) for MX_TIM1_Init
    main.o(i.main) refers to tim.o(i.MX_TIM2_Init) for MX_TIM2_Init
    main.o(i.main) refers to tim.o(i.MX_TIM3_Init) for MX_TIM3_Init
    main.o(i.main) refers to tim.o(i.MX_TIM5_Init) for MX_TIM5_Init
    main.o(i.main) refers to usart.o(i.MX_USART1_UART_Init) for MX_USART1_UART_Init
    main.o(i.main) refers to usart.o(i.MX_USART2_UART_Init) for MX_USART2_UART_Init
    main.o(i.main) refers to tim.o(i.MX_TIM6_Init) for MX_TIM6_Init
    main.o(i.main) refers to usart.o(i.MX_UART4_Init) for MX_UART4_Init
    main.o(i.main) refers to usart.o(i.MX_UART5_Init) for MX_UART5_Init
    main.o(i.main) refers to usart.o(i.MX_UART7_Init) for MX_UART7_Init
    main.o(i.main) refers to usart.o(i.MX_UART8_Init) for MX_UART8_Init
    main.o(i.main) refers to usart.o(i.MX_USART3_UART_Init) for MX_USART3_UART_Init
    main.o(i.main) refers to usart.o(i.MX_USART6_UART_Init) for MX_USART6_UART_Init
    main.o(i.main) refers to main.o(i.USER_Init) for USER_Init
    main.o(i.main) refers to freertos.o(i.MX_FREERTOS_Init) for MX_FREERTOS_Init
    main.o(i.main) refers to cmsis_os.o(i.osKernelStart) for osKernelStart
    gpio.o(i.MX_GPIO_Init) refers to rt_memclr_w.o(.text) for __aeabi_memclr4
    gpio.o(i.MX_GPIO_Init) refers to stm32f7xx_hal_gpio.o(i.HAL_GPIO_WritePin) for HAL_GPIO_WritePin
    gpio.o(i.MX_GPIO_Init) refers to stm32f7xx_hal_gpio.o(i.HAL_GPIO_Init) for HAL_GPIO_Init
    gpio.o(i.MX_GPIO_Init) refers to stm32f7xx_hal_cortex.o(i.HAL_NVIC_SetPriority) for HAL_NVIC_SetPriority
    gpio.o(i.MX_GPIO_Init) refers to stm32f7xx_hal_cortex.o(i.HAL_NVIC_EnableIRQ) for HAL_NVIC_EnableIRQ
    freertos.o(i.MX_FREERTOS_Init) refers to rt_memcpy_w.o(.text) for __aeabi_memcpy4
    freertos.o(i.MX_FREERTOS_Init) refers to cmsis_os.o(i.osThreadCreate) for osThreadCreate
    freertos.o(i.MX_FREERTOS_Init) refers to freertos.o(.constdata) for .constdata
    freertos.o(i.MX_FREERTOS_Init) refers to freertos.o(.data) for .data
    freertos.o(i.StartDefaultTask) refers to cmsis_os.o(i.osDelay) for osDelay
    freertos.o(i.Startdebug) refers to cmsis_os.o(i.osDelay) for osDelay
    freertos.o(i.chassis_task) refers to cmsis_os.o(i.osDelay) for osDelay
    freertos.o(i.track_scan) refers to cmsis_os.o(i.osDelay) for osDelay
    freertos.o(i.usmartscan) refers to cmsis_os.o(i.osDelay) for osDelay
    freertos.o(i.vApplicationGetIdleTaskMemory) refers to freertos.o(.bss) for .bss
    freertos.o(.constdata) refers to freertos.o(.conststring) for .conststring
    freertos.o(.constdata) refers to freertos.o(i.StartDefaultTask) for StartDefaultTask
    freertos.o(.constdata) refers to debug_task.o(i.Startdebug) for Startdebug
    freertos.o(.constdata) refers to chassis_task.o(i.chassis_task) for chassis_task
    freertos.o(.constdata) refers to track_task.o(i.track_scan) for track_scan
[...]
    Track_RX_IRQ                             0x08006be9   Thumb Code   132  track_bar_receive.o(i.Track_RX_IRQ)
    U1_IRQHandler                            0x08006c79   Thumb Code   140  uart_handle.o(i.U1_IRQHandler)
    UART4_IRQHandler                         0x08006d15   Thumb Code    16  stm32f7xx_it.o(i.UART4_IRQHandler)
    UART5_IRQHandler                         0x08006d29   Thumb Code    16  stm32f7xx_it.o(i.UART5_IRQHandler)
    UART_AdvFeatureConfig                    0x08006d3d   Thumb Code   200  stm32f7xx_hal_uart.o(i.UART_AdvFeatureConfig)
    UART_CheckIdleState                      0x08006e05   Thumb Code    64  stm32f7xx_hal_uart.o(i.UART_CheckIdleState)
    UART_SetConfig                           0x08006e89   Thumb Code   518  stm32f7xx_hal_uart.o(i.UART_SetConfig)
    UART_WaitOnFlagUntilTimeout              0x080070bd   Thumb Code   164  stm32f7xx_hal_uart.o(i.UART_WaitOnFlagUntilTimeout)
    USART1_IRQHandler                        0x08007161   Thumb Code    16  stm32f7xx_it.o(i.USART1_IRQHandler)
    USART2_IRQHandler                        0x08007175   Thumb Code    16  stm32f7xx_it.o(i.USART2_IRQHandler)
    USART3_IRQHandler                        0x08007189   Thumb Code    16  stm32f7xx_it.o(i.USART3_IRQHandler)
    USART6_IRQHandler                        0x0800719d   Thumb Code    16  stm32f7xx_it.o(i.USART6_IRQHandler)
    USER_Init                                0x080071b1   Thumb Code   116  main.o(i.USER_Init)
    UsageFault_Handler                       0x0800723d   Thumb Code     2  stm32f7xx_it.o(i.UsageFault_Handler)
    Wait_Switches                            0x08007241   Thumb Code   230  read_status_task.o(i.Wait_Switches)
    __ARM_fpclassify                         0x0800732d   Thumb Code    48  fpclassify.o(i.__ARM_fpclassify)
    __hardfp_fabs                            0x0800737f   Thumb Code    20  fabs.o(i.__hardfp_fabs)
    _is_digit                                0x08007393   Thumb Code    14  __printf_wp.o(i._is_digit)
    _sys_exit                                0x080073a1   Thumb Code     2  uart_handle.o(i._sys_exit)
    angle_limit                              0x080073a5   Thumb Code    66  atk_imu.o(i.angle_limit)
    atkpParsing                              0x080073f5   Thumb Code   502  atk_imu.o(i.atkpParsing)
    avoid_callback                           0x08007601   Thumb Code   118  avoid_obs.o(i.avoid_callback)
    avoid_keep                               0x0800768d   Thumb Code    40  avoid_obs_func.o(i.avoid_keep)
    avoid_task                               0x080076bd   Thumb Code    62  avoid_obs_func.o(i.avoid_task)
    chassis_synthetic_control                0x08007705   Thumb Code   916  chassis.o(i.chassis_synthetic_control)
    chassis_task                             0x08007b1d   Thumb Code    12  chassis_task.o(i.chassis_task)
    clear_motor_data                         0x08007b29   Thumb Code   346  motor.o(i.clear_motor_data)
    cmd_encode                               0x08007ca1   Thumb Code    52  openmv.o(i.cmd_encode)
    delay_init                               0x08007cd9   Thumb Code    14  delay.o(i.delay_init)
    delay_us                                 0x08007ced   Thumb Code    80  delay.o(i.delay_us)
    direct_move                              0x08007d41   Thumb Code   126  chassis_control.o(i.direct_move)
    distance_convert                         0x08007dcd   Thumb Code    38  avoid_obs.o(i.distance_convert)
    fputc                                    0x08007e05   Thumb Code    88  uart_handle.o(i.fputc)
    get_motor_channelA_ptr                   0x08007e69   Thumb Code    96  motor.o(i.get_motor_channelA_ptr)
    get_motor_channelB_ptr                   0x08007ecd   Thumb Code    96  motor.o(i.get_motor_channelB_ptr)
    get_turn_status                          0x08007f31   Thumb Code     6  imu_pid.o(i.get_turn_status)
    if_OsRunning                             0x08007f3d   Thumb Code     6  debug_task.o(i.if_OsRunning)
    imu901_unpack                            0x08007f49   Thumb Code   138  atk_imu.o(i.imu901_unpack)
    imu_correct_val                          0x08007fdd   Thumb Code   136  imu_pid.o(i.imu_correct_val)
    main                                     0x08008081   Thumb Code    78  main.o(i.main)
    motor_init                               0x080080dd   Thumb Code   320  motor.o(i.motor_init)
    move_by_encoder                          0x08008239   Thumb Code    90  chassis_control.o(i.move_by_encoder)
    move_slantly                             0x080082a9   Thumb Code    94  chassis_control.o(i.move_slantly)
    osDelay                                  0x08008307   Thumb Code    14  cmsis_os.o(i.osDelay)
    osKernelStart                            0x08008315   Thumb Code    10  cmsis_os.o(i.osKernelStart)
    osThreadCreate                           0x0800831f   Thumb Code    84  cmsis_os.o(i.osThreadCreate)
    pid_clear                                0x08008375   Thumb Code    26  pid.o(i.pid_clear)
    pid_control                              0x08008395   Thumb Code   288  pid.o(i.pid_control)
    pos_pid_cal                              0x080084c5   Thumb Code   170  pid.o(i.pos_pid_cal)
    printf_init                              0x08008571   Thumb Code    18  uart_handle.o(i.printf_init)
    pvPortMalloc                             0x08008a01   Thumb Code   222  heap_4.o(i.pvPortMalloc)
    pxPortInitialiseStack                    0x08008ae5   Thumb Code    42  port.o(i.pxPortInitialiseStack)
    read_encoder                             0x08008b15   Thumb Code    30  motor.o(i.read_encoder)
    set_chassis_status                       0x08008b39   Thumb Code     6  chassis.o(i.set_chassis_status)
    set_imu_param                            0x08008b45   Thumb Code    84  imu_pid.o(i.set_imu_param)
    set_imu_status                           0x08008bad   Thumb Code    10  imu_pid.o(i.set_imu_status)
    set_motor                                0x08008bbd   Thumb Code    86  motor.o(i.set_motor)
    set_speed                                0x08008c19   Thumb Code    44  chassis.o(i.set_speed)
    track_bar_init                           0x08008c49   Thumb Code    82  track_bar_receive.o(i.track_bar_init)
    track_decode                             0x08008cad   Thumb Code   536  track_bar_receive.o(i.track_decode)
    track_pid_cal                            0x08008edd   Thumb Code    22  track_bar_receive.o(i.track_pid_cal)
    track_scan                               0x08008efd   Thumb Code    20  track_task.o(i.track_scan)
    track_status                             0x08008f15   Thumb Code    56  track_bar_receive.o(i.track_status)
    turn_angle                               0x08008f51   Thumb Code   138  imu_pid.o(i.turn_angle)
    usmart_cmd_rec                           0x08009009   Thumb Code   142  usmart.o(i.usmart_cmd_rec)
    usmart_exe                               0x0800909d   Thumb Code   506  usmart.o(i.usmart_exe)
    usmart_get_aparm                         0x080092f9   Thumb Code   166  usmart_str.o(i.usmart_get_aparm)
    usmart_get_cmdname                       0x0800939f   Thumb Code    46  usmart_str.o(i.usmart_get_cmdname)
    usmart_get_fname                         0x080093cd   Thumb Code   362  usmart_str.o(i.usmart_get_fname)
    usmart_get_fparam                        0x08009541   Thumb Code   222  usmart_str.o(i.usmart_get_fparam)
    usmart_get_parmpos                       0x08009625   Thumb Code    30  usmart_str.o(i.usmart_get_parmpos)
    usmart_init                              0x08009649   Thumb Code     8  usmart.o(i.usmart_init)
    usmart_pow                               0x08009655   Thumb Code    16  usmart_str.o(i.usmart_pow)
    usmart_scan                              0x08009665   Thumb Code    94  usmart.o(i.usmart_scan)
    usmart_search_nextc                      0x08009709   Thumb Code    16  usmart_str.o(i.usmart_search_nextc)
    usmart_str2num                           0x08009719   Thumb Code   216  usmart_str.o(i.usmart_str2num)
    usmart_strcmp                            0x080097f1   Thumb Code    24  usmart_str.o(i.usmart_strcmp)
    usmart_strcopy                           0x08009809   Thumb Code    18  usmart_str.o(i.usmart_strcopy)
    usmart_strlen                            0x0800981b   Thumb Code    18  usmart_str.o(i.usmart_strlen)
    usmart_sys_cmd_exe                       0x0800982d   Thumb Code   424  usmart.o(i.usmart_sys_cmd_exe)
    usmartscan                               0x08009acd   Thumb Code    14  usmart_task.o(i.usmartscan)
    uxListRemove                             0x08009ae1   Thumb Code    38  list.o(i.uxListRemove)
    vApplicationGetIdleTaskMemory            0x08009b09   Thumb Code    18  freertos.o(i.vApplicationGetIdleTaskMemory)
    vListInitialise                          0x08009b21   Thumb Code    22  list.o(i.vListInitialise)
    vListInitialiseItem                      0x08009b37   Thumb Code     6  list.o(i.vListInitialiseItem)
    vListInsert                              0x08009b3d   Thumb Code    48  list.o(i.vListInsert)
    vListInsertEnd                           0x08009b6d   Thumb Code    24  list.o(i.vListInsertEnd)
    vPortEnterCritical                       0x08009b85   Thumb Code    62  port.o(i.vPortEnterCritical)
    vPortExitCritical                        0x08009bcd   Thumb Code    38  port.o(i.vPortExitCritical)
    vPortFree                                0x08009bf9   Thumb Code    96  heap_4.o(i.vPortFree)
    vPortSetupTimerInterrupt                 0x08009c5d   Thumb Code    32  port.o(i.vPortSetupTimerInterrupt)
    vPortValidateInterruptPriority           0x08009c81   Thumb Code    82  port.o(i.vPortValidateInterruptPriority)
    vTaskDelay                               0x08009cdd   Thumb Code    70  tasks.o(i.vTaskDelay)
    vTaskDelete                              0x08009d2d   Thumb Code   162  tasks.o(i.vTaskDelete)
    vTaskInternalSetTimeOutState             0x08009ddd   Thumb Code    12  tasks.o(i.vTaskInternalSetTimeOutState)
    vTaskMissedYield                         0x08009ded   Thumb Code     8  tasks.o(i.vTaskMissedYield)
    vTaskPlaceOnEventList                    0x08009df9   Thumb Code    48  tasks.o(i.vTaskPlaceOnEventList)
    vTaskStartScheduler                      0x08009e2d   Thumb Code    94  tasks.o(i.vTaskStartScheduler)
    vTaskSuspendAll                          0x08009e9d   Thumb Code    10  tasks.o(i.vTaskSuspendAll)
    vTaskSwitchContext                       0x08009ead   Thumb Code    86  tasks.o(i.vTaskSwitchContext)
    w_speed_set                              0x08009f0d   Thumb Code    18  chassis.o(i.w_speed_set)
    xPortStartScheduler                      0x08009f25   Thumb Code   176  port.o(i.xPortStartScheduler)
    xQueueGenericCreate                      0x08009fe5   Thumb Code    76  queue.o(i.xQueueGenericCreate)
    xQueueGenericReset                       0x0800a031   Thumb Code   148  queue.o(i.xQueueGenericReset)
    xQueueGenericSend                        0x0800a0c9   Thumb Code   362  queue.o(i.xQueueGenericSend)
    xQueueGenericSendFromISR                 0x0800a239   Thumb Code   204  queue.o(i.xQueueGenericSendFromISR)
    xQueueReceiveFromISR                     0x0800a305   Thumb Code   168  queue.o(i.xQueueReceiveFromISR)
    xTaskCheckForTimeOut                     0x0800a3ad   Thumb Code   124  tasks.o(i.xTaskCheckForTimeOut)
    xTaskCreate                              0x0800a42d   Thumb Code    90  tasks.o(i.xTaskCreate)
    xTaskCreateStatic                        0x0800a487   Thumb Code    94  tasks.o(i.xTaskCreateStatic)
    xTaskGetSchedulerState                   0x0800a4e5   Thumb Code    22  tasks.o(i.xTaskGetSchedulerState)
    xTaskIncrementTick                       0x0800a501   Thumb Code   196  tasks.o(i.xTaskIncrementTick)
    xTaskPriorityDisinherit                  0x0800a5cd   Thumb Code   158  tasks.o(i.xTaskPriorityDisinherit)
    xTaskRemoveFromEventList                 0x0800a675   Thumb Code   112  tasks.o(i.xTaskRemoveFromEventList)
    xTaskResumeAll                           0x0800a6ed   Thumb Code   188  tasks.o(i.xTaskResumeAll)
    _get_lc_numeric                          0x0800a7b5   Thumb Code    44  lc_numeric_c.o(locale$$code)
    __aeabi_dneg                             0x0800a7e1   Thumb Code     0  basic.o(x$fpl$basic)
    _dneg                                    0x0800a7e1   Thumb Code     6  basic.o(x$fpl$basic)
    __aeabi_fneg                             0x0800a7e7   Thumb Code     0  basic.o(x$fpl$basic)
    _fneg                                    0x0800a7e7   Thumb Code     6  basic.o(x$fpl$basic)
    _dabs                                    0x0800a7ed   Thumb Code     6  basic.o(x$fpl$basic)
    _fabs                                    0x0800a7f3   Thumb Code     6  basic.o(x$fpl$basic)
    __aeabi_d2f                              0x0800a7f9   Thumb Code     0  d2f.o(x$fpl$d2f)
    _d2f                                     0x0800a7f9   Thumb Code    98  d2f.o(x$fpl$d2f)
    __aeabi_dadd                             0x0800a85d   Thumb Code     0  daddsub_clz.o(x$fpl$dadd)
    _dadd                                    0x0800a85d   Thumb Code   332  daddsub_clz.o(x$fpl$dadd)
    __fpl_dcmp_Inf                           0x0800a9ad   Thumb Code    24  dcmpi.o(x$fpl$dcmpinf)
    __aeabi_ddiv                             0x0800a9c5   Thumb Code     0  ddiv.o(x$fpl$ddiv)
    _ddiv                                    0x0800a9c5   Thumb Code   552  ddiv.o(x$fpl$ddiv)
    __aeabi_d2iz                             0x0800ac75   Thumb Code     0  dfix.o(x$fpl$dfix)
    _dfix                                    0x0800ac75   Thumb Code    94  dfix.o(x$fpl$dfix)
    __aeabi_d2uiz                            0x0800acd5   Thumb Code     0  dfixu.o(x$fpl$dfixu)
    _dfixu                                   0x0800acd5   Thumb Code    90  dfixu.o(x$fpl$dfixu)
    __aeabi_i2d                              0x0800ad2f   Thumb Code     0  dflt_clz.o(x$fpl$dflt)
    _dflt                                    0x0800ad2f   Thumb Code    46  dflt_clz.o(x$fpl$dflt)
    __aeabi_ui2d                             0x0800ad5d   Thumb Code     0  dflt_clz.o(x$fpl$dfltu)
    _dfltu                                   0x0800ad5d   Thumb Code    38  dflt_clz.o(x$fpl$dfltu)
    __aeabi_cdcmple                          0x0800ad85   Thumb Code     0  dleqf.o(x$fpl$dleqf)
    _dcmple                                  0x0800ad85   Thumb Code   120  dleqf.o(x$fpl$dleqf)
    __fpl_dcmple_InfNaN                      0x0800ade7   Thumb Code     0  dleqf.o(x$fpl$dleqf)
    __aeabi_dmul                             0x0800adfd   Thumb Code     0  dmul.o(x$fpl$dmul)
    _dmul                                    0x0800adfd   Thumb Code   332  dmul.o(x$fpl$dmul)
    __fpl_dnaninf                            0x0800af51   Thumb Code   156  dnaninf.o(x$fpl$dnaninf)
    __fpl_dretinf                            0x0800afed   Thumb Code    12  dretinf.o(x$fpl$dretinf)
    __aeabi_cdrcmple                         0x0800aff9   Thumb Code     0  drleqf.o(x$fpl$drleqf)
    _drcmple                                 0x0800aff9   Thumb Code   108  drleqf.o(x$fpl$drleqf)
    __aeabi_drsub                            0x0800b065   Thumb Code     0  daddsub_clz.o(x$fpl$drsb)
    _drsb                                    0x0800b065   Thumb Code    22  daddsub_clz.o(x$fpl$drsb)
    __aeabi_dsub                             0x0800b07d   Thumb Code     0  daddsub_clz.o(x$fpl$dsub)
    _dsub                                    0x0800b07d   Thumb Code   464  daddsub_clz.o(x$fpl$dsub)
    __aeabi_f2d                              0x0800b251   Thumb Code     0  f2d.o(x$fpl$f2d)
    _f2d                                     0x0800b251   Thumb Code    86  f2d.o(x$fpl$f2d)
    __fpl_fnaninf                            0x0800b2a7   Thumb Code   140  fnaninf.o(x$fpl$fnaninf)
    _fp_init                                 0x0800b333   Thumb Code    10  fpinit.o(x$fpl$fpinit)
    __fplib_config_fpu_vfp                   0x0800b33b   Thumb Code     0  fpinit.o(x$fpl$fpinit)
    __fplib_config_pureend_doubles           0x0800b33b   Thumb Code     0  fpinit.o(x$fpl$fpinit)
    __fpl_fretinf                            0x0800b33d   Thumb Code    10  fretinf.o(x$fpl$fretinf)
    _printf_fp_dec                           0x0800b347   Thumb Code     4  printf1.o(x$fpl$printf1)
    __I$use$fp                               0x0800b34a   Number         0  usenofp.o(x$fpl$usenofp)
    accFsrTable                              0x0800b3d8   Data           4  atk_imu.o(.constdata)
    gyroFsrTable                             0x0800b3dc   Data           8  atk_imu.o(.constdata)
    AHBPrescTable                            0x0800b470   Data          16  system_stm32f7xx.o(.constdata)
    APBPrescTable                            0x0800b480   Data           8  system_stm32f7xx.o(.constdata)
    Region$$Table$$Base                      0x0800b9e0   Number         0  anon$$obj.o(Region$$Table)
    Region$$Table$$Limit                     0x0800ba00   Number         0  anon$$obj.o(Region$$Table)
    defaultTaskHandle                        0x20000000   Data           4  freertos.o(.data)
    debugtaskHandle                          0x20000004   Data           4  freertos.o(.data)
    chassisHandle                            0x20000008   Data           4  freertos.o(.data)
    track_taskHandle                         0x2000000c   Data           4  freertos.o(.data)
    usmart_taskHandle                        0x20000010   Data           4  freertos.o(.data)
    imu901Param                              0x20000018   Data           4  atk_imu.o(.data)
    iostatus                                 0x2000001c   Data           8  atk_imu.o(.data)
    imu                                      0x20000024   Data          24  atk_imu.o(.data)
    mv_rec                                   0x20000044   Data           8  openmv.o(.data)
    MV                                       0x2000004c   Data          36  openmv.o(.data)
    Target_Color                             0x20000070   Data           1  qr_code.o(.data)
    head_cmd                                 0x20000072   Data           4  qr_code.o(.data)
    tail_cmd                                 0x20000076   Data           4  qr_code.o(.data)
    Ennable_QR                               0x2000007c   Data           4  qr_code.o(.data)
    QR                                       0x20000080   Data          28  qr_code.o(.data)
    mv_rec_flag                              0x2000009c   Data           1  servo.o(.data)
    if_up                                    0x2000009d   Data           1  servo.o(.data)
    servo_controler                          0x200000a0   Data         128  servo.o(.data)
    time_count                               0x20000120   Data           2  chassis.o(.data)
    i                                        0x20000134   Data           4  chassis.o(.data)
    x_error                                  0x20000138   Data           8  chassis.o(.data)
    y_error                                  0x20000140   Data           8  chassis.o(.data)
    w_error                                  0x20000148   Data           8  chassis.o(.data)
    speed_factor                             0x20000150   Data           8  chassis.o(.data)
    min_val                                  0x20000160   Data           8  chassis.o(.data)
    Radius_                                  0x20000168   Data          20  chassis.o(.data)
    debug_motor_id                           0x2000017c   Data           4  motor.o(.data)
    switch_status                            0x20000180   Data           4  motor.o(.data)
    debug_speed                              0x20000184   Data           4  motor.o(.data)
    param_                                   0x20000188   Data          20  motor.o(.data)
    TIME_ISR_CNT                             0x200001a0   Data           4  time_cnt.o(.data)
    Time_Sys                                 0x200001a4   Data           8  time_cnt.o(.data)
    USART_RX_STA                             0x200001ac   Data           2  uart_handle.o(.data)
    tx_queue                                 0x200001b0   Data           4  uart_handle.o(.data)
    __stdout                                 0x200001b4   Data           4  uart_handle.o(.data)
    dma_trans_pos                            0x200001b8   Data           1  track_bar_receive.o(.data)
    times_counts                             0x200001bc   Data           4  track_bar_receive.o(.data)
    dma_count                                0x200001c0   Data           4  track_bar_receive.o(.data)
    track_weight                             0x200001c4   Data          32  track_bar_receive.o(.data)
    track_pid_param                          0x200001e4   Data          20  track_bar_receive.o(.data)
    imu_para                                 0x20000204   Data          20  imu_pid.o(.data)
    raw_data                                 0x2000021a   Data           2  avoid_obs.o(.data)
    distance                                 0x2000021c   Data           2  avoid_obs.o(.data)
    count_                                   0x20000220   Data           4  tim_control.o(.data)
    encoder_sum                              0x20000228   Data           8  tim_control.o(.data)
    temp_sum                                 0x20000230   Data           8  tim_control.o(.data)
    Line_Handle                              0x20000244   Data           4  chassis_control.o(.data)
    Encoder_Handle                           0x20000248   Data           4  chassis_control.o(.data)
    time                                     0x2000025c   Data           4  chassis_control.o(.data)
    bias                                     0x20000270   Data           8  chassis_control.o(.data)
    variation                                0x20000278   Data           8  chassis_control.o(.data)
    Os_RunningFlag                           0x20000280   Data           4  debug_task.o(.data)
    avoid_task_exit                          0x20000284   Data           4  avoid_obs_func.o(.data)
    avoid_taskHandle                         0x20000288   Data           4  avoid_obs_func.o(.data)
    Current_Height                           0x2000028c   Data           1  read_status_task.o(.data)
    QR_Brick                                 0x2000028d   Data           1  read_status_task.o(.data)
    read_task_exit                           0x20000290   Data           4  read_status_task.o(.data)
    Height_task_exit                         0x20000294   Data           4  read_status_task.o(.data)
    MIN_                                     0x20000298   Data           4  read_status_task.o(.data)
    VERTICAL                                 0x2000029c   Data           4  read_status_task.o(.data)
    Read_Swicth_tasHandle                    0x200002a4   Data           4  read_status_task.o(.data)
    Height_UpadteTask                        0x200002a8   Data           4  read_status_task.o(.data)
    usmart_nametab                           0x200002ac   Data         168  usmart_config.o(.data)
    usmart_dev                               0x20000354   Data         244  usmart_config.o(.data)
    sys_cmd_tab                              0x20000448   Data          28  usmart.o(.data)
    SystemCoreClock                          0x20000464   Data           4  system_stm32f7xx.o(.data)
    pxCurrentTCB                             0x20000468   Data           4  tasks.o(.data)
    uwTickFreq                               0x200004c8   Data           1  stm32f7xx_hal.o(.data)
    uwTickPrio                               0x200004cc   Data           4  stm32f7xx_hal.o(.data)
    uwTick                                   0x200004d0   Data           4  stm32f7xx_hal.o(.data)
    htim1                                    0x20000728   Data          76  tim.o(.bss)
    htim2                                    0x20000774   Data          76  tim.o(.bss)
    htim3                                    0x200007c0   Data          76  tim.o(.bss)
    htim5                                    0x2000080c   Data          76  tim.o(.bss)
    htim6                                    0x20000858   Data          76  tim.o(.bss)
    huart4                                   0x200008a4   Data         132  usart.o(.bss)
    huart5                                   0x20000928   Data         132  usart.o(.bss)
    huart7                                   0x200009ac   Data         132  usart.o(.bss)
    huart8                                   0x20000a30   Data         132  usart.o(.bss)
    huart1                                   0x20000ab4   Data         132  usart.o(.bss)
    huart2                                   0x20000b38   Data         132  usart.o(.bss)
    huart3                                   0x20000bbc   Data         132  usart.o(.bss)
    huart6                                   0x20000c40   Data         132  usart.o(.bss)
    htim7                                    0x20000cc4   Data          76  stm32f7xx_hal_timebase_tim.o(.bss)
    attitude                                 0x20000d10   Data          12  atk_imu.o(.bss)
    quaternion                               0x20000d1c   Data          16  atk_imu.o(.bss)
    gyroAccData                              0x20000d2c   Data          36  atk_imu.o(.bss)
    rxPacket                                 0x20000d50   Data          33  atk_imu.o(.bss)
    chassis                                  0x20000d78   Data          32  chassis.o(.bss)
    motor_target                             0x20000d98   Data          20  chassis.o(.bss)
    control_val                              0x20000dac   Data          20  chassis.o(.bss)
    motor_data                               0x20000dc0   Data         300  motor.o(.bss)
    motor_param                              0x20000eec   Data          20  motor.o(.bss)
    motor1                                   0x20000f00   Data          32  motor.o(.bss)
    motor2                                   0x20000f20   Data          32  motor.o(.bss)
    motor3                                   0x20000f40   Data          32  motor.o(.bss)
    motor4                                   0x20000f60   Data          32  motor.o(.bss)
    USART_RX_BUF                             0x20000fcc   Data         200  uart_handle.o(.bss)
    sys_time                                 0x20001094   Data          12  delay.o(.bss)
    track_dma                                0x200010a0   Data          21  track_bar_receive.o(.bss)
    Track_Row                                0x200010b5   Data         182  track_bar_receive.o(.bss)
    y_bar                                    0x2000116c   Data          68  track_bar_receive.o(.bss)
    x_leftbar                                0x200011b0   Data          68  track_bar_receive.o(.bss)
    x_rightbar                               0x200011f4   Data          68  track_bar_receive.o(.bss)
    imu_data                                 0x20001238   Data          60  imu_pid.o(.bss)
    encoder_val                              0x20001298   Data          40  tim_control.o(.bss)
    status_flag                              0x200012c0   Data          10  tim_control.o(.bss)
    rising_val                               0x200012cc   Data          20  tim_control.o(.bss)
    falling_val                              0x200012e0   Data          20  tim_control.o(.bss)
    direct_                                  0x200012f4   Data          20  tim_control.o(.bss)
    update_count                             0x20001308   Data          20  tim_control.o(.bss)
    cap_temp_val                             0x20001320   Data          40  tim_control.o(.bss)
    cap_cnt                                  0x20001348   Data          10  tim_control.o(.bss)
    first_flag                               0x20001354   Data          20  tim_control.o(.bss)
    edge_status                              0x20001368   Data          12  chassis_control.o(.bss)
    swicth_status                            0x20001374   Data          16  read_status_task.o(.bss)
    HW_Switch                                0x20001384   Data          20  read_status_task.o(.bss)
    __libspace_start                         0x20005088   Data          96  libspace.o(.bss)
    __temporary_stack_top$libspace           0x200050e8   Data           0  libspace.o(.bss)



==============================================================================

Memory Map of the image

  Image Entry point : 0x080001c9

  Load Region LR_IROM1 (Base: 0x08000000, Size: 0x0000bef0, Max: 0x00010000, ABSOLUTE, COMPRESSED[0x0000bb60])

    Execution Region ER_IROM1 (Exec base: 0x08000000, Load base: 0x08000000, Size: 0x0000ba1c, Max: 0x00010000, ABSOLUTE)

    Exec Addr    Load Addr    Size         Type   Attr      Idx    E Section Name        Object

    0x08000000   0x08000000   0x000001c8   Data   RO         7054    RESET               startup_stm32f750xx.o
    0x080001c8   0x080001c8   0x00000008   Code   RO         7139  * !!!main             c_w.l(__main.o)
    0x080001d0   0x080001d0   0x00000034   Code   RO         7473    !!!scatter          c_w.l(__scatter.o)
    0x08000204   0x08000204   0x0000005a   Code   RO         7471    !!dczerorl2         c_w.l(__dczerorl2.o)
    0x0800025e   0x0800025e   0x00000002   PAD
    0x08000260   0x08000260   0x0000001c   Code   RO         7475    !!handler_zi        c_w.l(__scatter_zi.o)
    0x0800027c   0x0800027c   0x00000000   Code   RO         7124    .ARM.Collect$$_printf_percent$$00000000  c_w.l(_printf_percent.o)
    0x0800027c   0x0800027c   0x00000006   Code   RO         7123    .ARM.Collect$$_printf_percent$$00000003  c_w.l(_printf_f.o)
    0x08000282   0x08000282   0x00000006   Code   RO         7121    .ARM.Collect$$_printf_percent$$00000009  c_w.l(_printf_d.o)
    0x08000288   0x08000288   0x00000006   Code   RO         7122    .ARM.Collect$$_printf_percent$$0000000A  c_w.l(_printf_u.o)
    0x0800028e   0x0800028e   0x00000006   Code   RO         7120    .ARM.Collect$$_printf_percent$$0000000C  c_w.l(_printf_x.o)
    0x08000294   0x08000294   0x00000006   Code   RO         7118    .ARM.Collect$$_printf_percent$$00000013  c_w.l(_printf_c.o)
    0x0800029a   0x0800029a   0x00000006   Code   RO         7119    .ARM.Collect$$_printf_percent$$00000014  c_w.l(_printf_s.o)
    0x080002a0   0x080002a0   0x00000004   Code   RO         7226    .ARM.Collect$$_printf_percent$$00000017  c_w.l(_printf_percent_end.o)
    0x080002a4   0x080002a4   0x00000002   Code   RO         7346    .ARM.Collect$$libinit$$00000000  c_w.l(libinit.o)
    0x080002a6   0x080002a6   0x00000004   Code   RO         7347    .ARM.Collect$$libinit$$00000001  c_w.l(libinit2.o)
    0x080002aa   0x080002aa   0x00000000   Code   RO         7350    .ARM.Collect$$libinit$$00000004  c_w.l(libinit2.o)
    0x080002aa   0x080002aa   0x00000000   Code   RO         7353    .ARM.Collect$$libinit$$0000000A  c_w.l(libinit2.o)
    0x080002aa   0x080002aa   0x00000000   Code   RO         7355    .ARM.Collect$$libinit$$0000000C  c_w.l(libinit2.o)
    0x080002aa   0x080002aa   0x00000000   Code   RO         7357    .ARM.Collect$$libinit$$0000000E  c_w.l(libinit2.o)
    0x080002aa   0x080002aa   0x00000006   Code   RO         7358    .ARM.Collect$$libinit$$0000000F  c_w.l(libinit2.o)
    0x080002b0   0x080002b0   0x00000000   Code   RO         7360    .ARM.Collect$$libinit$$00000011  c_w.l(libinit2.o)
    0x080002b0   0x080002b0   0x00000000   Code   RO         7362    .ARM.Collect$$libinit$$00000013  c_w.l(libinit2.o)
    0x080002b0   0x080002b0   0x00000000   Code   RO         7364    .ARM.Collect$$libinit$$00000015  c_w.l(libinit2.o)
    0x080002b0   0x080002b0   0x0000000a   Code   RO         7365    .ARM.Collect$$libinit$$00000016  c_w.l(libinit2.o)
    0x080002ba   0x080002ba   0x00000000   Code   RO         7366    .ARM.Collect$$libinit$$00000017  c_w.l(libinit2.o)
    0x080002ba   0x080002ba   0x00000000   Code   RO         7368    .ARM.Collect$$libinit$$00000019  c_w.l(libinit2.o)
    0x080002ba   0x080002ba   0x00000000   Code   RO         7370    .ARM.Collect$$libinit$$0000001B  c_w.l(libinit2.o)
    0x080002ba   0x080002ba   0x00000000   Code   RO         7372    .ARM.Collect$$libinit$$0000001D  c_w.l(libinit2.o)
    0x080002ba   0x080002ba   0x00000000   Code   RO         7374    .ARM.Collect$$libinit$$0000001F  c_w.l(libinit2.o)
    0x080002ba   0x080002ba   0x00000000   Code   RO         7376    .ARM.Collect$$libinit$$00000021  c_w.l(libinit2.o)
    0x080002ba   0x080002ba   0x00000000   Code   RO         7378    .ARM.Collect$$libinit$$00000023  c_w.l(libinit2.o)
    0x080002ba   0x080002ba   0x00000000   Code   RO         7380    .ARM.Collect$$libinit$$00000025  c_w.l(libinit2.o)
    0x080002ba   0x080002ba   0x00000000   Code   RO         7384    .ARM.Collect$$libinit$$0000002C  c_w.l(libinit2.o)
    0x080002ba   0x080002ba   0x00000000   Code   RO         7386    .ARM.Collect$$libinit$$0000002E  c_w.l(libinit2.o)
    0x080002ba   0x080002ba   0x00000000   Code   RO         7388    .ARM.Collect$$libinit$$00000030  c_w.l(libinit2.o)
    0x080002ba   0x080002ba   0x00000000   Code   RO         7390    .ARM.Collect$$libinit$$00000032  c_w.l(libinit2.o)
    0x080002ba   0x080002ba   0x00000002   Code   RO         7391    .ARM.Collect$$libinit$$00000033  c_w.l(libinit2.o)
    0x080002bc   0x080002bc   0x00000002   Code   RO         7433    .ARM.Collect$$libshutdown$$00000000  c_w.l(libshutdown.o)
    0x080002be   0x080002be   0x00000000   Code   RO         7452    .ARM.Collect$$libshutdown$$00000002  c_w.l(libshutdown2.o)
    0x080002be   0x080002be   0x00000000   Code   RO         7454    .ARM.Collect$$libshutdown$$00000004  c_w.l(libshutdown2.o)
    0x080002be   0x080002be   0x00000000   Code   RO         7456    .ARM.Collect$$libshutdown$$00000006  c_w.l(libshutdown2.o)
    0x080002be   0x080002be   0x00000000   Code   RO         7459    .ARM.Collect$$libshutdown$$00000009  c_w.l(libshutdown2.o)
    0x080002be   0x080002be   0x00000000   Code   RO         7462    .ARM.Collect$$libshutdown$$0000000C  c_w.l(libshutdown2.o)
    0x080002be   0x080002be   0x00000000   Code   RO         7464    .ARM.Collect$$libshutdown$$0000000E  c_w.l(libshutdown2.o)
    0x080002be   0x080002be   0x00000000   Code   RO         7467    .ARM.Collect$$libshutdown$$00000011  c_w.l(libshutdown2.o)
    0x080002be   0x080002be   0x00000002   Code   RO         7468    .ARM.Collect$$libshutdown$$00000012  c_w.l(libshutdown2.o)
    0x080002c0   0x080002c0   0x00000000   Code   RO         7211    .ARM.Collect$$rtentry$$00000000  c_w.l(__rtentry.o)
    0x080002c0   0x080002c0   0x00000000   Code   RO         7258    .ARM.Collect$$rtentry$$00000002  c_w.l(__rtentry2.o)
    0x080002c0   0x080002c0   0x00000006   Code   RO         7270    .ARM.Collect$$rtentry$$00000004  c_w.l(__rtentry4.o)
    0x080002c6   0x080002c6   0x00000000   Code   RO         7260    .ARM.Collect$$rtentry$$00000009  c_w.l(__rtentry2.o)
    0x080002c6   0x080002c6   0x00000004   Code   RO         7261    .ARM.Collect$$rtentry$$0000000A  c_w.l(__rtentry2.o)
    0x080002ca   0x080002ca   0x00000000   Code   RO         7263    .ARM.Collect$$rtentry$$0000000C  c_w.l(__rtentry2.o)
    0x080002ca   0x080002ca   0x00000008   Code   RO         7264    .ARM.Collect$$rtentry$$0000000D  c_w.l(__rtentry2.o)
    0x080002d2   0x080002d2   0x00000002   Code   RO         7392    .ARM.Collect$$rtexit$$00000000  c_w.l(rtexit.o)
    0x080002d4   0x080002d4   0x00000000   Code   RO         7405    .ARM.Collect$$rtexit$$00000002  c_w.l(rtexit2.o)
    0x080002d4   0x080002d4   0x00000004   Code   RO         7406    .ARM.Collect$$rtexit$$00000003  c_w.l(rtexit2.o)
    0x080002d8   0x080002d8   0x00000006   Code   RO         7407    .ARM.Collect$$rtexit$$00000004  c_w.l(rtexit2.o)
    0x080002de   0x080002de   0x00000002   PAD
    0x080002e0   0x080002e0   0x000000c2   Code   RO         3858    .emb_text           port.o
    0x080003a2   0x080003a2   0x00000002   PAD
    0x080003a4   0x080003a4   0x00000040   Code   RO         7055    .text               startup_stm32f750xx.o
    0x080003e4   0x080003e4   0x00000002   Code   RO         7061    .text               c_w.l(use_no_semi_2.o)
    0x080003e6   0x080003e6   0x000000ee   Code   RO         7063    .text               c_w.l(lludivv7m.o)
    0x080004d4   0x080004d4   0x00000018   Code   RO         7067    .text               c_w.l(noretval__2printf.o)
    0x080004ec   0x080004ec   0x0000004e   Code   RO         7071    .text               c_w.l(_printf_pad.o)
    0x0800053a   0x0800053a   0x00000052   Code   RO         7073    .text               c_w.l(_printf_str.o)
    0x0800058c   0x0800058c   0x00000078   Code   RO         7075    .text               c_w.l(_printf_dec.o)
    0x08000604   0x08000604   0x00000058   Code   RO         7080    .text               c_w.l(_printf_hex_int.o)
    0x0800065c   0x0800065c   0x00000188   Code   RO         7115    .text               c_w.l(__printf_flags_ss_wp.o)
    0x080007e4   0x080007e4   0x0000008a   Code   RO         7125    .text               c_w.l(rt_memcpy_v6.o)
    0x0800086e   0x0800086e   0x00000064   Code   RO         7127    .text               c_w.l(rt_memcpy_w.o)
    0x080008d2   0x080008d2   0x00000010   Code   RO         7131    .text               c_w.l(aeabi_memset.o)
    0x080008e2   0x080008e2   0x00000044   Code   RO         7133    .text               c_w.l(rt_memclr.o)
    0x08000926   0x08000926   0x0000004e   Code   RO         7135    .text               c_w.l(rt_memclr_w.o)
    0x08000974   0x08000974   0x00000006   Code   RO         7137    .text               c_w.l(heapauxi.o)
    0x0800097a   0x0800097a   0x00000002   Code   RO         7209    .text               c_w.l(use_no_semi.o)
    0x0800097c   0x0800097c   0x000000b2   Code   RO         7218    .text               c_w.l(_printf_intcommon.o)
    0x08000a2e   0x08000a2e   0x0000041e   Code   RO         7220    .text               c_w.l(_printf_fp_dec.o)
    0x08000e4c   0x08000e4c   0x0000002c   Code   RO         7222    .text               c_w.l(_printf_char.o)
    0x08000e78   0x08000e78   0x00000024   Code   RO         7224    .text               c_w.l(_printf_char_file.o)
    0x08000e9c   0x08000e9c   0x00000008   Code   RO         7277    .text               c_w.l(rt_locale_intlibspace.o)
    0x08000ea4   0x08000ea4   0x0000008a   Code   RO         7284    .text               c_w.l(lludiv10.o)
    0x08000f2e   0x08000f2e   0x00000002   PAD
    0x08000f30   0x08000f30   0x00000030   Code   RO         7286    .text               c_w.l(_printf_char_common.o)
    0x08000f60   0x08000f60   0x00000080   Code   RO         7288    .text               c_w.l(_printf_fp_infnan.o)
    0x08000fe0   0x08000fe0   0x000000e4   Code   RO         7290    .text               c_w.l(bigflt0.o)
    0x080010c4   0x080010c4   0x00000008   Code   RO         7315    .text               c_w.l(ferror.o)
    0x080010cc   0x080010cc   0x00000008   Code   RO         7326    .text               c_w.l(libspace.o)
    0x080010d4   0x080010d4   0x0000004a   Code   RO         7329    .text               c_w.l(sys_stackheap_outer.o)
    0x0800111e   0x0800111e   0x00000012   Code   RO         7333    .text               c_w.l(exit.o)
    0x08001130   0x08001130   0x00000068   Code   RO         7339    .text               c_w.l(strcmpv7m_pel.o)
    0x08001198   0x08001198   0x0000003e   Code   RO         7293    CL$$btod_d2e        c_w.l(btod.o)
    0x080011d6   0x080011d6   0x00000046   Code   RO         7295    CL$$btod_d2e_denorm_low  c_w.l(btod.o)
    0x0800121c   0x0800121c   0x00000060   Code   RO         7294    CL$$btod_d2e_norm_op1  c_w.l(btod.o)
    0x0800127c   0x0800127c   0x00000338   Code   RO         7303    CL$$btod_div_common  c_w.l(btod.o)
    0x080015b4   0x080015b4   0x000000dc   Code   RO         7300    CL$$btod_e2e        c_w.l(btod.o)
    0x08001690   0x08001690   0x0000002a   Code   RO         7297    CL$$btod_ediv       c_w.l(btod.o)
    0x080016ba   0x080016ba   0x0000002a   Code   RO         7296    CL$$btod_emul       c_w.l(btod.o)
    0x080016e4   0x080016e4   0x00000244   Code   RO         7302    CL$$btod_mult_common  c_w.l(btod.o)
    0x08001928   0x08001928   0x00000018   Code   RO          925    i.ATK_IMU_Init      atk_imu.o
    0x08001940   0x08001940   0x0000004c   Code   RO         1213    i.Action_Gruop      servo.o
    0x0800198c   0x0800198c   0x00000194   Code   RO         2188    i.Brick_Mode        read_status_task.o
    0x08001b20   0x08001b20   0x00000002   Code   RO          637    i.BusFault_Handler  stm32f7xx_it.o
    0x08001b22   0x08001b22   0x00000008   Code   RO         1673    i.Clear_Line        track_bar_receive.o
    0x08001b2a   0x08001b2a   0x00000002   PAD
    0x08001b2c   0x08001b2c   0x00000064   Code   RO         1214    i.Cmd_Convert       servo.o
    0x08001b90   0x08001b90   0x000000c8   Code   RO         1915    i.Comfirm_Online    chassis_control.o
    0x08001c58   0x08001c58   0x00000002   Code   RO          638    i.DebugMon_Handler  stm32f7xx_it.o
    0x08001c5a   0x08001c5a   0x00000002   PAD
    0x08001c5c   0x08001c5c   0x0000000c   Code   RO         1215    i.Disable_ServoFlag  servo.o
    0x08001c68   0x08001c68   0x0000000c   Code   RO         1015    i.Disable_StopSignal  openmv.o
    0x08001c74   0x08001c74   0x00000012   Code   RO          639    i.EXTI15_10_IRQHandler  stm32f7xx_it.o
    0x08001c86   0x08001c86   0x00000002   PAD
    0x08001c88   0x08001c88   0x0000000c   Code   RO         1016    i.Enable_StopSignal  openmv.o
    0x08001c94   0x08001c94   0x00000378   Code   RO         1916    i.EncoderTask       chassis_control.o
    0x0800200c   0x0800200c   0x00000004   Code   RO            4    i.Error_Handler     main.o
    0x08002010   0x08002010   0x00000050   Code   RO         1217    i.Error_Report      servo.o
    0x08002060   0x08002060   0x00000020   Code   RO         1674    i.Get_AvaibleRow_ID  track_bar_receive.o
    0x08002080   0x08002080   0x00000020   Code   RO         1675    i.Get_EmptyRow_ID   track_bar_receive.o
    0x080020a0   0x080020a0   0x00000028   Code   RO         2191    i.Get_HW_Status     read_status_task.o
    0x080020c8   0x080020c8   0x0000000c   Code   RO         2192    i.Get_Height        read_status_task.o
    0x080020d4   0x080020d4   0x0000001c   Code   RO         2193    i.Get_Height_Switch  read_status_task.o
    0x080020f0   0x080020f0   0x0000000c   Code   RO         1218    i.Get_IFUP          servo.o
    0x080020fc   0x080020fc   0x0000000c   Code   RO         1219    i.Get_Servo_Flag    servo.o
    0x08002108   0x08002108   0x0000001c   Code   RO         2194    i.Get_Side_Switch   read_status_task.o
    0x08002124   0x08002124   0x0000000c   Code   RO         1017    i.Get_Stop_Signal   openmv.o
    0x08002130   0x08002130   0x0000002c   Code   RO         2195    i.Get_Switch_Status  read_status_task.o
    0x0800215c   0x0800215c   0x00000054   Code   RO         1523    i.Get_Time_Init     time_cnt.o
    0x080021b0   0x080021b0   0x00000048   Code   RO         1524    i.Get_Time_Period   time_cnt.o
    0x080021f8   0x080021f8   0x00000004   Code   RO         1676    i.Get_Trcker_Num    track_bar_receive.o
    0x080021fc   0x080021fc   0x00000018   Code   RO          927    i.Get_Yaw           atk_imu.o
    0x08002214   0x08002214   0x0000014e   Code   RO         2002    i.Global_Debug      debug_task.o
    0x08002362   0x08002362   0x00000092   Code   RO         4486    i.HAL_DMA_Abort     stm32f7xx_hal_dma.o
    0x080023f4   0x080023f4   0x00000024   Code   RO         4487    i.HAL_DMA_Abort_IT  stm32f7xx_hal_dma.o
    0x08002418   0x08002418   0x00000024   Code   RO         4853    i.HAL_Delay         stm32f7xx_hal.o
    0x0800243c   0x0800243c   0x00000002   Code   RO         4418    i.HAL_GPIO_EXTI_Callback  stm32f7xx_hal_gpio.o
    0x0800243e   0x0800243e   0x00000002   PAD
    0x08002440   0x08002440   0x00000018   Code   RO         4419    i.HAL_GPIO_EXTI_IRQHandler  stm32f7xx_hal_gpio.o
    0x08002458   0x08002458   0x000001d8   Code   RO         4420    i.HAL_GPIO_Init     stm32f7xx_hal_gpio.o
    0x08002630   0x08002630   0x0000000a   Code   RO         4422    i.HAL_GPIO_ReadPin  stm32f7xx_hal_gpio.o
    0x0800263a   0x0800263a   0x0000000a   Code   RO         4424    i.HAL_GPIO_WritePin  stm32f7xx_hal_gpio.o
    0x08002644   0x08002644   0x0000000c   Code   RO         4861    i.HAL_GetTick       stm32f7xx_hal.o
    0x08002650   0x08002650   0x00000010   Code   RO         4867    i.HAL_IncTick       stm32f7xx_hal.o
    0x08002660   0x08002660   0x00000016   Code   RO         4868    i.HAL_Init          stm32f7xx_hal.o
    0x08002676   0x08002676   0x00000002   PAD
    0x08002678   0x08002678   0x00000074   Code   RO          886    i.HAL_InitTick      stm32f7xx_hal_timebase_tim.o
    0x080026ec   0x080026ec   0x00000038   Code   RO          862    i.HAL_MspInit       stm32f7xx_hal_msp.o
    0x08002724   0x08002724   0x0000001a   Code   RO         3943    i.HAL_NVIC_EnableIRQ  stm32f7xx_hal_cortex.o
    0x0800273e   0x0800273e   0x00000002   PAD
    0x08002740   0x08002740   0x00000040   Code   RO         3949    i.HAL_NVIC_SetPriority  stm32f7xx_hal_cortex.o
    0x08002780   0x08002780   0x00000024   Code   RO         3950    i.HAL_NVIC_SetPriorityGrouping  stm32f7xx_hal_cortex.o
    0x080027a4   0x080027a4   0x0000006c   Code   RO         4760    i.HAL_PWREx_EnableOverDrive  stm32f7xx_hal_pwr_ex.o
    0x08002810   0x08002810   0x000004fc   Code   RO         4181    i.HAL_RCCEx_PeriphCLKConfig  stm32f7xx_hal_rcc_ex.o
    0x08002d0c   0x08002d0c   0x00000130   Code   RO         4074    i.HAL_RCC_ClockConfig  stm32f7xx_hal_rcc.o
    0x08002e3c   0x08002e3c   0x00000040   Code   RO         4078    i.HAL_RCC_GetClockConfig  stm32f7xx_hal_rcc.o
    0x08002e7c   0x08002e7c   0x00000020   Code   RO         4081    i.HAL_RCC_GetPCLK1Freq  stm32f7xx_hal_rcc.o
    0x08002e9c   0x08002e9c   0x00000020   Code   RO         4082    i.HAL_RCC_GetPCLK2Freq  stm32f7xx_hal_rcc.o
    0x08002ebc   0x08002ebc   0x00000064   Code   RO         4083    i.HAL_RCC_GetSysClockFreq  stm32f7xx_hal_rcc.o
    0x08002f20   0x08002f20   0x00000384   Code   RO         4086    i.HAL_RCC_OscConfig  stm32f7xx_hal_rcc.o
    0x080032a4   0x080032a4   0x00000002   Code   RO         6336    i.HAL_TIMEx_Break2Callback  stm32f7xx_hal_tim_ex.o
    0x080032a6   0x080032a6   0x00000002   Code   RO         6337    i.HAL_TIMEx_BreakCallback  stm32f7xx_hal_tim_ex.o
    0x080032a8   0x080032a8   0x00000002   Code   RO         6338    i.HAL_TIMEx_CommutCallback  stm32f7xx_hal_tim_ex.o
    0x080032aa   0x080032aa   0x00000002   PAD
    0x080032ac   0x080032ac   0x000000a0   Code   RO         6340    i.HAL_TIMEx_ConfigBreakDeadTime  stm32f7xx_hal_tim_ex.o
    0x0800334c   0x0800334c   0x000000a4   Code   RO         6357    i.HAL_TIMEx_MasterConfigSynchronization  stm32f7xx_hal_tim_ex.o
    0x080033f0   0x080033f0   0x00000062   Code   RO         5622    i.HAL_TIM_Base_Init  stm32f7xx_hal_tim.o
    0x08003452   0x08003452   0x00000002   PAD
    0x08003454   0x08003454   0x00000080   Code   RO          470    i.HAL_TIM_Base_MspInit  tim.o
    0x080034d4   0x080034d4   0x00000080   Code   RO         5625    i.HAL_TIM_Base_Start  stm32f7xx_hal_tim.o
    0x08003554   0x08003554   0x0000008c   Code   RO         5627    i.HAL_TIM_Base_Start_IT  stm32f7xx_hal_tim.o
    0x080035e0   0x080035e0   0x000000dc   Code   RO         5631    i.HAL_TIM_ConfigClockSource  stm32f7xx_hal_tim.o
    0x080036bc   0x080036bc   0x000007bc   Code   RO         1878    i.HAL_TIM_IC_CaptureCallback  tim_control.o
    0x08003e78   0x08003e78   0x0000010e   Code   RO         5658    i.HAL_TIM_IC_ConfigChannel  stm32f7xx_hal_tim.o
    0x08003f86   0x08003f86   0x00000062   Code   RO         5661    i.HAL_TIM_IC_Init   stm32f7xx_hal_tim.o
    0x08003fe8   0x08003fe8   0x000000e0   Code   RO          472    i.HAL_TIM_IC_MspInit  tim.o
    0x080040c8   0x080040c8   0x00000140   Code   RO         5666    i.HAL_TIM_IC_Start_IT  stm32f7xx_hal_tim.o
    0x08004208   0x08004208   0x00000182   Code   RO         5670    i.HAL_TIM_IRQHandler  stm32f7xx_hal_tim.o
    0x0800438a   0x0800438a   0x00000002   PAD
    0x0800438c   0x0800438c   0x000000a8   Code   RO          473    i.HAL_TIM_MspPostInit  tim.o
    0x08004434   0x08004434   0x00000002   Code   RO         5673    i.HAL_TIM_OC_DelayElapsedCallback  stm32f7xx_hal_tim.o
    0x08004436   0x08004436   0x0000011e   Code   RO         5694    i.HAL_TIM_PWM_ConfigChannel  stm32f7xx_hal_tim.o
    0x08004554   0x08004554   0x00000062   Code   RO         5697    i.HAL_TIM_PWM_Init  stm32f7xx_hal_tim.o
    0x080045b6   0x080045b6   0x00000002   Code   RO         5699    i.HAL_TIM_PWM_MspInit  stm32f7xx_hal_tim.o
    0x080045b8   0x080045b8   0x00000002   Code   RO         5700    i.HAL_TIM_PWM_PulseFinishedCallback  stm32f7xx_hal_tim.o
    0x080045ba   0x080045ba   0x00000002   PAD
    0x080045bc   0x080045bc   0x000000f8   Code   RO         5702    i.HAL_TIM_PWM_Start  stm32f7xx_hal_tim.o
    0x080046b4   0x080046b4   0x00000020   Code   RO            5    i.HAL_TIM_PeriodElapsedCallback  main.o
    0x080046d4   0x080046d4   0x0000002c   Code   RO         5710    i.HAL_TIM_ReadCapturedValue  stm32f7xx_hal_tim.o
    0x08004700   0x08004700   0x00000002   Code   RO         5713    i.HAL_TIM_TriggerCallback  stm32f7xx_hal_tim.o
    0x08004702   0x08004702   0x00000002   Code   RO         6624    i.HAL_UARTEx_RxEventCallback  stm32f7xx_hal_uart.o
    0x08004704   0x08004704   0x00000002   Code   RO         6640    i.HAL_UART_ErrorCallback  stm32f7xx_hal_uart.o
    0x08004706   0x08004706   0x00000002   PAD
    0x08004708   0x08004708   0x00000220   Code   RO         6643    i.HAL_UART_IRQHandler  stm32f7xx_hal_uart.o
    0x08004928   0x08004928   0x00000066   Code   RO         6644    i.HAL_UART_Init     stm32f7xx_hal_uart.o
    0x0800498e   0x0800498e   0x00000002   PAD
    0x08004990   0x08004990   0x000002c4   Code   RO          554    i.HAL_UART_MspInit  usart.o
    0x08004c54   0x08004c54   0x000000b8   Code   RO         6653    i.HAL_UART_Transmit  stm32f7xx_hal_uart.o
    0x08004d0c   0x08004d0c   0x00000002   Code   RO         6656    i.HAL_UART_TxCpltCallback  stm32f7xx_hal_uart.o
    0x08004d0e   0x08004d0e   0x00000002   PAD
    0x08004d10   0x08004d10   0x000000b0   Code   RO         2196    i.HWSwitch_Move     read_status_task.o
    0x08004dc0   0x08004dc0   0x00000002   Code   RO          640    i.HardFault_Handler  stm32f7xx_it.o
    0x08004dc2   0x08004dc2   0x00000002   PAD
    0x08004dc4   0x08004dc4   0x000000dc   Code   RO         2197    i.HeightUpdate_Task  read_status_task.o
    0x08004ea0   0x08004ea0   0x00000030   Code   RO          928    i.IMU_IRQ           atk_imu.o
    0x08004ed0   0x08004ed0   0x00000002   Code   RO         2198    i.Inf_Servo_Height  read_status_task.o
    0x08004ed2   0x08004ed2   0x00000002   PAD
    0x08004ed4   0x08004ed4   0x00000018   Code   RO         2199    i.Judge_Side        read_status_task.o
    0x08004eec   0x08004eec   0x000000a0   Code   RO         2200    i.Kiss_Ass          read_status_task.o
    0x08004f8c   0x08004f8c   0x00000028   Code   RO         1917    i.Limit_Speed       chassis_control.o
    0x08004fb4   0x08004fb4   0x000001fc   Code   RO         1918    i.LineTask          chassis_control.o
    0x080051b0   0x080051b0   0x0000009c   Code   RO         1018    i.MV_Decode         openmv.o
    0x0800524c   0x0800524c   0x000002ec   Code   RO         2201    i.MV_HW_Scan        read_status_task.o
    0x08005538   0x08005538   0x0000006c   Code   RO         1019    i.MV_IRQ            openmv.o
    0x080055a4   0x080055a4   0x00000024   Code   RO         1024    i.MV_SendCmd        openmv.o
    0x080055c8   0x080055c8   0x00000008   Code   RO         1026    i.MV_Start          openmv.o
    0x080055d0   0x080055d0   0x00000008   Code   RO         1027    i.MV_Stop           openmv.o
    0x080055d8   0x080055d8   0x00000050   Code   RO         1028    i.MV_rec_decode     openmv.o
    0x08005628   0x08005628   0x00000080   Code   RO          392    i.MX_FREERTOS_Init  freertos.o
    0x080056a8   0x080056a8   0x00000138   Code   RO          269    i.MX_GPIO_Init      gpio.o
    0x080057e0   0x080057e0   0x00000104   Code   RO          474    i.MX_TIM1_Init      tim.o
    0x080058e4   0x080058e4   0x000000c8   Code   RO          475    i.MX_TIM2_Init      tim.o
    0x080059ac   0x080059ac   0x0000007c   Code   RO          476    i.MX_TIM3_Init      tim.o
    0x08005a28   0x08005a28   0x0000007c   Code   RO          477    i.MX_TIM5_Init      tim.o
    0x08005aa4   0x08005aa4   0x00000048   Code   RO          478    i.MX_TIM6_Init      tim.o
    0x08005aec   0x08005aec   0x00000044   Code   RO          555    i.MX_UART4_Init     usart.o
    0x08005b30   0x08005b30   0x00000044   Code   RO          556    i.MX_UART5_Init     usart.o
    0x08005b74   0x08005b74   0x00000044   Code   RO          557    i.MX_UART7_Init     usart.o
    0x08005bb8   0x08005bb8   0x0000003c   Code   RO          558    i.MX_UART8_Init     usart.o
    0x08005bf4   0x08005bf4   0x00000044   Code   RO          559    i.MX_USART1_UART_Init  usart.o
    0x08005c38   0x08005c38   0x00000044   Code   RO          560    i.MX_USART2_UART_Init  usart.o
    0x08005c7c   0x08005c7c   0x00000044   Code   RO          561    i.MX_USART3_UART_Init  usart.o
    0x08005cc0   0x08005cc0   0x00000044   Code   RO          562    i.MX_USART6_UART_Init  usart.o
    0x08005d04   0x08005d04   0x000000a0   Code   RO         1879    i.MY_PeriodElapsedCallback  tim_control.o
    0x08005da4   0x08005da4   0x00000002   Code   RO          641    i.MemManage_Handler  stm32f7xx_it.o
    0x08005da6   0x08005da6   0x00000002   PAD
    0x08005da8   0x08005da8   0x00000038   Code   RO         1420    i.Motor_PID_Init    motor.o
    0x08005de0   0x08005de0   0x00000002   Code   RO          642    i.NMI_Handler       stm32f7xx_it.o
    0x08005de2   0x08005de2   0x00000036   Code   RO         1306    i.Openmv_Scan_Bar   general.o
    0x08005e18   0x08005e18   0x00000180   Code   RO         2202    i.QR_Scan           read_status_task.o
    0x08005f98   0x08005f98   0x000000e0   Code   RO         1155    i.QR_decode         qr_code.o
    0x08006078   0x08006078   0x00000038   Code   RO         1156    i.QR_receive        qr_code.o
    0x080060b0   0x080060b0   0x000001bc   Code   RO         2203    i.Read_Swicth       read_status_task.o
    0x0800626c   0x0800626c   0x00000020   Code   RO         2204    i.Return_AdverseID  read_status_task.o
    0x0800628c   0x0800628c   0x00000050   Code   RO         1220    i.Servo_RX_IRQ      servo.o
    0x080062dc   0x080062dc   0x00000040   Code   RO         1222    i.Servo_Uart_Send   servo.o
    0x0800631c   0x0800631c   0x0000000c   Code   RO         1223    i.Set_IFUP          servo.o
    0x08006328   0x08006328   0x00000004   Code   RO          929    i.Set_IMUStatus     atk_imu.o
    0x0800632c   0x0800632c   0x000000ac   Code   RO          930    i.Set_InitYaw       atk_imu.o
    0x080063d8   0x080063d8   0x00000014   Code   RO         1157    i.Set_QR_Status     qr_code.o
    0x080063ec   0x080063ec   0x00000020   Code   RO         1158    i.Set_QR_Target     qr_code.o
    0x0800640c   0x0800640c   0x00000114   Code   RO         1224    i.Single_Control    servo.o
    0x08006520   0x08006520   0x00000008   Code   RO          393    i.StartDefaultTask  freertos.o
    0x08006528   0x08006528   0x00000034   Code   RO         2208    i.Start_HeightUpdate  read_status_task.o
    0x0800655c   0x0800655c   0x00000048   Code   RO         2209    i.Start_Read_Switch  read_status_task.o
    0x080065a4   0x080065a4   0x00000020   Code   RO         2005    i.Startdebug        debug_task.o
    0x080065c4   0x080065c4   0x00000030   Code   RO         3859    i.SysTick_Handler   port.o
    0x080065f4   0x080065f4   0x000000c8   Code   RO            6    i.SystemClock_Config  main.o
    0x080066bc   0x080066bc   0x00000010   Code   RO         2625    i.SystemInit        system_stm32f7xx.o
    0x080066cc   0x080066cc   0x00000064   Code   RO         1525    i.T6_IRQHandler     time_cnt.o
    0x08006730   0x08006730   0x0000000c   Code   RO          643    i.TIM1_UP_TIM10_IRQHandler  stm32f7xx_it.o
    0x0800673c   0x0800673c   0x0000000c   Code   RO          644    i.TIM3_IRQHandler   stm32f7xx_it.o
    0x08006748   0x08006748   0x0000000c   Code   RO          645    i.TIM5_IRQHandler   stm32f7xx_it.o
    0x08006754   0x08006754   0x00000014   Code   RO          646    i.TIM6_DAC_IRQHandler  stm32f7xx_it.o
    0x08006768   0x08006768   0x0000000c   Code   RO          647    i.TIM7_IRQHandler   stm32f7xx_it.o
    0x08006774   0x08006774   0x000000cc   Code   RO         5715    i.TIM_Base_SetConfig  stm32f7xx_hal_tim.o
    0x08006840   0x08006840   0x0000001a   Code   RO         5716    i.TIM_CCxChannelCmd  stm32f7xx_hal_tim.o
    0x0800685a   0x0800685a   0x00000012   Code   RO         5726    i.TIM_ETR_SetConfig  stm32f7xx_hal_tim.o
    0x0800686c   0x0800686c   0x00000010   Code   RO         5727    i.TIM_ITRx_SetConfig  stm32f7xx_hal_tim.o
    0x0800687c   0x0800687c   0x00000074   Code   RO         5728    i.TIM_OC1_SetConfig  stm32f7xx_hal_tim.o
    0x080068f0   0x080068f0   0x00000078   Code   RO         5729    i.TIM_OC2_SetConfig  stm32f7xx_hal_tim.o
    0x08006968   0x08006968   0x00000078   Code   RO         5730    i.TIM_OC3_SetConfig  stm32f7xx_hal_tim.o
    0x080069e0   0x080069e0   0x00000058   Code   RO         5731    i.TIM_OC4_SetConfig  stm32f7xx_hal_tim.o
    0x08006a38   0x08006a38   0x00000058   Code   RO         5732    i.TIM_OC5_SetConfig  stm32f7xx_hal_tim.o
    0x08006a90   0x08006a90   0x00000058   Code   RO         5733    i.TIM_OC6_SetConfig  stm32f7xx_hal_tim.o
    0x08006ae8   0x08006ae8   0x00000022   Code   RO         5735    i.TIM_TI1_ConfigInputStage  stm32f7xx_hal_tim.o
    0x08006b0a   0x08006b0a   0x00000002   PAD
    0x08006b0c   0x08006b0c   0x00000080   Code   RO         5736    i.TIM_TI1_SetConfig  stm32f7xx_hal_tim.o
    0x08006b8c   0x08006b8c   0x00000024   Code   RO         5737    i.TIM_TI2_ConfigInputStage  stm32f7xx_hal_tim.o
    0x08006bb0   0x08006bb0   0x00000036   Code   RO         5738    i.TIM_TI2_SetConfig  stm32f7xx_hal_tim.o
    0x08006be6   0x08006be6   0x00000002   PAD
    0x08006be8   0x08006be8   0x00000090   Code   RO         1677    i.Track_RX_IRQ      track_bar_receive.o
    0x08006c78   0x08006c78   0x0000009c   Code   RO         1579    i.U1_IRQHandler     uart_handle.o
    0x08006d14   0x08006d14   0x00000014   Code   RO          648    i.UART4_IRQHandler  stm32f7xx_it.o
    0x08006d28   0x08006d28   0x00000014   Code   RO          649    i.UART5_IRQHandler  stm32f7xx_it.o
    0x08006d3c   0x08006d3c   0x000000c8   Code   RO         6658    i.UART_AdvFeatureConfig  stm32f7xx_hal_uart.o
    0x08006e04   0x08006e04   0x00000040   Code   RO         6659    i.UART_CheckIdleState  stm32f7xx_hal_uart.o
    0x08006e44   0x08006e44   0x00000014   Code   RO         6660    i.UART_DMAAbortOnError  stm32f7xx_hal_uart.o
    0x08006e58   0x08006e58   0x00000030   Code   RO         6670    i.UART_EndRxTransfer  stm32f7xx_hal_uart.o
    0x08006e88   0x08006e88   0x00000234   Code   RO         6674    i.UART_SetConfig    stm32f7xx_hal_uart.o
    0x080070bc   0x080070bc   0x000000a4   Code   RO         6679    i.UART_WaitOnFlagUntilTimeout  stm32f7xx_hal_uart.o
    0x08007160   0x08007160   0x00000014   Code   RO          650    i.USART1_IRQHandler  stm32f7xx_it.o
    0x08007174   0x08007174   0x00000014   Code   RO          651    i.USART2_IRQHandler  stm32f7xx_it.o
    0x08007188   0x08007188   0x00000014   Code   RO          652    i.USART3_IRQHandler  stm32f7xx_it.o
    0x0800719c   0x0800719c   0x00000014   Code   RO          653    i.USART6_IRQHandler  stm32f7xx_it.o
    0x080071b0   0x080071b0   0x0000008c   Code   RO            7    i.USER_Init         main.o
    0x0800723c   0x0800723c   0x00000002   Code   RO          654    i.UsageFault_Handler  stm32f7xx_it.o
    0x0800723e   0x0800723e   0x00000002   PAD
    0x08007240   0x08007240   0x000000ec   Code   RO         2210    i.Wait_Switches     read_status_task.o
    0x0800732c   0x0800732c   0x00000030   Code   RO         7324    i.__ARM_fpclassify  m_wm.l(fpclassify.o)
    0x0800735c   0x0800735c   0x00000022   Code   RO         3956    i.__NVIC_SetPriority  stm32f7xx_hal_cortex.o
    0x0800737e   0x0800737e   0x00000014   Code   RO         7191    i.__hardfp_fabs     m_wm.l(fabs.o)
    0x08007392   0x08007392   0x0000000e   Code   RO         7108    i._is_digit         c_w.l(__printf_wp.o)
    0x080073a0   0x080073a0   0x00000002   Code   RO         1580    i._sys_exit         uart_handle.o
    0x080073a2   0x080073a2   0x00000002   PAD
    0x080073a4   0x080073a4   0x00000050   Code   RO          931    i.angle_limit       atk_imu.o
    0x080073f4   0x080073f4   0x0000020c   Code   RO          932    i.atkpParsing       atk_imu.o
    0x08007600   0x08007600   0x0000008c   Code   RO         1829    i.avoid_callback    avoid_obs.o
    0x0800768c   0x0800768c   0x00000030   Code   RO         2147    i.avoid_keep        avoid_obs_func.o
    0x080076bc   0x080076bc   0x00000048   Code   RO         2148    i.avoid_task        avoid_obs_func.o
    0x08007704   0x08007704   0x00000418   Code   RO         1352    i.chassis_synthetic_control  chassis.o
    0x08007b1c   0x08007b1c   0x0000000c   Code   RO         2091    i.chassis_task      chassis_task.o
    0x08007b28   0x08007b28   0x00000178   Code   RO         1421    i.clear_motor_data  motor.o
    0x08007ca0   0x08007ca0   0x00000038   Code   RO         1029    i.cmd_encode        openmv.o
    0x08007cd8   0x08007cd8   0x00000014   Code   RO         1631    i.delay_init        delay.o
    0x08007cec   0x08007cec   0x00000054   Code   RO         1633    i.delay_us          delay.o
    0x08007d40   0x08007d40   0x0000008c   Code   RO         1920    i.direct_move       chassis_control.o
    0x08007dcc   0x08007dcc   0x00000038   Code   RO         1831    i.distance_convert  avoid_obs.o
    0x08007e04   0x08007e04   0x00000064   Code   RO         1581    i.fputc             uart_handle.o
    0x08007e68   0x08007e68   0x00000064   Code   RO         1422    i.get_motor_channelA_ptr  motor.o
    0x08007ecc   0x08007ecc   0x00000064   Code   RO         1423    i.get_motor_channelB_ptr  motor.o
    0x08007f30   0x08007f30   0x0000000c   Code   RO         1766    i.get_turn_status   imu_pid.o
    0x08007f3c   0x08007f3c   0x0000000c   Code   RO         2006    i.if_OsRunning      debug_task.o
    0x08007f48   0x08007f48   0x00000094   Code   RO          934    i.imu901_unpack     atk_imu.o
    0x08007fdc   0x08007fdc   0x000000a4   Code   RO         1767    i.imu_correct_val   imu_pid.o
    0x08008080   0x08008080   0x0000004e   Code   RO            8    i.main              main.o
    0x080080ce   0x080080ce   0x0000000e   Code   RO         3430    i.makeFreeRtosPriority  cmsis_os.o
    0x080080dc   0x080080dc   0x0000015c   Code   RO         1425    i.motor_init        motor.o
    0x08008238   0x08008238   0x00000070   Code   RO         1923    i.move_by_encoder   chassis_control.o
    0x080082a8   0x080082a8   0x0000005e   Code   RO         1924    i.move_slantly      chassis_control.o
    0x08008306   0x08008306   0x0000000e   Code   RO         3432    i.osDelay           cmsis_os.o
    0x08008314   0x08008314   0x0000000a   Code   RO         3435    i.osKernelStart     cmsis_os.o
    0x0800831e   0x0800831e   0x00000054   Code   RO         3469    i.osThreadCreate    cmsis_os.o
    0x08008372   0x08008372   0x00000002   PAD
    0x08008374   0x08008374   0x00000020   Code   RO         2427    i.pid_clear         pid.o
    0x08008394   0x08008394   0x00000130   Code   RO         2428    i.pid_control       pid.o
    0x080084c4   0x080084c4   0x000000aa   Code   RO         2429    i.pos_pid_cal       pid.o
    0x0800856e   0x0800856e   0x00000002   PAD
    0x08008570   0x08008570   0x00000018   Code   RO         1582    i.printf_init       uart_handle.o
    0x08008588   0x08008588   0x00000070   Code   RO         3118    i.prvAddCurrentTaskToDelayedList  tasks.o
    0x080085f8   0x080085f8   0x000000d0   Code   RO         3119    i.prvAddNewTaskToReadyList  tasks.o
    0x080086c8   0x080086c8   0x00000026   Code   RO         2803    i.prvCopyDataFromQueue  queue.o
    0x080086ee   0x080086ee   0x0000006c   Code   RO         2804    i.prvCopyDataToQueue  queue.o
    0x0800875a   0x0800875a   0x00000038   Code   RO         3120    i.prvDeleteTCB      tasks.o
    0x08008792   0x08008792   0x00000002   PAD
    0x08008794   0x08008794   0x00000050   Code   RO         3797    i.prvHeapInit       heap_4.o
    0x080087e4   0x080087e4   0x00000060   Code   RO         3121    i.prvIdleTask       tasks.o
    0x08008844   0x08008844   0x00000016   Code   RO         2806    i.prvInitialiseNewQueue  queue.o
    0x0800885a   0x0800885a   0x0000009e   Code   RO         3122    i.prvInitialiseNewTask  tasks.o
    0x080088f8   0x080088f8   0x0000004c   Code   RO         3798    i.prvInsertBlockIntoFreeList  heap_4.o
    0x08008944   0x08008944   0x00000020   Code   RO         3123    i.prvResetNextTaskUnblockTime  tasks.o
    0x08008964   0x08008964   0x00000030   Code   RO         3860    i.prvTaskExitError  port.o
    0x08008994   0x08008994   0x0000006a   Code   RO         2808    i.prvUnlockQueue    queue.o
    0x080089fe   0x080089fe   0x00000002   PAD
    0x08008a00   0x08008a00   0x000000e4   Code   RO         3799    i.pvPortMalloc      heap_4.o
    0x08008ae4   0x08008ae4   0x00000030   Code   RO         3861    i.pxPortInitialiseStack  port.o
    0x08008b14   0x08008b14   0x00000024   Code   RO         1426    i.read_encoder      motor.o
    0x08008b38   0x08008b38   0x0000000c   Code   RO         1354    i.set_chassis_status  chassis.o
    0x08008b44   0x08008b44   0x00000068   Code   RO         1769    i.set_imu_param     imu_pid.o
    0x08008bac   0x08008bac   0x00000010   Code   RO         1770    i.set_imu_status    imu_pid.o
    0x08008bbc   0x08008bbc   0x0000005c   Code   RO         1429    i.set_motor         motor.o
    0x08008c18   0x08008c18   0x00000030   Code   RO         1355    i.set_speed         chassis.o
    0x08008c48   0x08008c48   0x00000064   Code   RO         1680    i.track_bar_init    track_bar_receive.o
    0x08008cac   0x08008cac   0x00000230   Code   RO         1681    i.track_decode      track_bar_receive.o
    0x08008edc   0x08008edc   0x00000020   Code   RO         1682    i.track_pid_cal     track_bar_receive.o
    0x08008efc   0x08008efc   0x00000018   Code   RO         2115    i.track_scan        track_task.o
    0x08008f14   0x08008f14   0x0000003c   Code   RO         1683    i.track_status      track_bar_receive.o
    0x08008f50   0x08008f50   0x000000b8   Code   RO         1771    i.turn_angle        imu_pid.o
    0x08009008   0x08009008   0x00000094   Code   RO         2570    i.usmart_cmd_rec    usmart.o
    0x0800909c   0x0800909c   0x0000025c   Code   RO         2571    i.usmart_exe        usmart.o
    0x080092f8   0x080092f8   0x000000a6   Code   RO         2491    i.usmart_get_aparm  usmart_str.o
    0x0800939e   0x0800939e   0x0000002e   Code   RO         2492    i.usmart_get_cmdname  usmart_str.o
    0x080093cc   0x080093cc   0x00000174   Code   RO         2493    i.usmart_get_fname  usmart_str.o
    0x08009540   0x08009540   0x000000e4   Code   RO         2494    i.usmart_get_fparam  usmart_str.o
    0x08009624   0x08009624   0x00000024   Code   RO         2495    i.usmart_get_parmpos  usmart_str.o
    0x08009648   0x08009648   0x0000000c   Code   RO         2572    i.usmart_init       usmart.o
    0x08009654   0x08009654   0x00000010   Code   RO         2496    i.usmart_pow        usmart_str.o
    0x08009664   0x08009664   0x000000a4   Code   RO         2573    i.usmart_scan       usmart.o
    0x08009708   0x08009708   0x00000010   Code   RO         2497    i.usmart_search_nextc  usmart_str.o
    0x08009718   0x08009718   0x000000d8   Code   RO         2498    i.usmart_str2num    usmart_str.o
    0x080097f0   0x080097f0   0x00000018   Code   RO         2499    i.usmart_strcmp     usmart_str.o
    0x08009808   0x08009808   0x00000012   Code   RO         2500    i.usmart_strcopy    usmart_str.o
    0x0800981a   0x0800981a   0x00000012   Code   RO         2501    i.usmart_strlen     usmart_str.o
    0x0800982c   0x0800982c   0x000002a0   Code   RO         2574    i.usmart_sys_cmd_exe  usmart.o
    0x08009acc   0x08009acc   0x00000014   Code   RO         2067    i.usmartscan        usmart_task.o
    0x08009ae0   0x08009ae0   0x00000026   Code   RO         2763    i.uxListRemove      list.o
    0x08009b06   0x08009b06   0x00000002   PAD
    0x08009b08   0x08009b08   0x00000018   Code   RO          398    i.vApplicationGetIdleTaskMemory  freertos.o
    0x08009b20   0x08009b20   0x00000016   Code   RO         2764    i.vListInitialise   list.o
    0x08009b36   0x08009b36   0x00000006   Code   RO         2765    i.vListInitialiseItem  list.o
    0x08009b3c   0x08009b3c   0x00000030   Code   RO         2766    i.vListInsert       list.o
    0x08009b6c   0x08009b6c   0x00000018   Code   RO         2767    i.vListInsertEnd    list.o
    0x08009b84   0x08009b84   0x00000048   Code   RO         3863    i.vPortEnterCritical  port.o
    0x08009bcc   0x08009bcc   0x0000002c   Code   RO         3864    i.vPortExitCritical  port.o
    0x08009bf8   0x08009bf8   0x00000064   Code   RO         3800    i.vPortFree         heap_4.o
    0x08009c5c   0x08009c5c   0x00000024   Code   RO         3865    i.vPortSetupTimerInterrupt  port.o
    0x08009c80   0x08009c80   0x0000005c   Code   RO         3866    i.vPortValidateInterruptPriority  port.o
    0x08009cdc   0x08009cdc   0x00000050   Code   RO         3131    i.vTaskDelay        tasks.o
    0x08009d2c   0x08009d2c   0x000000b0   Code   RO         3133    i.vTaskDelete       tasks.o
    0x08009ddc   0x08009ddc   0x00000010   Code   RO         3135    i.vTaskInternalSetTimeOutState  tasks.o
    0x08009dec   0x08009dec   0x0000000c   Code   RO         3136    i.vTaskMissedYield  tasks.o
    0x08009df8   0x08009df8   0x00000034   Code   RO         3138    i.vTaskPlaceOnEventList  tasks.o
    0x08009e2c   0x08009e2c   0x00000070   Code   RO         3145    i.vTaskStartScheduler  tasks.o
    0x08009e9c   0x08009e9c   0x00000010   Code   RO         3147    i.vTaskSuspendAll   tasks.o
    0x08009eac   0x08009eac   0x00000060   Code   RO         3148    i.vTaskSwitchContext  tasks.o
    0x08009f0c   0x08009f0c   0x00000018   Code   RO         1357    i.w_speed_set       chassis.o
    0x08009f24   0x08009f24   0x000000c0   Code   RO         3867    i.xPortStartScheduler  port.o
    0x08009fe4   0x08009fe4   0x0000004c   Code   RO         2817    i.xQueueGenericCreate  queue.o
    0x0800a030   0x0800a030   0x00000098   Code   RO         2819    i.xQueueGenericReset  queue.o
    0x0800a0c8   0x0800a0c8   0x00000170   Code   RO         2820    i.xQueueGenericSend  queue.o
    0x0800a238   0x0800a238   0x000000cc   Code   RO         2821    i.xQueueGenericSendFromISR  queue.o
    0x0800a304   0x0800a304   0x000000a8   Code   RO         2828    i.xQueueReceiveFromISR  queue.o
    0x0800a3ac   0x0800a3ac   0x00000080   Code   RO         3149    i.xTaskCheckForTimeOut  tasks.o
    0x0800a42c   0x0800a42c   0x0000005a   Code   RO         3150    i.xTaskCreate       tasks.o
    0x0800a486   0x0800a486   0x0000005e   Code   RO         3151    i.xTaskCreateStatic  tasks.o
    0x0800a4e4   0x0800a4e4   0x0000001c   Code   RO         3155    i.xTaskGetSchedulerState  tasks.o
    0x0800a500   0x0800a500   0x000000cc   Code   RO         3158    i.xTaskIncrementTick  tasks.o
    0x0800a5cc   0x0800a5cc   0x000000a8   Code   RO         3161    i.xTaskPriorityDisinherit  tasks.o
    0x0800a674   0x0800a674   0x00000078   Code   RO         3163    i.xTaskRemoveFromEventList  tasks.o
    0x0800a6ec   0x0800a6ec   0x000000c8   Code   RO         3164    i.xTaskResumeAll    tasks.o
    0x0800a7b4   0x0800a7b4   0x0000002c   Code   RO         7320    locale$$code        c_w.l(lc_numeric_c.o)
    0x0800a7e0   0x0800a7e0   0x00000018   Code   RO         7141    x$fpl$basic         fz_wm.l(basic.o)
    0x0800a7f8   0x0800a7f8   0x00000062   Code   RO         7143    x$fpl$d2f           fz_wm.l(d2f.o)
    0x0800a85a   0x0800a85a   0x00000002   PAD
    0x0800a85c   0x0800a85c   0x00000150   Code   RO         7145    x$fpl$dadd          fz_wm.l(daddsub_clz.o)
    0x0800a9ac   0x0800a9ac   0x00000018   Code   RO         7227    x$fpl$dcmpinf       fz_wm.l(dcmpi.o)
    0x0800a9c4   0x0800a9c4   0x000002b0   Code   RO         7152    x$fpl$ddiv          fz_wm.l(ddiv.o)
    0x0800ac74   0x0800ac74   0x0000005e   Code   RO         7155    x$fpl$dfix          fz_wm.l(dfix.o)
    0x0800acd2   0x0800acd2   0x00000002   PAD
    0x0800acd4   0x0800acd4   0x0000005a   Code   RO         7159    x$fpl$dfixu         fz_wm.l(dfixu.o)
    0x0800ad2e   0x0800ad2e   0x0000002e   Code   RO         7164    x$fpl$dflt          fz_wm.l(dflt_clz.o)
    0x0800ad5c   0x0800ad5c   0x00000026   Code   RO         7163    x$fpl$dfltu         fz_wm.l(dflt_clz.o)
    0x0800ad82   0x0800ad82   0x00000002   PAD
    0x0800ad84   0x0800ad84   0x00000078   Code   RO         7169    x$fpl$dleqf         fz_wm.l(dleqf.o)
    0x0800adfc   0x0800adfc   0x00000154   Code   RO         7171    x$fpl$dmul          fz_wm.l(dmul.o)
    0x0800af50   0x0800af50   0x0000009c   Code   RO         7229    x$fpl$dnaninf       fz_wm.l(dnaninf.o)
    0x0800afec   0x0800afec   0x0000000c   Code   RO         7231    x$fpl$dretinf       fz_wm.l(dretinf.o)
    0x0800aff8   0x0800aff8   0x0000006c   Code   RO         7173    x$fpl$drleqf        fz_wm.l(drleqf.o)
    0x0800b064   0x0800b064   0x00000016   Code   RO         7146    x$fpl$drsb          fz_wm.l(daddsub_clz.o)
    0x0800b07a   0x0800b07a   0x00000002   PAD
    0x0800b07c   0x0800b07c   0x000001d4   Code   RO         7147    x$fpl$dsub          fz_wm.l(daddsub_clz.o)
    0x0800b250   0x0800b250   0x00000056   Code   RO         7175    x$fpl$f2d           fz_wm.l(f2d.o)
    0x0800b2a6   0x0800b2a6   0x0000008c   Code   RO         7233    x$fpl$fnaninf       fz_wm.l(fnaninf.o)
    0x0800b332   0x0800b332   0x0000000a   Code   RO         7402    x$fpl$fpinit        fz_wm.l(fpinit.o)
    0x0800b33c   0x0800b33c   0x0000000a   Code   RO         7235    x$fpl$fretinf       fz_wm.l(fretinf.o)
    0x0800b346   0x0800b346   0x00000004   Code   RO         7177    x$fpl$printf1       fz_wm.l(printf1.o)
    0x0800b34a   0x0800b34a   0x00000000   Code   RO         7237    x$fpl$usenofp       fz_wm.l(usenofp.o)
    0x0800b34a   0x0800b34a   0x00000002   PAD
    0x0800b34c   0x0800b34c   0x0000008c   Data   RO          400    .constdata          freertos.o
    0x0800b3d8   0x0800b3d8   0x0000000c   Data   RO          937    .constdata          atk_imu.o
    0x0800b3e4   0x0800b3e4   0x00000038   Data   RO         1926    .constdata          chassis_control.o
    0x0800b41c   0x0800b41c   0x0000001c   Data   RO         2150    .constdata          avoid_obs_func.o
    0x0800b438   0x0800b438   0x00000038   Data   RO         2212    .constdata          read_status_task.o
    0x0800b470   0x0800b470   0x00000010   Data   RO         2626    .constdata          system_stm32f7xx.o
    0x0800b480   0x0800b480   0x00000008   Data   RO         2627    .constdata          system_stm32f7xx.o
    0x0800b488   0x0800b488   0x00000028   Data   RO         7081    .constdata          c_w.l(_printf_hex_int.o)
    0x0800b4b0   0x0800b4b0   0x00000011   Data   RO         7116    .constdata          c_w.l(__printf_flags_ss_wp.o)
    0x0800b4c1   0x0800b4c1   0x00000003   PAD
    0x0800b4c4   0x0800b4c4   0x00000094   Data   RO         7291    .constdata          c_w.l(bigflt0.o)
    0x0800b558   0x0800b558   0x00000038   Data   RO          401    .conststring        freertos.o
    0x0800b590   0x0800b590   0x00000016   Data   RO         1927    .conststring        chassis_control.o
    0x0800b5a6   0x0800b5a6   0x00000002   PAD
    0x0800b5a8   0x0800b5a8   0x0000000a   Data   RO         2151    .conststring        avoid_obs_func.o
    0x0800b5b2   0x0800b5b2   0x00000002   PAD
    0x0800b5b4   0x0800b5b4   0x00000024   Data   RO         2213    .conststring        read_status_task.o
    0x0800b5d8   0x0800b5d8   0x0000038f   Data   RO         2462    .conststring        usmart_config.o
    0x0800b967   0x0800b967   0x00000001   PAD
    0x0800b968   0x0800b968   0x00000078   Data   RO         2576    .conststring        usmart.o
    0x0800b9e0   0x0800b9e0   0x00000020   Data   RO         7469    Region$$Table       anon$$obj.o
    0x0800ba00   0x0800ba00   0x0000001c   Data   RO         7319    locale$$data        c_w.l(lc_numeric_c.o)


    Execution Region RW_IRAM1 (Exec base: 0x20000000, Load base: 0x0800ba1c, Size: 0x000056e8, Max: 0x00050000, ABSOLUTE, COMPRESSED[0x00000144])

    Exec Addr    Load Addr    Size         Type   Attr      Idx    E Section Name        Object

    0x20000000   COMPRESSED   0x00000014   Data   RW          402    .data               freertos.o
    0x20000014   COMPRESSED   0x00000028   Data   RW          938    .data               atk_imu.o
    0x2000003c   COMPRESSED   0x00000034   Data   RW         1031    .data               openmv.o
    0x20000070   COMPRESSED   0x0000002c   Data   RW         1159    .data               qr_code.o
    0x2000009c   COMPRESSED   0x00000084   Data   RW         1225    .data               servo.o
    0x20000120   COMPRESSED   0x0000005c   Data   RW         1359    .data               chassis.o
    0x2000017c   COMPRESSED   0x00000020   Data   RW         1434    .data               motor.o
    0x2000019c   COMPRESSED   0x00000010   Data   RW         1527    .data               time_cnt.o
    0x200001ac   COMPRESSED   0x00000008   Data   RW         1584    .data               uart_handle.o
    0x200001b4   COMPRESSED   0x00000004   Data   RW         1586    .data               uart_handle.o
    0x200001b8   COMPRESSED   0x00000040   Data   RW         1685    .data               track_bar_receive.o
    0x200001f8   COMPRESSED   0x00000020   Data   RW         1774    .data               imu_pid.o
    0x20000218   COMPRESSED   0x00000006   Data   RW         1834    .data               avoid_obs.o
    0x2000021e   COMPRESSED   0x00000002   PAD
    0x20000220   COMPRESSED   0x00000018   Data   RW         1881    .data               tim_control.o
    0x20000238   COMPRESSED   0x00000048   Data   RW         1928    .data               chassis_control.o
    0x20000280   COMPRESSED   0x00000004   Data   RW         2007    .data               debug_task.o
    0x20000284   COMPRESSED   0x00000008   Data   RW         2152    .data               avoid_obs_func.o
    0x2000028c   COMPRESSED   0x00000020   Data   RW         2215    .data               read_status_task.o
    0x200002ac   COMPRESSED   0x000000a8   Data   RW         2463    .data               usmart_config.o
    0x20000354   COMPRESSED   0x000000f4   Data   RW         2464    .data               usmart_config.o
    0x20000448   COMPRESSED   0x0000001c   Data   RW         2577    .data               usmart.o
    0x20000464   COMPRESSED   0x00000004   Data   RW         2628    .data               system_stm32f7xx.o
    0x20000468   COMPRESSED   0x0000003c   Data   RW         3167    .data               tasks.o
    0x200004a4   COMPRESSED   0x00000018   Data   RW         3805    .data               heap_4.o
    0x200004bc   COMPRESSED   0x0000000c   Data   RW         3868    .data               port.o
    0x200004c8   COMPRESSED   0x0000000c   Data   RW         4875    .data               stm32f7xx_hal.o
    0x200004d4        -       0x00000254   Zero   RW          399    .bss                freertos.o
    0x20000728        -       0x0000017c   Zero   RW          479    .bss                tim.o
    0x200008a4        -       0x00000420   Zero   RW          563    .bss                usart.o
    0x20000cc4        -       0x0000004c   Zero   RW          889    .bss                stm32f7xx_hal_timebase_tim.o
    0x20000d10        -       0x00000061   Zero   RW          935    .bss                atk_imu.o
    0x20000d71   COMPRESSED   0x00000007   PAD
    0x20000d78        -       0x00000048   Zero   RW         1358    .bss                chassis.o
    0x20000dc0        -       0x000001c0   Zero   RW         1433    .bss                motor.o
    0x20000f80        -       0x0000004c   Zero   RW         1526    .bss                time_cnt.o
    0x20000fcc        -       0x000000c8   Zero   RW         1583    .bss                uart_handle.o
    0x20001094        -       0x0000000c   Zero   RW         1634    .bss                delay.o
    0x200010a0        -       0x00000198   Zero   RW         1684    .bss                track_bar_receive.o
    0x20001238        -       0x0000003c   Zero   RW         1772    .bss                imu_pid.o
    0x20001274        -       0x00000024   Zero   RW         1833    .bss                avoid_obs.o
    0x20001298        -       0x000000d0   Zero   RW         1880    .bss                tim_control.o
    0x20001368        -       0x0000000c   Zero   RW         1925    .bss                chassis_control.o
    0x20001374        -       0x00000024   Zero   RW         2211    .bss                read_status_task.o
    0x20001398        -       0x000000f0   Zero   RW         3166    .bss                tasks.o
    0x20001488        -       0x00003c00   Zero   RW         3804    .bss                heap_4.o
    0x20005088        -       0x00000060   Zero   RW         7327    .bss                c_w.l(libspace.o)
    0x200050e8        -       0x00000200   Zero   RW         7053    HEAP                startup_stm32f750xx.o
    0x200052e8        -       0x00000400   Zero   RW         7052    STACK               startup_stm32f750xx.o


==============================================================================

Image component sizes


      Code (inc. data)   RO Data    RW Data    ZI Data      Debug   Object Name

      1024         80         12         40         97      11958   atk_imu.o
       196         40          0          6         36       1432   avoid_obs.o
       120         18         38          8          0       1837   avoid_obs_func.o
      1132        148          0         92         72       4354   chassis.o
      1982        118         78         72         12       7032   chassis_control.o
        12          0          0          0          0        471   chassis_task.o
       122          0          0          0          0      22997   cmsis_os.o
       378         12          0          4          0       3292   debug_task.o
       104         10          0          0         12       2071   delay.o
         0          0          0          0          0      18796   event_groups.o
       160         16        196         20        596       7239   freertos.o
        54          0          0          0          0        634   general.o
       312         26          0          0          0     833099   gpio.o
       484         24          0         24      15360       7291   heap_4.o
       480        106          0         32         60       3281   imu_pid.o
       138          0          0          0          0       3470   list.o
       454         38          0          0          0     863905   main.o
      1108         88          0         32        448       6363   motor.o
       488         36          0         52          0       6514   openmv.o
       506         22          0          0          0       3144   pid.o
       774         80          0         12          0      11769   port.o
       332         22          0         44          0       2840   qr_code.o
      1242         10          0          0          0      14721   queue.o
      3106        136         92         32         36      14789   read_status_task.o
       724        128          0        132          0       6968   servo.o
        64         26        456          0       1536        796   startup_stm32f750xx.o
        86         14          0         12          0       8242   stm32f7xx_hal.o
       160         12          0          0          0      38126   stm32f7xx_hal_cortex.o
       182          0          0          0          0       2083   stm32f7xx_hal_dma.o
       518         58          0          0          0       4315   stm32f7xx_hal_gpio.o
        56          4          0          0          0        806   stm32f7xx_hal_msp.o
       108          8          0          0          0       1240   stm32f7xx_hal_pwr_ex.o
      1432         76          0          0          0       5781   stm32f7xx_hal_rcc.o
      1276         16          0          0          0       2260   stm32f7xx_hal_rcc_ex.o
      3480        290          0          0          0      23389   stm32f7xx_hal_tim.o
       330         40          0          0          0       3920   stm32f7xx_hal_tim_ex.o
       116         16          0          0         76       1359   stm32f7xx_hal_timebase_tim.o
      1896         76          0          0          0      10459   stm32f7xx_hal_uart.o
       218         52          0          0          0      42242   stm32f7xx_it.o
        16          4         24          4          0       1059   system_stm32f7xx.o
      2254        162          0         60        240      25868   tasks.o
      1300         98          0          0        380       6121   tim.o
      2140         96          0         24        208       3390   tim_control.o
       256         34          0         16         76       2812   time_cnt.o
       972         76          0         64        408       7981   track_bar_receive.o
        24          4          0          0          0        473   track_task.o
       282         34          0         12        200       4217   uart_handle.o
      1244        132          0          0       1056       6397   usart.o
      1600        446        120         28          0       4522   usmart.o
         0          0        911        412          0       1780   usmart_config.o
      1156         22          0          0          0       9179   usmart_str.o
        20          6          0          0          0        465   usmart_task.o

    ----------------------------------------------------------------------
     36670       2960       1964       1236      20916    2079549   Object Totals
         0          0         32          0          0          0   (incl. Generated)
        52          0          5          2          7          0   (incl. Padding)

    ----------------------------------------------------------------------

      Code (inc. data)   RO Data    RW Data    ZI Data      Debug   Library Member Name

        90          0          0          0          0          0   __dczerorl2.o
         8          0          0          0          0         68   __main.o
       392          4         17          0          0         92   __printf_flags_ss_wp.o
        14          0          0          0          0         68   __printf_wp.o
         0          0          0          0          0          0   __rtentry.o
        12          0          0          0          0          0   __rtentry2.o
         6          0          0          0          0          0   __rtentry4.o
        52          8          0          0          0          0   __scatter.o
        28          0          0          0          0          0   __scatter_zi.o
         6          0          0          0          0          0   _printf_c.o
        44          0          0          0          0        108   _printf_char.o
        48          6          0          0          0         96   _printf_char_common.o
        36          4          0          0          0         80   _printf_char_file.o
         6          0          0          0          0          0   _printf_d.o
       120         16          0          0          0         92   _printf_dec.o
         6          0          0          0          0          0   _printf_f.o
      1054          0          0          0          0        216   _printf_fp_dec.o
       128         16          0          0          0         84   _printf_fp_infnan.o
        88          4         40          0          0         88   _printf_hex_int.o
       178          0          0          0          0         88   _printf_intcommon.o
        78          0          0          0          0        108   _printf_pad.o
         0          0          0          0          0          0   _printf_percent.o
         4          0          0          0          0          0   _printf_percent_end.o
         6          0          0          0          0          0   _printf_s.o
        82          0          0          0          0         80   _printf_str.o
         6          0          0          0          0          0   _printf_u.o
         6          0          0          0          0          0   _printf_x.o
        16          0          0          0          0         68   aeabi_memset.o
       228          4        148          0          0         96   bigflt0.o
      1936        128          0          0          0        672   btod.o
        18          0          0          0          0         80   exit.o
         8          0          0          0          0         68   ferror.o
         6          0          0          0          0        152   heapauxi.o
        44         10         28          0          0         76   lc_numeric_c.o
         2          0          0          0          0          0   libinit.o
        22          0          0          0          0          0   libinit2.o
         2          0          0          0          0          0   libshutdown.o
         2          0          0          0          0          0   libshutdown2.o
         8          4          0          0         96         68   libspace.o
       138          0          0          0          0         80   lludiv10.o
       238          0          0          0          0        100   lludivv7m.o
        24          4          0          0          0         84   noretval__2printf.o
         8          4          0          0          0         68   rt_locale_intlibspace.o
        68          0          0          0          0         68   rt_memclr.o
        78          0          0          0          0         80   rt_memclr_w.o
       138          0          0          0          0         68   rt_memcpy_v6.o
       100          0          0          0          0         80   rt_memcpy_w.o
         2          0          0          0          0          0   rtexit.o
        10          0          0          0          0          0   rtexit2.o
       104          0          0          0          0         68   strcmpv7m_pel.o
        74          0          0          0          0         80   sys_stackheap_outer.o
         2          0          0          0          0         68   use_no_semi.o
         2          0          0          0          0         68   use_no_semi_2.o
        24          0          0          0          0        164   basic.o
        98          4          0          0          0        140   d2f.o
       826         16          0          0          0        492   daddsub_clz.o
        24          0          0          0          0        116   dcmpi.o
       688        140          0          0          0        256   ddiv.o
        94          4          0          0          0        140   dfix.o
        90          4          0          0          0        140   dfixu.o
        84          0          0          0          0        232   dflt_clz.o
       120          4          0          0          0        140   dleqf.o
       340         12          0          0          0        152   dmul.o
       156          4          0          0          0        140   dnaninf.o
        12          0          0          0          0        116   dretinf.o
       108          0          0          0          0        128   drleqf.o
        86          4          0          0          0        132   f2d.o
       140          4          0          0          0        132   fnaninf.o
        10          0          0          0          0        116   fpinit.o
        10          0          0          0          0        116   fretinf.o
         4          0          0          0          0        116   printf1.o
         0          0          0          0          0          0   usenofp.o
        20          0          0          0          0        124   fabs.o
        48          0          0          0          0        124   fpclassify.o

    ----------------------------------------------------------------------
      8774        408        236          0         96       6676   Library Totals
        16          0          3          0          0          0   (incl. Padding)

    ----------------------------------------------------------------------

      Code (inc. data)   RO Data    RW Data    ZI Data      Debug   Library Name

      5776        212        233          0         96       3460   c_w.l
      2914        196          0          0          0       2968   fz_wm.l
        68          0          0          0          0        248   m_wm.l

    ----------------------------------------------------------------------
      8774        408        236          0         96       6676   Library Totals

    ----------------------------------------------------------------------

==============================================================================


      Code (inc. data)   RO Data    RW Data    ZI Data      Debug   

     45444       3368       2200       1236      21012    2054301   Grand Totals
     45444       3368       2200        324      21012    2054301   ELF Image Totals (compressed)
     45444       3368       2200        324          0          0   ROM Totals

==============================================================================

    Total RO  Size (Code + RO Data)                47644 (  46.53kB)
    Total RW  Size (RW Data + ZI Data)             22248 (  21.73kB)
    Total ROM Size (Code + RO Data + RW Data)      47968 (  46.84kB)

==============================================================================

